<!doctype html public "-//w3c//dtd html 4.0 transitional//en">
<html><head>
<title>Static Call Graph - [.\Objects\Furbo.axf]</title></head>
<body><HR>
<H1>Static Call Graph for image .\Objects\Furbo.axf</H1><HR>
<BR><P>#&#060CALLGRAPH&#062# ARM Linker, 6140002: Last Updated: Fri Aug 28 15:56:28 2020
<BR><P>
<H3>Maximum Stack Usage =        152 bytes + Unknown(Cycles, Untraceable Function Pointers)</H3><H3>
Call chain for Maximum Stack Depth:</H3>
UART0_IRQHandler &rArr; __2printf &rArr; _printf_char_file &rArr; _printf_char_common &rArr; __printf
<P>
<H3>
Mutually Recursive functions
</H3> <LI><a href="#[1]">NMI_Handler</a>&nbsp;&nbsp;&nbsp;&rArr;&nbsp;&nbsp;&nbsp;<a href="#[1]">NMI_Handler</a><BR>
 <LI><a href="#[5]">SVC_Handler</a>&nbsp;&nbsp;&nbsp;&rArr;&nbsp;&nbsp;&nbsp;<a href="#[5]">SVC_Handler</a><BR>
 <LI><a href="#[6]">PendSV_Handler</a>&nbsp;&nbsp;&nbsp;&rArr;&nbsp;&nbsp;&nbsp;<a href="#[6]">PendSV_Handler</a><BR>
 <LI><a href="#[7]">SysTick_Handler</a>&nbsp;&nbsp;&nbsp;&rArr;&nbsp;&nbsp;&nbsp;<a href="#[7]">SysTick_Handler</a><BR>
 <LI><a href="#[33]">ACMP01_IRQHandler</a>&nbsp;&nbsp;&nbsp;&rArr;&nbsp;&nbsp;&nbsp;<a href="#[33]">ACMP01_IRQHandler</a><BR>
</UL>
<P>
<H3>
Function Pointers
</H3><UL>
 <LI><a href="#[33]">ACMP01_IRQHandler</a> from startup_m251.o(.text) referenced from startup_m251.o(RESET)
 <LI><a href="#[8]">BOD_IRQHandler</a> from startup_m251.o(.text) referenced from startup_m251.o(RESET)
 <LI><a href="#[34]">BPWM0_IRQHandler</a> from startup_m251.o(.text) referenced from startup_m251.o(RESET)
 <LI><a href="#[3b]">BPWM1_IRQHandler</a> from startup_m251.o(.text) referenced from startup_m251.o(RESET)
 <LI><a href="#[1f]">BRAKE0_IRQHandler</a> from startup_m251.o(.text) referenced from startup_m251.o(RESET)
 <LI><a href="#[23]">BRAKE1_IRQHandler</a> from startup_m251.o(.text) referenced from startup_m251.o(RESET)
 <LI><a href="#[c]">CLKFAIL_IRQHandler</a> from startup_m251.o(.text) referenced from startup_m251.o(RESET)
 <LI><a href="#[30]">DAC_IRQHandler</a> from startup_m251.o(.text) referenced from startup_m251.o(RESET)
 <LI><a href="#[b]">DEFAULT_IRQHandler</a> from startup_m251.o(.text) referenced 9 times from startup_m251.o(RESET)
 <LI><a href="#[31]">EADC_INT0_IRQHandler</a> from startup_m251.o(.text) referenced from startup_m251.o(RESET)
 <LI><a href="#[32]">EADC_INT1_IRQHandler</a> from startup_m251.o(.text) referenced from startup_m251.o(RESET)
 <LI><a href="#[35]">EADC_INT2_IRQHandler</a> from startup_m251.o(.text) referenced from startup_m251.o(RESET)
 <LI><a href="#[36]">EADC_INT3_IRQHandler</a> from startup_m251.o(.text) referenced from startup_m251.o(RESET)
 <LI><a href="#[11]">EINT0_IRQHandler</a> from startup_m251.o(.text) referenced from startup_m251.o(RESET)
 <LI><a href="#[12]">EINT1_IRQHandler</a> from startup_m251.o(.text) referenced from startup_m251.o(RESET)
 <LI><a href="#[13]">EINT2_IRQHandler</a> from startup_m251.o(.text) referenced from startup_m251.o(RESET)
 <LI><a href="#[14]">EINT3_IRQHandler</a> from startup_m251.o(.text) referenced from startup_m251.o(RESET)
 <LI><a href="#[15]">EINT4_IRQHandler</a> from startup_m251.o(.text) referenced from startup_m251.o(RESET)
 <LI><a href="#[16]">EINT5_IRQHandler</a> from startup_m251.o(.text) referenced from startup_m251.o(RESET)
 <LI><a href="#[17]">GPA_IRQHandler</a> from startup_m251.o(.text) referenced from startup_m251.o(RESET)
 <LI><a href="#[18]">GPB_IRQHandler</a> from startup_m251.o(.text) referenced from startup_m251.o(RESET)
 <LI><a href="#[19]">GPC_IRQHandler</a> from startup_m251.o(.text) referenced from startup_m251.o(RESET)
 <LI><a href="#[1a]">GPD_IRQHandler</a> from startup_m251.o(.text) referenced from startup_m251.o(RESET)
 <LI><a href="#[1b]">GPE_IRQHandler</a> from startup_m251.o(.text) referenced from startup_m251.o(RESET)
 <LI><a href="#[1c]">GPF_IRQHandler</a> from startup_m251.o(.text) referenced from startup_m251.o(RESET)
 <LI><a href="#[4]">GetChar</a> from retarget.o(.text) referenced from startup_m251.o(RESET)
 <LI><a href="#[2]">HardFault_Handler</a> from startup_m251.o(.text) referenced from startup_m251.o(RESET)
 <LI><a href="#[2d]">I2C0_IRQHandler</a> from startup_m251.o(.text) referenced from startup_m251.o(RESET)
 <LI><a href="#[2e]">I2C1_IRQHandler</a> from startup_m251.o(.text) referenced from startup_m251.o(RESET)
 <LI><a href="#[9]">IRCTRIM_IRQHandler</a> from startup_m251.o(.text) referenced from startup_m251.o(RESET)
 <LI><a href="#[1]">NMI_Handler</a> from startup_m251.o(.text) referenced from startup_m251.o(RESET)
 <LI><a href="#[3f]">OPA_IRQHandler</a> from startup_m251.o(.text) referenced from startup_m251.o(RESET)
 <LI><a href="#[2f]">PDMA_IRQHandler</a> from startup_m251.o(.text) referenced from startup_m251.o(RESET)
 <LI><a href="#[3c]">PSIO_IRQHandler</a> from startup_m251.o(.text) referenced from startup_m251.o(RESET)
 <LI><a href="#[20]">PWM0_P0_IRQHandler</a> from startup_m251.o(.text) referenced from startup_m251.o(RESET)
 <LI><a href="#[21]">PWM0_P1_IRQHandler</a> from startup_m251.o(.text) referenced from startup_m251.o(RESET)
 <LI><a href="#[22]">PWM0_P2_IRQHandler</a> from startup_m251.o(.text) referenced from startup_m251.o(RESET)
 <LI><a href="#[24]">PWM1_P0_IRQHandler</a> from startup_m251.o(.text) referenced from startup_m251.o(RESET)
 <LI><a href="#[25]">PWM1_P1_IRQHandler</a> from startup_m251.o(.text) referenced from startup_m251.o(RESET)
 <LI><a href="#[26]">PWM1_P2_IRQHandler</a> from startup_m251.o(.text) referenced from startup_m251.o(RESET)
 <LI><a href="#[a]">PWRWU_IRQHandler</a> from startup_m251.o(.text) referenced from startup_m251.o(RESET)
 <LI><a href="#[6]">PendSV_Handler</a> from startup_m251.o(.text) referenced from startup_m251.o(RESET)
 <LI><a href="#[42]">ProcessHardFault</a> from retarget.o(.text) referenced from startup_m251.o(.text)
 <LI><a href="#[1d]">QSPI0_IRQHandler</a> from startup_m251.o(.text) referenced from startup_m251.o(RESET)
 <LI><a href="#[d]">RTC_IRQHandler</a> from startup_m251.o(.text) referenced from startup_m251.o(RESET)
 <LI><a href="#[0]">Reset_Handler</a> from startup_m251.o(.text) referenced from startup_m251.o(RESET)
 <LI><a href="#[3d]">SC0_IRQHandler</a> from startup_m251.o(.text) referenced from startup_m251.o(RESET)
 <LI><a href="#[43]">SH_Return</a> from retarget.o(.text) referenced from startup_m251.o(.text)
 <LI><a href="#[1e]">SPI0_IRQHandler</a> from startup_m251.o(.text) referenced from startup_m251.o(RESET)
 <LI><a href="#[5]">SVC_Handler</a> from startup_m251.o(.text) referenced from startup_m251.o(RESET)
 <LI><a href="#[3]">SendChar_ToUART</a> from retarget.o(.text) referenced from startup_m251.o(RESET)
 <LI><a href="#[7]">SysTick_Handler</a> from startup_m251.o(.text) referenced from startup_m251.o(RESET)
 <LI><a href="#[40]">SystemInit</a> from system_m251.o(.text) referenced from startup_m251.o(.text)
 <LI><a href="#[e]">TAMPER_IRQHandler</a> from startup_m251.o(.text) referenced from startup_m251.o(RESET)
 <LI><a href="#[27]">TMR0_IRQHandler</a> from startup_m251.o(.text) referenced from startup_m251.o(RESET)
 <LI><a href="#[28]">TMR1_IRQHandler</a> from startup_m251.o(.text) referenced from startup_m251.o(RESET)
 <LI><a href="#[29]">TMR2_IRQHandler</a> from startup_m251.o(.text) referenced from startup_m251.o(RESET)
 <LI><a href="#[2a]">TMR3_IRQHandler</a> from startup_m251.o(.text) referenced from startup_m251.o(RESET)
 <LI><a href="#[2b]">UART0_IRQHandler</a> from main.o(.text) referenced from startup_m251.o(RESET)
 <LI><a href="#[2c]">UART1_IRQHandler</a> from startup_m251.o(.text) referenced from startup_m251.o(RESET)
 <LI><a href="#[37]">UART2_IRQHandler</a> from startup_m251.o(.text) referenced from startup_m251.o(RESET)
 <LI><a href="#[3a]">USBD_IRQHandler</a> from startup_m251.o(.text) referenced from startup_m251.o(RESET)
 <LI><a href="#[38]">USCI0_IRQHandler</a> from startup_m251.o(.text) referenced from startup_m251.o(RESET)
 <LI><a href="#[39]">USCI1_IRQHandler</a> from startup_m251.o(.text) referenced from startup_m251.o(RESET)
 <LI><a href="#[3e]">USCI2_IRQHandler</a> from startup_m251.o(.text) referenced from startup_m251.o(RESET)
 <LI><a href="#[f]">WDT_IRQHandler</a> from startup_m251.o(.text) referenced from startup_m251.o(RESET)
 <LI><a href="#[10]">WWDT_IRQHandler</a> from startup_m251.o(.text) referenced from startup_m251.o(RESET)
 <LI><a href="#[41]">__main</a> from __main.o(!!!main) referenced from startup_m251.o(.text)
 <LI><a href="#[45]">_printf_input_char</a> from _printf_char_common.o(.text) referenced from _printf_char_common.o(.text)
 <LI><a href="#[44]">fputc</a> from retarget.o(.text) referenced from _printf_char_file.o(.text)
</UL>
<P>
<H3>
Global Symbols
</H3>
<P><STRONG><a name="[41]"></a>__main</STRONG> (Thumb, 8 bytes, Stack size 0 bytes, __main.o(!!!main))
<BR><BR>[Calls]<UL><LI><a href="#[49]">&gt;&gt;</a>&nbsp;&nbsp;&nbsp;__scatterload
<LI><a href="#[4a]">&gt;&gt;</a>&nbsp;&nbsp;&nbsp;__rt_entry
</UL>
<BR>[Address Reference Count : 1]<UL><LI> startup_m251.o(.text)
</UL>
<P><STRONG><a name="[49]"></a>__scatterload</STRONG> (Thumb, 0 bytes, Stack size unknown bytes, __scatter.o(!!!scatter))
<BR><BR>[Called By]<UL><LI><a href="#[41]">&gt;&gt;</a>&nbsp;&nbsp;&nbsp;__main
</UL>

<P><STRONG><a name="[4b]"></a>__scatterload_rt2</STRONG> (Thumb, 52 bytes, Stack size unknown bytes, __scatter.o(!!!scatter), UNUSED)
<BR><BR>[Calls]<UL><LI><a href="#[4a]">&gt;&gt;</a>&nbsp;&nbsp;&nbsp;__rt_entry
</UL>

<P><STRONG><a name="[76]"></a>__scatterload_rt2_thumb_only</STRONG> (Thumb, 0 bytes, Stack size unknown bytes, __scatter.o(!!!scatter), UNUSED)

<P><STRONG><a name="[77]"></a>__scatterload_null</STRONG> (Thumb, 0 bytes, Stack size unknown bytes, __scatter.o(!!!scatter), UNUSED)

<P><STRONG><a name="[4c]"></a>__scatterload_copy</STRONG> (Thumb, 26 bytes, Stack size unknown bytes, __scatter_copy.o(!!handler_copy), UNUSED)
<BR><BR>[Calls]<UL><LI><a href="#[4c]">&gt;&gt;</a>&nbsp;&nbsp;&nbsp;__scatterload_copy
</UL>
<BR>[Called By]<UL><LI><a href="#[4c]">&gt;&gt;</a>&nbsp;&nbsp;&nbsp;__scatterload_copy
</UL>

<P><STRONG><a name="[78]"></a>__scatterload_zeroinit</STRONG> (Thumb, 28 bytes, Stack size unknown bytes, __scatter_zi.o(!!handler_zi), UNUSED)

<P><STRONG><a name="[50]"></a>__rt_lib_init</STRONG> (Thumb, 0 bytes, Stack size unknown bytes, libinit.o(.ARM.Collect$$libinit$$00000000))
<BR><BR>[Called By]<UL><LI><a href="#[4f]">&gt;&gt;</a>&nbsp;&nbsp;&nbsp;__rt_entry_li
</UL>

<P><STRONG><a name="[79]"></a>__rt_lib_init_alloca_1</STRONG> (Thumb, 0 bytes, Stack size unknown bytes, libinit2.o(.ARM.Collect$$libinit$$0000002E))

<P><STRONG><a name="[7a]"></a>__rt_lib_init_argv_1</STRONG> (Thumb, 0 bytes, Stack size unknown bytes, libinit2.o(.ARM.Collect$$libinit$$0000002C))

<P><STRONG><a name="[7b]"></a>__rt_lib_init_atexit_1</STRONG> (Thumb, 0 bytes, Stack size unknown bytes, libinit2.o(.ARM.Collect$$libinit$$0000001B))

<P><STRONG><a name="[7c]"></a>__rt_lib_init_clock_1</STRONG> (Thumb, 0 bytes, Stack size unknown bytes, libinit2.o(.ARM.Collect$$libinit$$00000021))

<P><STRONG><a name="[7d]"></a>__rt_lib_init_cpp_1</STRONG> (Thumb, 0 bytes, Stack size unknown bytes, libinit2.o(.ARM.Collect$$libinit$$00000032))

<P><STRONG><a name="[7e]"></a>__rt_lib_init_exceptions_1</STRONG> (Thumb, 0 bytes, Stack size unknown bytes, libinit2.o(.ARM.Collect$$libinit$$00000030))

<P><STRONG><a name="[7f]"></a>__rt_lib_init_fp_1</STRONG> (Thumb, 0 bytes, Stack size unknown bytes, libinit2.o(.ARM.Collect$$libinit$$00000002))

<P><STRONG><a name="[80]"></a>__rt_lib_init_fp_trap_1</STRONG> (Thumb, 0 bytes, Stack size unknown bytes, libinit2.o(.ARM.Collect$$libinit$$0000001F))

<P><STRONG><a name="[81]"></a>__rt_lib_init_getenv_1</STRONG> (Thumb, 0 bytes, Stack size unknown bytes, libinit2.o(.ARM.Collect$$libinit$$00000023))

<P><STRONG><a name="[82]"></a>__rt_lib_init_heap_1</STRONG> (Thumb, 0 bytes, Stack size unknown bytes, libinit2.o(.ARM.Collect$$libinit$$0000000A))

<P><STRONG><a name="[83]"></a>__rt_lib_init_lc_collate_1</STRONG> (Thumb, 0 bytes, Stack size unknown bytes, libinit2.o(.ARM.Collect$$libinit$$00000011))

<P><STRONG><a name="[84]"></a>__rt_lib_init_lc_ctype_1</STRONG> (Thumb, 0 bytes, Stack size unknown bytes, libinit2.o(.ARM.Collect$$libinit$$00000013))

<P><STRONG><a name="[85]"></a>__rt_lib_init_lc_monetary_1</STRONG> (Thumb, 0 bytes, Stack size unknown bytes, libinit2.o(.ARM.Collect$$libinit$$00000015))

<P><STRONG><a name="[86]"></a>__rt_lib_init_lc_numeric_1</STRONG> (Thumb, 0 bytes, Stack size unknown bytes, libinit2.o(.ARM.Collect$$libinit$$00000017))

<P><STRONG><a name="[87]"></a>__rt_lib_init_lc_time_1</STRONG> (Thumb, 0 bytes, Stack size unknown bytes, libinit2.o(.ARM.Collect$$libinit$$00000019))

<P><STRONG><a name="[88]"></a>__rt_lib_init_preinit_1</STRONG> (Thumb, 0 bytes, Stack size unknown bytes, libinit2.o(.ARM.Collect$$libinit$$00000004))

<P><STRONG><a name="[89]"></a>__rt_lib_init_rand_1</STRONG> (Thumb, 0 bytes, Stack size unknown bytes, libinit2.o(.ARM.Collect$$libinit$$0000000E))

<P><STRONG><a name="[8a]"></a>__rt_lib_init_return</STRONG> (Thumb, 0 bytes, Stack size unknown bytes, libinit2.o(.ARM.Collect$$libinit$$00000033))

<P><STRONG><a name="[8b]"></a>__rt_lib_init_signal_1</STRONG> (Thumb, 0 bytes, Stack size unknown bytes, libinit2.o(.ARM.Collect$$libinit$$0000001D))

<P><STRONG><a name="[8c]"></a>__rt_lib_init_stdio_1</STRONG> (Thumb, 0 bytes, Stack size unknown bytes, libinit2.o(.ARM.Collect$$libinit$$00000025))

<P><STRONG><a name="[8d]"></a>__rt_lib_init_user_alloc_1</STRONG> (Thumb, 0 bytes, Stack size unknown bytes, libinit2.o(.ARM.Collect$$libinit$$0000000C))

<P><STRONG><a name="[55]"></a>__rt_lib_shutdown</STRONG> (Thumb, 0 bytes, Stack size unknown bytes, libshutdown.o(.ARM.Collect$$libshutdown$$00000000))
<BR><BR>[Called By]<UL><LI><a href="#[54]">&gt;&gt;</a>&nbsp;&nbsp;&nbsp;__rt_exit_ls
</UL>

<P><STRONG><a name="[8e]"></a>__rt_lib_shutdown_cpp_1</STRONG> (Thumb, 0 bytes, Stack size unknown bytes, libshutdown2.o(.ARM.Collect$$libshutdown$$00000002))

<P><STRONG><a name="[8f]"></a>__rt_lib_shutdown_fp_trap_1</STRONG> (Thumb, 0 bytes, Stack size unknown bytes, libshutdown2.o(.ARM.Collect$$libshutdown$$00000007))

<P><STRONG><a name="[90]"></a>__rt_lib_shutdown_heap_1</STRONG> (Thumb, 0 bytes, Stack size unknown bytes, libshutdown2.o(.ARM.Collect$$libshutdown$$0000000F))

<P><STRONG><a name="[91]"></a>__rt_lib_shutdown_return</STRONG> (Thumb, 0 bytes, Stack size unknown bytes, libshutdown2.o(.ARM.Collect$$libshutdown$$00000010))

<P><STRONG><a name="[92]"></a>__rt_lib_shutdown_signal_1</STRONG> (Thumb, 0 bytes, Stack size unknown bytes, libshutdown2.o(.ARM.Collect$$libshutdown$$0000000A))

<P><STRONG><a name="[93]"></a>__rt_lib_shutdown_stdio_1</STRONG> (Thumb, 0 bytes, Stack size unknown bytes, libshutdown2.o(.ARM.Collect$$libshutdown$$00000004))

<P><STRONG><a name="[94]"></a>__rt_lib_shutdown_user_alloc_1</STRONG> (Thumb, 0 bytes, Stack size unknown bytes, libshutdown2.o(.ARM.Collect$$libshutdown$$0000000C))

<P><STRONG><a name="[4a]"></a>__rt_entry</STRONG> (Thumb, 0 bytes, Stack size unknown bytes, __rtentry.o(.ARM.Collect$$rtentry$$00000000))
<BR><BR>[Called By]<UL><LI><a href="#[4b]">&gt;&gt;</a>&nbsp;&nbsp;&nbsp;__scatterload_rt2
<LI><a href="#[41]">&gt;&gt;</a>&nbsp;&nbsp;&nbsp;__main
</UL>

<P><STRONG><a name="[95]"></a>__rt_entry_presh_1</STRONG> (Thumb, 0 bytes, Stack size unknown bytes, __rtentry2.o(.ARM.Collect$$rtentry$$00000002))

<P><STRONG><a name="[4d]"></a>__rt_entry_sh</STRONG> (Thumb, 0 bytes, Stack size unknown bytes, __rtentry4.o(.ARM.Collect$$rtentry$$00000004))
<BR><BR>[Stack]<UL><LI>Max Depth = 8 + Unknown Stack Size
<LI>Call Chain = __rt_entry_sh &rArr; __user_setup_stackheap
</UL>
<BR>[Calls]<UL><LI><a href="#[4e]">&gt;&gt;</a>&nbsp;&nbsp;&nbsp;__user_setup_stackheap
</UL>

<P><STRONG><a name="[4f]"></a>__rt_entry_li</STRONG> (Thumb, 0 bytes, Stack size unknown bytes, __rtentry2.o(.ARM.Collect$$rtentry$$0000000A))
<BR><BR>[Calls]<UL><LI><a href="#[50]">&gt;&gt;</a>&nbsp;&nbsp;&nbsp;__rt_lib_init
</UL>

<P><STRONG><a name="[96]"></a>__rt_entry_postsh_1</STRONG> (Thumb, 0 bytes, Stack size unknown bytes, __rtentry2.o(.ARM.Collect$$rtentry$$00000009))

<P><STRONG><a name="[51]"></a>__rt_entry_main</STRONG> (Thumb, 0 bytes, Stack size unknown bytes, __rtentry2.o(.ARM.Collect$$rtentry$$0000000D))
<BR><BR>[Stack]<UL><LI>Max Depth = 64 + Unknown Stack Size
<LI>Call Chain = __rt_entry_main &rArr; main &rArr; UART_Open &rArr; CLK_GetPCLK1Freq &rArr; SystemCoreClockUpdate
</UL>
<BR>[Calls]<UL><LI><a href="#[52]">&gt;&gt;</a>&nbsp;&nbsp;&nbsp;main
<LI><a href="#[53]">&gt;&gt;</a>&nbsp;&nbsp;&nbsp;exit
</UL>

<P><STRONG><a name="[97]"></a>__rt_entry_postli_1</STRONG> (Thumb, 0 bytes, Stack size unknown bytes, __rtentry2.o(.ARM.Collect$$rtentry$$0000000C))

<P><STRONG><a name="[75]"></a>__rt_exit</STRONG> (Thumb, 0 bytes, Stack size unknown bytes, rtexit.o(.ARM.Collect$$rtexit$$00000000))
<BR><BR>[Called By]<UL><LI><a href="#[53]">&gt;&gt;</a>&nbsp;&nbsp;&nbsp;exit
</UL>

<P><STRONG><a name="[54]"></a>__rt_exit_ls</STRONG> (Thumb, 0 bytes, Stack size unknown bytes, rtexit2.o(.ARM.Collect$$rtexit$$00000003))
<BR><BR>[Calls]<UL><LI><a href="#[55]">&gt;&gt;</a>&nbsp;&nbsp;&nbsp;__rt_lib_shutdown
</UL>

<P><STRONG><a name="[98]"></a>__rt_exit_prels_1</STRONG> (Thumb, 0 bytes, Stack size unknown bytes, rtexit2.o(.ARM.Collect$$rtexit$$00000002))

<P><STRONG><a name="[56]"></a>__rt_exit_exit</STRONG> (Thumb, 0 bytes, Stack size unknown bytes, rtexit2.o(.ARM.Collect$$rtexit$$00000004))
<BR><BR>[Calls]<UL><LI><a href="#[57]">&gt;&gt;</a>&nbsp;&nbsp;&nbsp;_sys_exit
</UL>

<P><STRONG><a name="[58]"></a>SystemCoreClockUpdate</STRONG> (Thumb, 88 bytes, Stack size 16 bytes, system_m251.o(.text))
<BR><BR>[Stack]<UL><LI>Max Depth = 16<LI>Call Chain = SystemCoreClockUpdate
</UL>
<BR>[Calls]<UL><LI><a href="#[59]">&gt;&gt;</a>&nbsp;&nbsp;&nbsp;CLK_GetPLLClockFreq
</UL>
<BR>[Called By]<UL><LI><a href="#[67]">&gt;&gt;</a>&nbsp;&nbsp;&nbsp;SYS_Init
<LI><a href="#[5e]">&gt;&gt;</a>&nbsp;&nbsp;&nbsp;CLK_SetHCLK
<LI><a href="#[5f]">&gt;&gt;</a>&nbsp;&nbsp;&nbsp;CLK_SetCoreClock
<LI><a href="#[5b]">&gt;&gt;</a>&nbsp;&nbsp;&nbsp;CLK_GetPCLK1Freq
<LI><a href="#[5a]">&gt;&gt;</a>&nbsp;&nbsp;&nbsp;CLK_GetPCLK0Freq
<LI><a href="#[5c]">&gt;&gt;</a>&nbsp;&nbsp;&nbsp;CLK_GetHCLKFreq
<LI><a href="#[5d]">&gt;&gt;</a>&nbsp;&nbsp;&nbsp;CLK_GetCPUFreq
</UL>

<P><STRONG><a name="[40]"></a>SystemInit</STRONG> (Thumb, 36 bytes, Stack size 0 bytes, system_m251.o(.text))
<BR>[Address Reference Count : 1]<UL><LI> startup_m251.o(.text)
</UL>
<P><STRONG><a name="[6c]"></a>Uart0DefaultMPF</STRONG> (Thumb, 40 bytes, Stack size 8 bytes, system_m251.o(.text))
<BR><BR>[Stack]<UL><LI>Max Depth = 8<LI>Call Chain = Uart0DefaultMPF
</UL>
<BR>[Called By]<UL><LI><a href="#[67]">&gt;&gt;</a>&nbsp;&nbsp;&nbsp;SYS_Init
</UL>

<P><STRONG><a name="[0]"></a>Reset_Handler</STRONG> (Thumb, 46 bytes, Stack size 0 bytes, startup_m251.o(.text))
<BR>[Address Reference Count : 1]<UL><LI> startup_m251.o(RESET)
</UL>
<P><STRONG><a name="[1]"></a>NMI_Handler</STRONG> (Thumb, 2 bytes, Stack size 0 bytes, startup_m251.o(.text))
<BR><BR>[Calls]<UL><LI><a href="#[1]">&gt;&gt;</a>&nbsp;&nbsp;&nbsp;NMI_Handler
</UL>
<BR>[Called By]<UL><LI><a href="#[1]">&gt;&gt;</a>&nbsp;&nbsp;&nbsp;NMI_Handler
</UL>
<BR>[Address Reference Count : 1]<UL><LI> startup_m251.o(RESET)
</UL>
<P><STRONG><a name="[2]"></a>HardFault_Handler</STRONG> (Thumb, 16 bytes, Stack size 0 bytes, startup_m251.o(.text))
<BR>[Address Reference Count : 1]<UL><LI> startup_m251.o(RESET)
</UL>
<P><STRONG><a name="[5]"></a>SVC_Handler</STRONG> (Thumb, 2 bytes, Stack size 0 bytes, startup_m251.o(.text))
<BR><BR>[Calls]<UL><LI><a href="#[5]">&gt;&gt;</a>&nbsp;&nbsp;&nbsp;SVC_Handler
</UL>
<BR>[Called By]<UL><LI><a href="#[5]">&gt;&gt;</a>&nbsp;&nbsp;&nbsp;SVC_Handler
</UL>
<BR>[Address Reference Count : 1]<UL><LI> startup_m251.o(RESET)
</UL>
<P><STRONG><a name="[6]"></a>PendSV_Handler</STRONG> (Thumb, 2 bytes, Stack size 0 bytes, startup_m251.o(.text))
<BR><BR>[Calls]<UL><LI><a href="#[6]">&gt;&gt;</a>&nbsp;&nbsp;&nbsp;PendSV_Handler
</UL>
<BR>[Called By]<UL><LI><a href="#[6]">&gt;&gt;</a>&nbsp;&nbsp;&nbsp;PendSV_Handler
</UL>
<BR>[Address Reference Count : 1]<UL><LI> startup_m251.o(RESET)
</UL>
<P><STRONG><a name="[7]"></a>SysTick_Handler</STRONG> (Thumb, 2 bytes, Stack size 0 bytes, startup_m251.o(.text))
<BR><BR>[Calls]<UL><LI><a href="#[7]">&gt;&gt;</a>&nbsp;&nbsp;&nbsp;SysTick_Handler
</UL>
<BR>[Called By]<UL><LI><a href="#[7]">&gt;&gt;</a>&nbsp;&nbsp;&nbsp;SysTick_Handler
</UL>
<BR>[Address Reference Count : 1]<UL><LI> startup_m251.o(RESET)
</UL>
<P><STRONG><a name="[33]"></a>ACMP01_IRQHandler</STRONG> (Thumb, 0 bytes, Stack size 0 bytes, startup_m251.o(.text))
<BR><BR>[Calls]<UL><LI><a href="#[33]">&gt;&gt;</a>&nbsp;&nbsp;&nbsp;ACMP01_IRQHandler
</UL>
<BR>[Called By]<UL><LI><a href="#[33]">&gt;&gt;</a>&nbsp;&nbsp;&nbsp;ACMP01_IRQHandler
</UL>
<BR>[Address Reference Count : 1]<UL><LI> startup_m251.o(RESET)
</UL>
<P><STRONG><a name="[8]"></a>BOD_IRQHandler</STRONG> (Thumb, 0 bytes, Stack size 0 bytes, startup_m251.o(.text))
<BR>[Address Reference Count : 1]<UL><LI> startup_m251.o(RESET)
</UL>
<P><STRONG><a name="[34]"></a>BPWM0_IRQHandler</STRONG> (Thumb, 0 bytes, Stack size 0 bytes, startup_m251.o(.text))
<BR>[Address Reference Count : 1]<UL><LI> startup_m251.o(RESET)
</UL>
<P><STRONG><a name="[3b]"></a>BPWM1_IRQHandler</STRONG> (Thumb, 0 bytes, Stack size 0 bytes, startup_m251.o(.text))
<BR>[Address Reference Count : 1]<UL><LI> startup_m251.o(RESET)
</UL>
<P><STRONG><a name="[1f]"></a>BRAKE0_IRQHandler</STRONG> (Thumb, 0 bytes, Stack size 0 bytes, startup_m251.o(.text))
<BR>[Address Reference Count : 1]<UL><LI> startup_m251.o(RESET)
</UL>
<P><STRONG><a name="[23]"></a>BRAKE1_IRQHandler</STRONG> (Thumb, 0 bytes, Stack size 0 bytes, startup_m251.o(.text))
<BR>[Address Reference Count : 1]<UL><LI> startup_m251.o(RESET)
</UL>
<P><STRONG><a name="[c]"></a>CLKFAIL_IRQHandler</STRONG> (Thumb, 0 bytes, Stack size 0 bytes, startup_m251.o(.text))
<BR>[Address Reference Count : 1]<UL><LI> startup_m251.o(RESET)
</UL>
<P><STRONG><a name="[30]"></a>DAC_IRQHandler</STRONG> (Thumb, 0 bytes, Stack size 0 bytes, startup_m251.o(.text))
<BR>[Address Reference Count : 1]<UL><LI> startup_m251.o(RESET)
</UL>
<P><STRONG><a name="[b]"></a>DEFAULT_IRQHandler</STRONG> (Thumb, 0 bytes, Stack size 0 bytes, startup_m251.o(.text))
<BR>[Address Reference Count : 1]<UL><LI> startup_m251.o(RESET)
</UL>
<P><STRONG><a name="[31]"></a>EADC_INT0_IRQHandler</STRONG> (Thumb, 0 bytes, Stack size 0 bytes, startup_m251.o(.text))
<BR>[Address Reference Count : 1]<UL><LI> startup_m251.o(RESET)
</UL>
<P><STRONG><a name="[32]"></a>EADC_INT1_IRQHandler</STRONG> (Thumb, 0 bytes, Stack size 0 bytes, startup_m251.o(.text))
<BR>[Address Reference Count : 1]<UL><LI> startup_m251.o(RESET)
</UL>
<P><STRONG><a name="[35]"></a>EADC_INT2_IRQHandler</STRONG> (Thumb, 0 bytes, Stack size 0 bytes, startup_m251.o(.text))
<BR>[Address Reference Count : 1]<UL><LI> startup_m251.o(RESET)
</UL>
<P><STRONG><a name="[36]"></a>EADC_INT3_IRQHandler</STRONG> (Thumb, 0 bytes, Stack size 0 bytes, startup_m251.o(.text))
<BR>[Address Reference Count : 1]<UL><LI> startup_m251.o(RESET)
</UL>
<P><STRONG><a name="[11]"></a>EINT0_IRQHandler</STRONG> (Thumb, 0 bytes, Stack size 0 bytes, startup_m251.o(.text))
<BR>[Address Reference Count : 1]<UL><LI> startup_m251.o(RESET)
</UL>
<P><STRONG><a name="[12]"></a>EINT1_IRQHandler</STRONG> (Thumb, 0 bytes, Stack size 0 bytes, startup_m251.o(.text))
<BR>[Address Reference Count : 1]<UL><LI> startup_m251.o(RESET)
</UL>
<P><STRONG><a name="[13]"></a>EINT2_IRQHandler</STRONG> (Thumb, 0 bytes, Stack size 0 bytes, startup_m251.o(.text))
<BR>[Address Reference Count : 1]<UL><LI> startup_m251.o(RESET)
</UL>
<P><STRONG><a name="[14]"></a>EINT3_IRQHandler</STRONG> (Thumb, 0 bytes, Stack size 0 bytes, startup_m251.o(.text))
<BR>[Address Reference Count : 1]<UL><LI> startup_m251.o(RESET)
</UL>
<P><STRONG><a name="[15]"></a>EINT4_IRQHandler</STRONG> (Thumb, 0 bytes, Stack size 0 bytes, startup_m251.o(.text))
<BR>[Address Reference Count : 1]<UL><LI> startup_m251.o(RESET)
</UL>
<P><STRONG><a name="[16]"></a>EINT5_IRQHandler</STRONG> (Thumb, 0 bytes, Stack size 0 bytes, startup_m251.o(.text))
<BR>[Address Reference Count : 1]<UL><LI> startup_m251.o(RESET)
</UL>
<P><STRONG><a name="[17]"></a>GPA_IRQHandler</STRONG> (Thumb, 0 bytes, Stack size 0 bytes, startup_m251.o(.text))
<BR>[Address Reference Count : 1]<UL><LI> startup_m251.o(RESET)
</UL>
<P><STRONG><a name="[18]"></a>GPB_IRQHandler</STRONG> (Thumb, 0 bytes, Stack size 0 bytes, startup_m251.o(.text))
<BR>[Address Reference Count : 1]<UL><LI> startup_m251.o(RESET)
</UL>
<P><STRONG><a name="[19]"></a>GPC_IRQHandler</STRONG> (Thumb, 0 bytes, Stack size 0 bytes, startup_m251.o(.text))
<BR>[Address Reference Count : 1]<UL><LI> startup_m251.o(RESET)
</UL>
<P><STRONG><a name="[1a]"></a>GPD_IRQHandler</STRONG> (Thumb, 0 bytes, Stack size 0 bytes, startup_m251.o(.text))
<BR>[Address Reference Count : 1]<UL><LI> startup_m251.o(RESET)
</UL>
<P><STRONG><a name="[1b]"></a>GPE_IRQHandler</STRONG> (Thumb, 0 bytes, Stack size 0 bytes, startup_m251.o(.text))
<BR>[Address Reference Count : 1]<UL><LI> startup_m251.o(RESET)
</UL>
<P><STRONG><a name="[1c]"></a>GPF_IRQHandler</STRONG> (Thumb, 0 bytes, Stack size 0 bytes, startup_m251.o(.text))
<BR>[Address Reference Count : 1]<UL><LI> startup_m251.o(RESET)
</UL>
<P><STRONG><a name="[2d]"></a>I2C0_IRQHandler</STRONG> (Thumb, 0 bytes, Stack size 0 bytes, startup_m251.o(.text))
<BR>[Address Reference Count : 1]<UL><LI> startup_m251.o(RESET)
</UL>
<P><STRONG><a name="[2e]"></a>I2C1_IRQHandler</STRONG> (Thumb, 0 bytes, Stack size 0 bytes, startup_m251.o(.text))
<BR>[Address Reference Count : 1]<UL><LI> startup_m251.o(RESET)
</UL>
<P><STRONG><a name="[9]"></a>IRCTRIM_IRQHandler</STRONG> (Thumb, 0 bytes, Stack size 0 bytes, startup_m251.o(.text))
<BR>[Address Reference Count : 1]<UL><LI> startup_m251.o(RESET)
</UL>
<P><STRONG><a name="[3f]"></a>OPA_IRQHandler</STRONG> (Thumb, 0 bytes, Stack size 0 bytes, startup_m251.o(.text))
<BR>[Address Reference Count : 1]<UL><LI> startup_m251.o(RESET)
</UL>
<P><STRONG><a name="[2f]"></a>PDMA_IRQHandler</STRONG> (Thumb, 0 bytes, Stack size 0 bytes, startup_m251.o(.text))
<BR>[Address Reference Count : 1]<UL><LI> startup_m251.o(RESET)
</UL>
<P><STRONG><a name="[3c]"></a>PSIO_IRQHandler</STRONG> (Thumb, 0 bytes, Stack size 0 bytes, startup_m251.o(.text))
<BR>[Address Reference Count : 1]<UL><LI> startup_m251.o(RESET)
</UL>
<P><STRONG><a name="[20]"></a>PWM0_P0_IRQHandler</STRONG> (Thumb, 0 bytes, Stack size 0 bytes, startup_m251.o(.text))
<BR>[Address Reference Count : 1]<UL><LI> startup_m251.o(RESET)
</UL>
<P><STRONG><a name="[21]"></a>PWM0_P1_IRQHandler</STRONG> (Thumb, 0 bytes, Stack size 0 bytes, startup_m251.o(.text))
<BR>[Address Reference Count : 1]<UL><LI> startup_m251.o(RESET)
</UL>
<P><STRONG><a name="[22]"></a>PWM0_P2_IRQHandler</STRONG> (Thumb, 0 bytes, Stack size 0 bytes, startup_m251.o(.text))
<BR>[Address Reference Count : 1]<UL><LI> startup_m251.o(RESET)
</UL>
<P><STRONG><a name="[24]"></a>PWM1_P0_IRQHandler</STRONG> (Thumb, 0 bytes, Stack size 0 bytes, startup_m251.o(.text))
<BR>[Address Reference Count : 1]<UL><LI> startup_m251.o(RESET)
</UL>
<P><STRONG><a name="[25]"></a>PWM1_P1_IRQHandler</STRONG> (Thumb, 0 bytes, Stack size 0 bytes, startup_m251.o(.text))
<BR>[Address Reference Count : 1]<UL><LI> startup_m251.o(RESET)
</UL>
<P><STRONG><a name="[26]"></a>PWM1_P2_IRQHandler</STRONG> (Thumb, 0 bytes, Stack size 0 bytes, startup_m251.o(.text))
<BR>[Address Reference Count : 1]<UL><LI> startup_m251.o(RESET)
</UL>
<P><STRONG><a name="[a]"></a>PWRWU_IRQHandler</STRONG> (Thumb, 0 bytes, Stack size 0 bytes, startup_m251.o(.text))
<BR>[Address Reference Count : 1]<UL><LI> startup_m251.o(RESET)
</UL>
<P><STRONG><a name="[1d]"></a>QSPI0_IRQHandler</STRONG> (Thumb, 0 bytes, Stack size 0 bytes, startup_m251.o(.text))
<BR>[Address Reference Count : 1]<UL><LI> startup_m251.o(RESET)
</UL>
<P><STRONG><a name="[d]"></a>RTC_IRQHandler</STRONG> (Thumb, 0 bytes, Stack size 0 bytes, startup_m251.o(.text))
<BR>[Address Reference Count : 1]<UL><LI> startup_m251.o(RESET)
</UL>
<P><STRONG><a name="[3d]"></a>SC0_IRQHandler</STRONG> (Thumb, 0 bytes, Stack size 0 bytes, startup_m251.o(.text))
<BR>[Address Reference Count : 1]<UL><LI> startup_m251.o(RESET)
</UL>
<P><STRONG><a name="[1e]"></a>SPI0_IRQHandler</STRONG> (Thumb, 0 bytes, Stack size 0 bytes, startup_m251.o(.text))
<BR>[Address Reference Count : 1]<UL><LI> startup_m251.o(RESET)
</UL>
<P><STRONG><a name="[e]"></a>TAMPER_IRQHandler</STRONG> (Thumb, 0 bytes, Stack size 0 bytes, startup_m251.o(.text))
<BR>[Address Reference Count : 1]<UL><LI> startup_m251.o(RESET)
</UL>
<P><STRONG><a name="[27]"></a>TMR0_IRQHandler</STRONG> (Thumb, 0 bytes, Stack size 0 bytes, startup_m251.o(.text))
<BR>[Address Reference Count : 1]<UL><LI> startup_m251.o(RESET)
</UL>
<P><STRONG><a name="[28]"></a>TMR1_IRQHandler</STRONG> (Thumb, 0 bytes, Stack size 0 bytes, startup_m251.o(.text))
<BR>[Address Reference Count : 1]<UL><LI> startup_m251.o(RESET)
</UL>
<P><STRONG><a name="[29]"></a>TMR2_IRQHandler</STRONG> (Thumb, 0 bytes, Stack size 0 bytes, startup_m251.o(.text))
<BR>[Address Reference Count : 1]<UL><LI> startup_m251.o(RESET)
</UL>
<P><STRONG><a name="[2a]"></a>TMR3_IRQHandler</STRONG> (Thumb, 0 bytes, Stack size 0 bytes, startup_m251.o(.text))
<BR>[Address Reference Count : 1]<UL><LI> startup_m251.o(RESET)
</UL>
<P><STRONG><a name="[2c]"></a>UART1_IRQHandler</STRONG> (Thumb, 0 bytes, Stack size 0 bytes, startup_m251.o(.text))
<BR>[Address Reference Count : 1]<UL><LI> startup_m251.o(RESET)
</UL>
<P><STRONG><a name="[37]"></a>UART2_IRQHandler</STRONG> (Thumb, 0 bytes, Stack size 0 bytes, startup_m251.o(.text))
<BR>[Address Reference Count : 1]<UL><LI> startup_m251.o(RESET)
</UL>
<P><STRONG><a name="[3a]"></a>USBD_IRQHandler</STRONG> (Thumb, 0 bytes, Stack size 0 bytes, startup_m251.o(.text))
<BR>[Address Reference Count : 1]<UL><LI> startup_m251.o(RESET)
</UL>
<P><STRONG><a name="[38]"></a>USCI0_IRQHandler</STRONG> (Thumb, 0 bytes, Stack size 0 bytes, startup_m251.o(.text))
<BR>[Address Reference Count : 1]<UL><LI> startup_m251.o(RESET)
</UL>
<P><STRONG><a name="[39]"></a>USCI1_IRQHandler</STRONG> (Thumb, 0 bytes, Stack size 0 bytes, startup_m251.o(.text))
<BR>[Address Reference Count : 1]<UL><LI> startup_m251.o(RESET)
</UL>
<P><STRONG><a name="[3e]"></a>USCI2_IRQHandler</STRONG> (Thumb, 0 bytes, Stack size 0 bytes, startup_m251.o(.text))
<BR>[Address Reference Count : 1]<UL><LI> startup_m251.o(RESET)
</UL>
<P><STRONG><a name="[f]"></a>WDT_IRQHandler</STRONG> (Thumb, 0 bytes, Stack size 0 bytes, startup_m251.o(.text))
<BR>[Address Reference Count : 1]<UL><LI> startup_m251.o(RESET)
</UL>
<P><STRONG><a name="[10]"></a>WWDT_IRQHandler</STRONG> (Thumb, 0 bytes, Stack size 0 bytes, startup_m251.o(.text))
<BR>[Address Reference Count : 1]<UL><LI> startup_m251.o(RESET)
</UL>
<P><STRONG><a name="[46]"></a>__user_initial_stackheap</STRONG> (Thumb, 10 bytes, Stack size 0 bytes, startup_m251.o(.text))
<BR><BR>[Called By]<UL><LI><a href="#[4e]">&gt;&gt;</a>&nbsp;&nbsp;&nbsp;__user_setup_stackheap
</UL>

<P><STRONG><a name="[47]"></a>SH_DoCommand</STRONG> (Thumb, 10 bytes, Stack size 0 bytes, startup_m251.o(.text), UNUSED, KEPT)

<P><STRONG><a name="[48]"></a>__PC</STRONG> (Thumb, 6 bytes, Stack size 0 bytes, startup_m251.o(.text), UNUSED, KEPT)

<P><STRONG><a name="[99]"></a>CLK_DisableCKO</STRONG> (Thumb, 16 bytes, Stack size 0 bytes, clk.o(.text), UNUSED)

<P><STRONG><a name="[9a]"></a>CLK_EnableCKO</STRONG> (Thumb, 36 bytes, Stack size 0 bytes, clk.o(.text), UNUSED)

<P><STRONG><a name="[9b]"></a>CLK_PowerDown</STRONG> (Thumb, 64 bytes, Stack size 8 bytes, clk.o(.text), UNUSED)

<P><STRONG><a name="[9c]"></a>CLK_Idle</STRONG> (Thumb, 32 bytes, Stack size 0 bytes, clk.o(.text), UNUSED)

<P><STRONG><a name="[9d]"></a>CLK_GetHXTFreq</STRONG> (Thumb, 24 bytes, Stack size 0 bytes, clk.o(.text), UNUSED)

<P><STRONG><a name="[9e]"></a>CLK_GetLXTFreq</STRONG> (Thumb, 20 bytes, Stack size 0 bytes, clk.o(.text), UNUSED)

<P><STRONG><a name="[5a]"></a>CLK_GetPCLK0Freq</STRONG> (Thumb, 112 bytes, Stack size 8 bytes, clk.o(.text))
<BR><BR>[Stack]<UL><LI>Max Depth = 24<LI>Call Chain = CLK_GetPCLK0Freq &rArr; SystemCoreClockUpdate
</UL>
<BR>[Calls]<UL><LI><a href="#[58]">&gt;&gt;</a>&nbsp;&nbsp;&nbsp;SystemCoreClockUpdate
</UL>
<BR>[Called By]<UL><LI><a href="#[65]">&gt;&gt;</a>&nbsp;&nbsp;&nbsp;UART_SetLine_Config
<LI><a href="#[66]">&gt;&gt;</a>&nbsp;&nbsp;&nbsp;UART_SelectIrDAMode
<LI><a href="#[64]">&gt;&gt;</a>&nbsp;&nbsp;&nbsp;UART_Open
</UL>

<P><STRONG><a name="[5b]"></a>CLK_GetPCLK1Freq</STRONG> (Thumb, 112 bytes, Stack size 8 bytes, clk.o(.text))
<BR><BR>[Stack]<UL><LI>Max Depth = 24<LI>Call Chain = CLK_GetPCLK1Freq &rArr; SystemCoreClockUpdate
</UL>
<BR>[Calls]<UL><LI><a href="#[58]">&gt;&gt;</a>&nbsp;&nbsp;&nbsp;SystemCoreClockUpdate
</UL>
<BR>[Called By]<UL><LI><a href="#[65]">&gt;&gt;</a>&nbsp;&nbsp;&nbsp;UART_SetLine_Config
<LI><a href="#[66]">&gt;&gt;</a>&nbsp;&nbsp;&nbsp;UART_SelectIrDAMode
<LI><a href="#[64]">&gt;&gt;</a>&nbsp;&nbsp;&nbsp;UART_Open
</UL>

<P><STRONG><a name="[5c]"></a>CLK_GetHCLKFreq</STRONG> (Thumb, 16 bytes, Stack size 8 bytes, clk.o(.text), UNUSED)
<BR><BR>[Calls]<UL><LI><a href="#[58]">&gt;&gt;</a>&nbsp;&nbsp;&nbsp;SystemCoreClockUpdate
</UL>

<P><STRONG><a name="[5d]"></a>CLK_GetCPUFreq</STRONG> (Thumb, 16 bytes, Stack size 8 bytes, clk.o(.text), UNUSED)
<BR><BR>[Calls]<UL><LI><a href="#[58]">&gt;&gt;</a>&nbsp;&nbsp;&nbsp;SystemCoreClockUpdate
</UL>

<P><STRONG><a name="[59]"></a>CLK_GetPLLClockFreq</STRONG> (Thumb, 96 bytes, Stack size 0 bytes, clk.o(.text))
<BR><BR>[Called By]<UL><LI><a href="#[65]">&gt;&gt;</a>&nbsp;&nbsp;&nbsp;UART_SetLine_Config
<LI><a href="#[66]">&gt;&gt;</a>&nbsp;&nbsp;&nbsp;UART_SelectIrDAMode
<LI><a href="#[64]">&gt;&gt;</a>&nbsp;&nbsp;&nbsp;UART_Open
<LI><a href="#[58]">&gt;&gt;</a>&nbsp;&nbsp;&nbsp;SystemCoreClockUpdate
</UL>

<P><STRONG><a name="[9f]"></a>CLK_DisablePLL</STRONG> (Thumb, 20 bytes, Stack size 0 bytes, clk.o(.text), UNUSED)

<P><STRONG><a name="[60]"></a>CLK_EnablePLL</STRONG> (Thumb, 576 bytes, Stack size 60 bytes, clk.o(.text), UNUSED)
<BR><BR>[Called By]<UL><LI><a href="#[5f]">&gt;&gt;</a>&nbsp;&nbsp;&nbsp;CLK_SetCoreClock
</UL>

<P><STRONG><a name="[69]"></a>CLK_WaitClockReady</STRONG> (Thumb, 36 bytes, Stack size 16 bytes, clk.o(.text))
<BR><BR>[Stack]<UL><LI>Max Depth = 16<LI>Call Chain = CLK_WaitClockReady
</UL>
<BR>[Called By]<UL><LI><a href="#[67]">&gt;&gt;</a>&nbsp;&nbsp;&nbsp;SYS_Init
</UL>

<P><STRONG><a name="[5e]"></a>CLK_SetHCLK</STRONG> (Thumb, 84 bytes, Stack size 24 bytes, clk.o(.text))
<BR><BR>[Stack]<UL><LI>Max Depth = 40<LI>Call Chain = CLK_SetHCLK &rArr; SystemCoreClockUpdate
</UL>
<BR>[Calls]<UL><LI><a href="#[58]">&gt;&gt;</a>&nbsp;&nbsp;&nbsp;SystemCoreClockUpdate
</UL>
<BR>[Called By]<UL><LI><a href="#[67]">&gt;&gt;</a>&nbsp;&nbsp;&nbsp;SYS_Init
</UL>

<P><STRONG><a name="[5f]"></a>CLK_SetCoreClock</STRONG> (Thumb, 260 bytes, Stack size 48 bytes, clk.o(.text), UNUSED)
<BR><BR>[Calls]<UL><LI><a href="#[60]">&gt;&gt;</a>&nbsp;&nbsp;&nbsp;CLK_EnablePLL
<LI><a href="#[58]">&gt;&gt;</a>&nbsp;&nbsp;&nbsp;SystemCoreClockUpdate
</UL>

<P><STRONG><a name="[6b]"></a>CLK_SetModuleClock</STRONG> (Thumb, 92 bytes, Stack size 16 bytes, clk.o(.text))
<BR><BR>[Stack]<UL><LI>Max Depth = 16<LI>Call Chain = CLK_SetModuleClock
</UL>
<BR>[Called By]<UL><LI><a href="#[67]">&gt;&gt;</a>&nbsp;&nbsp;&nbsp;SYS_Init
</UL>

<P><STRONG><a name="[a0]"></a>CLK_SetSysTickClockSrc</STRONG> (Thumb, 20 bytes, Stack size 0 bytes, clk.o(.text), UNUSED)

<P><STRONG><a name="[68]"></a>CLK_EnableXtalRC</STRONG> (Thumb, 16 bytes, Stack size 0 bytes, clk.o(.text))
<BR><BR>[Called By]<UL><LI><a href="#[67]">&gt;&gt;</a>&nbsp;&nbsp;&nbsp;SYS_Init
</UL>

<P><STRONG><a name="[a1]"></a>CLK_DisableXtalRC</STRONG> (Thumb, 16 bytes, Stack size 0 bytes, clk.o(.text), UNUSED)

<P><STRONG><a name="[6a]"></a>CLK_EnableModuleClock</STRONG> (Thumb, 36 bytes, Stack size 0 bytes, clk.o(.text))
<BR><BR>[Called By]<UL><LI><a href="#[67]">&gt;&gt;</a>&nbsp;&nbsp;&nbsp;SYS_Init
</UL>

<P><STRONG><a name="[a2]"></a>CLK_DisableModuleClock</STRONG> (Thumb, 36 bytes, Stack size 0 bytes, clk.o(.text), UNUSED)

<P><STRONG><a name="[a3]"></a>CLK_EnableSysTick</STRONG> (Thumb, 56 bytes, Stack size 16 bytes, clk.o(.text), UNUSED)

<P><STRONG><a name="[a4]"></a>CLK_DisableSysTick</STRONG> (Thumb, 12 bytes, Stack size 0 bytes, clk.o(.text), UNUSED)

<P><STRONG><a name="[a5]"></a>CLK_SetPowerDownMode</STRONG> (Thumb, 20 bytes, Stack size 0 bytes, clk.o(.text), UNUSED)

<P><STRONG><a name="[a6]"></a>CLK_EnableDPDWKPin</STRONG> (Thumb, 72 bytes, Stack size 0 bytes, clk.o(.text), UNUSED)

<P><STRONG><a name="[a7]"></a>CLK_EnableDPDWKPin0</STRONG> (Thumb, 20 bytes, Stack size 0 bytes, clk.o(.text), UNUSED)

<P><STRONG><a name="[a8]"></a>CLK_EnableDPDWKPin1</STRONG> (Thumb, 20 bytes, Stack size 0 bytes, clk.o(.text), UNUSED)

<P><STRONG><a name="[a9]"></a>CLK_EnableDPDWKPin2</STRONG> (Thumb, 20 bytes, Stack size 0 bytes, clk.o(.text), UNUSED)

<P><STRONG><a name="[aa]"></a>CLK_EnableDPDWKPin3</STRONG> (Thumb, 20 bytes, Stack size 0 bytes, clk.o(.text), UNUSED)

<P><STRONG><a name="[ab]"></a>CLK_EnableDPDWKPin4</STRONG> (Thumb, 20 bytes, Stack size 0 bytes, clk.o(.text), UNUSED)

<P><STRONG><a name="[ac]"></a>CLK_GetPMUWKSrc</STRONG> (Thumb, 12 bytes, Stack size 0 bytes, clk.o(.text), UNUSED)

<P><STRONG><a name="[ad]"></a>CLK_GetModuleClockSource</STRONG> (Thumb, 140 bytes, Stack size 0 bytes, clk.o(.text), UNUSED)

<P><STRONG><a name="[ae]"></a>CLK_GetModuleClockDivider</STRONG> (Thumb, 56 bytes, Stack size 0 bytes, clk.o(.text), UNUSED)

<P><STRONG><a name="[43]"></a>SH_Return</STRONG> (Thumb, 4 bytes, Stack size 0 bytes, retarget.o(.text))
<BR>[Address Reference Count : 1]<UL><LI> startup_m251.o(.text)
</UL>
<P><STRONG><a name="[42]"></a>ProcessHardFault</STRONG> (Thumb, 64 bytes, Stack size 8 bytes, retarget.o(.text))
<BR><BR>[Stack]<UL><LI>Max Depth = 24<LI>Call Chain = ProcessHardFault &rArr; puts &rArr; fputc
</UL>
<BR>[Calls]<UL><LI><a href="#[61]">&gt;&gt;</a>&nbsp;&nbsp;&nbsp;puts
</UL>
<BR>[Address Reference Count : 1]<UL><LI> startup_m251.o(.text)
</UL>
<P><STRONG><a name="[3]"></a>SendChar_ToUART</STRONG> (Thumb, 36 bytes, Stack size 0 bytes, retarget.o(.text))
<BR>[Address Reference Count : 1]<UL><LI> startup_m251.o(RESET)
</UL>
<P><STRONG><a name="[63]"></a>SendChar</STRONG> (Thumb, 36 bytes, Stack size 0 bytes, retarget.o(.text))
<BR><BR>[Called By]<UL><LI><a href="#[44]">&gt;&gt;</a>&nbsp;&nbsp;&nbsp;fputc
<LI><a href="#[62]">&gt;&gt;</a>&nbsp;&nbsp;&nbsp;_ttywrch
</UL>

<P><STRONG><a name="[4]"></a>GetChar</STRONG> (Thumb, 20 bytes, Stack size 0 bytes, retarget.o(.text))
<BR>[Address Reference Count : 1]<UL><LI> startup_m251.o(RESET)
</UL>
<P><STRONG><a name="[af]"></a>kbhit</STRONG> (Thumb, 16 bytes, Stack size 0 bytes, retarget.o(.text), UNUSED)

<P><STRONG><a name="[b0]"></a>IsDebugFifoEmpty</STRONG> (Thumb, 16 bytes, Stack size 0 bytes, retarget.o(.text), UNUSED)

<P><STRONG><a name="[62]"></a>_ttywrch</STRONG> (Thumb, 4 bytes, Stack size 0 bytes, retarget.o(.text), UNUSED)
<BR><BR>[Calls]<UL><LI><a href="#[63]">&gt;&gt;</a>&nbsp;&nbsp;&nbsp;SendChar
</UL>

<P><STRONG><a name="[44]"></a>fputc</STRONG> (Thumb, 12 bytes, Stack size 8 bytes, retarget.o(.text))
<BR><BR>[Stack]<UL><LI>Max Depth = 8<LI>Call Chain = fputc
</UL>
<BR>[Calls]<UL><LI><a href="#[63]">&gt;&gt;</a>&nbsp;&nbsp;&nbsp;SendChar
</UL>
<BR>[Called By]<UL><LI><a href="#[61]">&gt;&gt;</a>&nbsp;&nbsp;&nbsp;puts
</UL>
<BR>[Address Reference Count : 1]<UL><LI> _printf_char_file.o(.text)
</UL>
<P><STRONG><a name="[b1]"></a>fgetc</STRONG> (Thumb, 20 bytes, Stack size 0 bytes, retarget.o(.text), UNUSED)

<P><STRONG><a name="[71]"></a>ferror</STRONG> (Thumb, 6 bytes, Stack size 0 bytes, retarget.o(.text))
<BR><BR>[Called By]<UL><LI><a href="#[6f]">&gt;&gt;</a>&nbsp;&nbsp;&nbsp;_printf_char_file
</UL>

<P><STRONG><a name="[b2]"></a>UART_ClearIntFlag</STRONG> (Thumb, 88 bytes, Stack size 8 bytes, uart.o(.text), UNUSED)

<P><STRONG><a name="[b3]"></a>UART_Close</STRONG> (Thumb, 6 bytes, Stack size 0 bytes, uart.o(.text), UNUSED)

<P><STRONG><a name="[b4]"></a>UART_DisableFlowCtrl</STRONG> (Thumb, 12 bytes, Stack size 0 bytes, uart.o(.text), UNUSED)

<P><STRONG><a name="[b5]"></a>UART_DisableInt</STRONG> (Thumb, 8 bytes, Stack size 0 bytes, uart.o(.text), UNUSED)

<P><STRONG><a name="[b6]"></a>UART_EnableFlowCtrl</STRONG> (Thumb, 32 bytes, Stack size 0 bytes, uart.o(.text), UNUSED)

<P><STRONG><a name="[b7]"></a>UART_EnableInt</STRONG> (Thumb, 8 bytes, Stack size 0 bytes, uart.o(.text), UNUSED)

<P><STRONG><a name="[64]"></a>UART_Open</STRONG> (Thumb, 244 bytes, Stack size 40 bytes, uart.o(.text))
<BR><BR>[Stack]<UL><LI>Max Depth = 64<LI>Call Chain = UART_Open &rArr; CLK_GetPCLK1Freq &rArr; SystemCoreClockUpdate
</UL>
<BR>[Calls]<UL><LI><a href="#[5b]">&gt;&gt;</a>&nbsp;&nbsp;&nbsp;CLK_GetPCLK1Freq
<LI><a href="#[5a]">&gt;&gt;</a>&nbsp;&nbsp;&nbsp;CLK_GetPCLK0Freq
<LI><a href="#[59]">&gt;&gt;</a>&nbsp;&nbsp;&nbsp;CLK_GetPLLClockFreq
</UL>
<BR>[Called By]<UL><LI><a href="#[52]">&gt;&gt;</a>&nbsp;&nbsp;&nbsp;main
</UL>

<P><STRONG><a name="[b8]"></a>UART_Read</STRONG> (Thumb, 44 bytes, Stack size 16 bytes, uart.o(.text), UNUSED)

<P><STRONG><a name="[65]"></a>UART_SetLine_Config</STRONG> (Thumb, 216 bytes, Stack size 48 bytes, uart.o(.text), UNUSED)
<BR><BR>[Calls]<UL><LI><a href="#[5b]">&gt;&gt;</a>&nbsp;&nbsp;&nbsp;CLK_GetPCLK1Freq
<LI><a href="#[5a]">&gt;&gt;</a>&nbsp;&nbsp;&nbsp;CLK_GetPCLK0Freq
<LI><a href="#[59]">&gt;&gt;</a>&nbsp;&nbsp;&nbsp;CLK_GetPLLClockFreq
</UL>

<P><STRONG><a name="[b9]"></a>UART_SetTimeoutCnt</STRONG> (Thumb, 22 bytes, Stack size 0 bytes, uart.o(.text), UNUSED)

<P><STRONG><a name="[66]"></a>UART_SelectIrDAMode</STRONG> (Thumb, 232 bytes, Stack size 48 bytes, uart.o(.text), UNUSED)
<BR><BR>[Calls]<UL><LI><a href="#[5b]">&gt;&gt;</a>&nbsp;&nbsp;&nbsp;CLK_GetPCLK1Freq
<LI><a href="#[5a]">&gt;&gt;</a>&nbsp;&nbsp;&nbsp;CLK_GetPCLK0Freq
<LI><a href="#[59]">&gt;&gt;</a>&nbsp;&nbsp;&nbsp;CLK_GetPLLClockFreq
</UL>

<P><STRONG><a name="[ba]"></a>UART_SelectRS485Mode</STRONG> (Thumb, 32 bytes, Stack size 8 bytes, uart.o(.text), UNUSED)

<P><STRONG><a name="[bb]"></a>UART_SelectLINMode</STRONG> (Thumb, 24 bytes, Stack size 8 bytes, uart.o(.text), UNUSED)

<P><STRONG><a name="[bc]"></a>UART_Write</STRONG> (Thumb, 44 bytes, Stack size 16 bytes, uart.o(.text), UNUSED)

<P><STRONG><a name="[bd]"></a>UART_SelectSingleWireMode</STRONG> (Thumb, 14 bytes, Stack size 0 bytes, uart.o(.text), UNUSED)

<P><STRONG><a name="[67]"></a>SYS_Init</STRONG> (Thumb, 84 bytes, Stack size 16 bytes, main.o(.text))
<BR><BR>[Stack]<UL><LI>Max Depth = 56<LI>Call Chain = SYS_Init &rArr; CLK_SetHCLK &rArr; SystemCoreClockUpdate
</UL>
<BR>[Calls]<UL><LI><a href="#[69]">&gt;&gt;</a>&nbsp;&nbsp;&nbsp;CLK_WaitClockReady
<LI><a href="#[6b]">&gt;&gt;</a>&nbsp;&nbsp;&nbsp;CLK_SetModuleClock
<LI><a href="#[5e]">&gt;&gt;</a>&nbsp;&nbsp;&nbsp;CLK_SetHCLK
<LI><a href="#[68]">&gt;&gt;</a>&nbsp;&nbsp;&nbsp;CLK_EnableXtalRC
<LI><a href="#[6a]">&gt;&gt;</a>&nbsp;&nbsp;&nbsp;CLK_EnableModuleClock
<LI><a href="#[6c]">&gt;&gt;</a>&nbsp;&nbsp;&nbsp;Uart0DefaultMPF
<LI><a href="#[58]">&gt;&gt;</a>&nbsp;&nbsp;&nbsp;SystemCoreClockUpdate
</UL>
<BR>[Called By]<UL><LI><a href="#[52]">&gt;&gt;</a>&nbsp;&nbsp;&nbsp;main
</UL>

<P><STRONG><a name="[52]"></a>main</STRONG> (Thumb, 40 bytes, Stack size 0 bytes, main.o(.text))
<BR><BR>[Stack]<UL><LI>Max Depth = 64<LI>Call Chain = main &rArr; UART_Open &rArr; CLK_GetPCLK1Freq &rArr; SystemCoreClockUpdate
</UL>
<BR>[Calls]<UL><LI><a href="#[67]">&gt;&gt;</a>&nbsp;&nbsp;&nbsp;SYS_Init
<LI><a href="#[64]">&gt;&gt;</a>&nbsp;&nbsp;&nbsp;UART_Open
<LI><a href="#[61]">&gt;&gt;</a>&nbsp;&nbsp;&nbsp;puts
</UL>
<BR>[Called By]<UL><LI><a href="#[51]">&gt;&gt;</a>&nbsp;&nbsp;&nbsp;__rt_entry_main
</UL>

<P><STRONG><a name="[2b]"></a>UART0_IRQHandler</STRONG> (Thumb, 164 bytes, Stack size 24 bytes, main.o(.text))
<BR><BR>[Stack]<UL><LI>Max Depth = 152<LI>Call Chain = UART0_IRQHandler &rArr; __2printf &rArr; _printf_char_file &rArr; _printf_char_common &rArr; __printf
</UL>
<BR>[Calls]<UL><LI><a href="#[6d]">&gt;&gt;</a>&nbsp;&nbsp;&nbsp;__2printf
</UL>
<BR>[Address Reference Count : 1]<UL><LI> startup_m251.o(RESET)
</UL>
<P><STRONG><a name="[6e]"></a>UART_TEST_HANDLE</STRONG> (Thumb, 164 bytes, Stack size 24 bytes, main.o(.text), UNUSED)
<BR><BR>[Calls]<UL><LI><a href="#[6d]">&gt;&gt;</a>&nbsp;&nbsp;&nbsp;__2printf
</UL>

<P><STRONG><a name="[6d]"></a>__2printf</STRONG> (Thumb, 22 bytes, Stack size 24 bytes, noretval__2printf.o(.text))
<BR><BR>[Stack]<UL><LI>Max Depth = 128<LI>Call Chain = __2printf &rArr; _printf_char_file &rArr; _printf_char_common &rArr; __printf
</UL>
<BR>[Calls]<UL><LI><a href="#[6f]">&gt;&gt;</a>&nbsp;&nbsp;&nbsp;_printf_char_file
</UL>
<BR>[Called By]<UL><LI><a href="#[6e]">&gt;&gt;</a>&nbsp;&nbsp;&nbsp;UART_TEST_HANDLE
<LI><a href="#[2b]">&gt;&gt;</a>&nbsp;&nbsp;&nbsp;UART0_IRQHandler
</UL>

<P><STRONG><a name="[61]"></a>puts</STRONG> (Thumb, 38 bytes, Stack size 8 bytes, puts.o(.text))
<BR><BR>[Stack]<UL><LI>Max Depth = 16<LI>Call Chain = puts &rArr; fputc
</UL>
<BR>[Calls]<UL><LI><a href="#[44]">&gt;&gt;</a>&nbsp;&nbsp;&nbsp;fputc
</UL>
<BR>[Called By]<UL><LI><a href="#[52]">&gt;&gt;</a>&nbsp;&nbsp;&nbsp;main
<LI><a href="#[42]">&gt;&gt;</a>&nbsp;&nbsp;&nbsp;ProcessHardFault
</UL>

<P><STRONG><a name="[be]"></a>__use_two_region_memory</STRONG> (Thumb, 2 bytes, Stack size 0 bytes, heapauxi.o(.text), UNUSED)

<P><STRONG><a name="[bf]"></a>__rt_heap_escrow$2region</STRONG> (Thumb, 2 bytes, Stack size 0 bytes, heapauxi.o(.text), UNUSED)

<P><STRONG><a name="[c0]"></a>__rt_heap_expand$2region</STRONG> (Thumb, 2 bytes, Stack size 0 bytes, heapauxi.o(.text), UNUSED)

<P><STRONG><a name="[6f]"></a>_printf_char_file</STRONG> (Thumb, 34 bytes, Stack size 16 bytes, _printf_char_file.o(.text))
<BR><BR>[Stack]<UL><LI>Max Depth = 104<LI>Call Chain = _printf_char_file &rArr; _printf_char_common &rArr; __printf
</UL>
<BR>[Calls]<UL><LI><a href="#[71]">&gt;&gt;</a>&nbsp;&nbsp;&nbsp;ferror
<LI><a href="#[70]">&gt;&gt;</a>&nbsp;&nbsp;&nbsp;_printf_char_common
</UL>
<BR>[Called By]<UL><LI><a href="#[6d]">&gt;&gt;</a>&nbsp;&nbsp;&nbsp;__2printf
</UL>

<P><STRONG><a name="[70]"></a>_printf_char_common</STRONG> (Thumb, 32 bytes, Stack size 64 bytes, _printf_char_common.o(.text))
<BR><BR>[Stack]<UL><LI>Max Depth = 88<LI>Call Chain = _printf_char_common &rArr; __printf
</UL>
<BR>[Calls]<UL><LI><a href="#[72]">&gt;&gt;</a>&nbsp;&nbsp;&nbsp;__printf
</UL>
<BR>[Called By]<UL><LI><a href="#[6f]">&gt;&gt;</a>&nbsp;&nbsp;&nbsp;_printf_char_file
</UL>

<P><STRONG><a name="[4e]"></a>__user_setup_stackheap</STRONG> (Thumb, 62 bytes, Stack size 8 bytes, sys_stackheap_outer.o(.text))
<BR><BR>[Stack]<UL><LI>Max Depth = 8<LI>Call Chain = __user_setup_stackheap
</UL>
<BR>[Calls]<UL><LI><a href="#[46]">&gt;&gt;</a>&nbsp;&nbsp;&nbsp;__user_initial_stackheap
<LI><a href="#[73]">&gt;&gt;</a>&nbsp;&nbsp;&nbsp;__user_perproc_libspace
</UL>
<BR>[Called By]<UL><LI><a href="#[4d]">&gt;&gt;</a>&nbsp;&nbsp;&nbsp;__rt_entry_sh
</UL>

<P><STRONG><a name="[72]"></a>__printf</STRONG> (Thumb, 36 bytes, Stack size 24 bytes, __printf_nopercent.o(.text))
<BR><BR>[Stack]<UL><LI>Max Depth = 24<LI>Call Chain = __printf
</UL>
<BR>[Called By]<UL><LI><a href="#[70]">&gt;&gt;</a>&nbsp;&nbsp;&nbsp;_printf_char_common
</UL>

<P><STRONG><a name="[53]"></a>exit</STRONG> (Thumb, 16 bytes, Stack size 8 bytes, exit.o(.text))
<BR><BR>[Stack]<UL><LI>Max Depth = 8 + Unknown Stack Size
<LI>Call Chain = exit
</UL>
<BR>[Calls]<UL><LI><a href="#[75]">&gt;&gt;</a>&nbsp;&nbsp;&nbsp;__rt_exit
<LI><a href="#[74]">&gt;&gt;</a>&nbsp;&nbsp;&nbsp;_call_atexit_fns (Weak Reference)
</UL>
<BR>[Called By]<UL><LI><a href="#[51]">&gt;&gt;</a>&nbsp;&nbsp;&nbsp;__rt_entry_main
</UL>

<P><STRONG><a name="[c1]"></a>__user_libspace</STRONG> (Thumb, 8 bytes, Stack size 0 bytes, libspace.o(.text), UNUSED)

<P><STRONG><a name="[73]"></a>__user_perproc_libspace</STRONG> (Thumb, 0 bytes, Stack size 0 bytes, libspace.o(.text))
<BR><BR>[Called By]<UL><LI><a href="#[4e]">&gt;&gt;</a>&nbsp;&nbsp;&nbsp;__user_setup_stackheap
</UL>

<P><STRONG><a name="[c2]"></a>__user_perthread_libspace</STRONG> (Thumb, 0 bytes, Stack size 0 bytes, libspace.o(.text), UNUSED)

<P><STRONG><a name="[57]"></a>_sys_exit</STRONG> (Thumb, 8 bytes, Stack size 0 bytes, sys_exit.o(.text))
<BR><BR>[Called By]<UL><LI><a href="#[56]">&gt;&gt;</a>&nbsp;&nbsp;&nbsp;__rt_exit_exit
</UL>

<P><STRONG><a name="[c3]"></a>__I$use$semihosting</STRONG> (Thumb, 0 bytes, Stack size 0 bytes, use_no_semi.o(.text), UNUSED)

<P><STRONG><a name="[c4]"></a>__use_no_semihosting_swi</STRONG> (Thumb, 2 bytes, Stack size 0 bytes, use_no_semi.o(.text), UNUSED)

<P><STRONG><a name="[c5]"></a>__semihosting_library_function</STRONG> (Thumb, 0 bytes, Stack size unknown bytes, indicate_semi.o(.text), UNUSED)
<P>
<H3>
Local Symbols
</H3>
<P><STRONG><a name="[45]"></a>_printf_input_char</STRONG> (Thumb, 10 bytes, Stack size 0 bytes, _printf_char_common.o(.text))
<BR>[Address Reference Count : 1]<UL><LI> _printf_char_common.o(.text)
</UL><P>
<H3>
Undefined Global Symbols
</H3>
<P><STRONG><a name="[74]"></a>_call_atexit_fns</STRONG> (ARM, 0 bytes, Stack size 0 bytes, UNDEFINED)
<BR><BR>[Called By]<UL><LI><a href="#[53]">&gt;&gt;</a>&nbsp;&nbsp;&nbsp;exit
</UL>
<HR></body></html>
