<html>
<body>
<pre>
<h1>µVision Build Log</h1>
<h2>Tool Versions:</h2>
IDE-Version: µVision V5.31.0.0
Copyright (C) 2020 ARM Ltd and ARM Germany GmbH. All rights reserved.
License Information: Sean Chiu, NKP, LIC=SVR55-GZWZU-2AB7U-5AUJ7-47UGM-XJR90
 
Tool Versions:
Toolchain:       MDK-ARM Cortex-M0/M23 for Nuvoton  Version: 5.31.0.0
Toolchain Path:  C:\Keil_v5\ARM\ARMCLANG\Bin
C Compiler:      ArmClang.exe V6.14
Assembler:       Armasm.exe V6.14
Linker/Locator:  ArmLink.exe V6.14
Library Manager: ArmAr.exe V6.14
Hex Converter:   FromElf.exe V6.14
CPU DLL:         
Dialog DLL:      
Target DLL:      Nu_Link.dll V3.03
Dialog DLL:      TCM.DLL V1.46.0.0
 
<h2>Project:</h2>
C:\Work\Keil WorkSpace\Furbo\Keil\Furbo.uvprojx
Project File Date:  09/24/2020

<h2>Output:</h2>
*** Using Compiler 'V6.14', folder: 'C:\Keil_v5\ARM\ARMCLANG\Bin'
Build target 'Furbo'
creating preprocessor file for system_M251.c...
creating preprocessor file for clk.c...
creating preprocessor file for retarget.c...
creating preprocessor file for sys.c...
creating preprocessor file for uart.c...
creating preprocessor file for gpio.c...
creating preprocessor file for main.c...
creating preprocessor file for My_Func.c...
creating preprocessor file for MyDev_LED.c...
creating preprocessor file for MyFunc_CLI.c...
creating preprocessor file for MyFunc_CLI_Commands.c...
creating preprocessor file for MyMCU_GPIO.c...
creating preprocessor file for MyMCU_SYS.c...
creating preprocessor file for MyMCU_UART.c...
creating list file for MyDev_Motor.c...
creating preprocessor file for MyDev_Motor.c...
compiling MyDev_Motor.c...
linking...
Program Size: Code=17448 RO-data=2140 RW-data=364 ZI-data=2536  
".\Objects\Furbo.axf" - 0 Error(s), 0 Warning(s).

<h2>Software Packages used:</h2>

Package Vendor: ARM
                http://www.keil.com/pack/ARM.CMSIS.5.7.0.pack
                ARM.CMSIS.5.7.0
                CMSIS (Cortex Microcontroller Software Interface Standard)
   * Component: CORE Version: 5.4.0

Package Vendor: Nuvoton
                http://www.nuvoton.com/hq/enu/Documents/KEILSoftwarePack/Nuvoton.NuMicro_DFP.1.3.9.pack
                Nuvoton.NuMicro_DFP.1.3.9
                Nuvoton ARM Cortex-M NuMicro Family Device Support

<h2>Collection of Component include folders:</h2>
  .\RTE\_Furbo
  C:\Users\SeanChiu\AppData\Local\Arm\Packs\ARM\CMSIS\5.7.0\CMSIS\Core\Include
  C:\Users\SeanChiu\AppData\Local\Arm\Packs\Nuvoton\NuMicro_DFP\1.3.9\Device\M251\Include

<h2>Collection of Component Files used:</h2>

   * Component: ARM::CMSIS:CORE:5.4.0
Build Time Elapsed:  00:00:03
</pre>
</body>
</html>
