Component: ARM Compiler 6.14 Tool: armlink [5db06800]

==============================================================================

Image Symbol Table

    Local Symbols

    Symbol Name                              Value     Ov Type        Size  Object(Section)

    ../clib/microlib/division.c              0x00000000   Number         0  uidiv.o ABSOLUTE
    ../clib/microlib/division.c              0x00000000   Number         0  uldiv.o ABSOLUTE
    ../clib/microlib/init/entry.s            0x00000000   Number         0  entry.o ABSOLUTE
    ../clib/microlib/init/entry.s            0x00000000   Number         0  entry2.o ABSOLUTE
    ../clib/microlib/init/entry.s            0x00000000   Number         0  entry5.o ABSOLUTE
    ../clib/microlib/init/entry.s            0x00000000   Number         0  entry7a.o ABSOLUTE
    ../clib/microlib/init/entry.s            0x00000000   Number         0  entry7b.o ABSOLUTE
    ../clib/microlib/init/entry.s            0x00000000   Number         0  entry8a.o ABSOLUTE
    ../clib/microlib/init/entry.s            0x00000000   Number         0  entry8b.o ABSOLUTE
    ../clib/microlib/init/entry.s            0x00000000   Number         0  entry9a.o ABSOLUTE
    ../clib/microlib/init/entry.s            0x00000000   Number         0  entry9b.o ABSOLUTE
    ../clib/microlib/init/entry.s            0x00000000   Number         0  entry10a.o ABSOLUTE
    ../clib/microlib/init/entry.s            0x00000000   Number         0  entry10b.o ABSOLUTE
    ../clib/microlib/init/entry.s            0x00000000   Number         0  entry11a.o ABSOLUTE
    ../clib/microlib/init/entry.s            0x00000000   Number         0  entry11b.o ABSOLUTE
    ../clib/microlib/longlong.c              0x00000000   Number         0  llshl.o ABSOLUTE
    ../clib/microlib/longlong.c              0x00000000   Number         0  llushr.o ABSOLUTE
    ../clib/microlib/longlong.c              0x00000000   Number         0  llsshr.o ABSOLUTE
    ../clib/microlib/printf/printf.c         0x00000000   Number         0  printfa.o ABSOLUTE
    ../clib/microlib/string/strcmp.c         0x00000000   Number         0  strcmp.o ABSOLUTE
    ../clib/microlib/string/strcpy.c         0x00000000   Number         0  strcpy.o ABSOLUTE
    ../clib/microlib/stubs.s                 0x00000000   Number         0  iusefp.o ABSOLUTE
    ../fplib/microlib/fpadd.c                0x00000000   Number         0  dadd.o ABSOLUTE
    ../fplib/microlib/fpdiv.c                0x00000000   Number         0  ddiv.o ABSOLUTE
    ../fplib/microlib/fpepilogue.c           0x00000000   Number         0  depilogue.o ABSOLUTE
    ../fplib/microlib/fpfix.c                0x00000000   Number         0  dfixul.o ABSOLUTE
    ../fplib/microlib/fpmul.c                0x00000000   Number         0  dmul.o ABSOLUTE
    ..\..\Library\Nuvoton\M251_252_Series\Device\Nuvoton\M251\Source\ARM\startup_M251.s 0x00000000   Number         0  startup_m251.o ABSOLUTE
    MyFunc_CLI.c                             0x00000000   Number         0  myfunc_cli.o ABSOLUTE
    MyFunc_CLI_Commands.c                    0x00000000   Number         0  myfunc_cli_commands.o ABSOLUTE
    MyMCU_GPIO.c                             0x00000000   Number         0  mymcu_gpio.o ABSOLUTE
    MyMCU_SYS.c                              0x00000000   Number         0  mymcu_sys.o ABSOLUTE
    MyMCU_UART.c                             0x00000000   Number         0  mymcu_uart.o ABSOLUTE
    My_Func.c                                0x00000000   Number         0  my_func.o ABSOLUTE
    cdrcmple.s                               0x00000000   Number         0  cdrcmple.o ABSOLUTE
    clk.c                                    0x00000000   Number         0  clk.o ABSOLUTE
    dc.s                                     0x00000000   Number         0  dc.o ABSOLUTE
    gpio.c                                   0x00000000   Number         0  gpio.o ABSOLUTE
    handlers.s                               0x00000000   Number         0  handlers.o ABSOLUTE
    init.s                                   0x00000000   Number         0  init.o ABSOLUTE
    main.c                                   0x00000000   Number         0  main.o ABSOLUTE
    retarget.c                               0x00000000   Number         0  retarget.o ABSOLUTE
    sys.c                                    0x00000000   Number         0  sys.o ABSOLUTE
    system_M251.c                            0x00000000   Number         0  system_m251.o ABSOLUTE
    uart.c                                   0x00000000   Number         0  uart.o ABSOLUTE
    RESET                                    0x00000000   Section      320  startup_m251.o(RESET)
    .ARM.Collect$$$$00000000                 0x00000140   Section        0  entry.o(.ARM.Collect$$$$00000000)
    .ARM.Collect$$$$00000001                 0x00000140   Section        4  entry2.o(.ARM.Collect$$$$00000001)
    .ARM.Collect$$$$00000004                 0x00000144   Section        4  entry5.o(.ARM.Collect$$$$00000004)
    .ARM.Collect$$$$00000008                 0x00000148   Section        0  entry7b.o(.ARM.Collect$$$$00000008)
    .ARM.Collect$$$$0000000A                 0x00000148   Section        0  entry8b.o(.ARM.Collect$$$$0000000A)
    .ARM.Collect$$$$0000000B                 0x00000148   Section        8  entry9a.o(.ARM.Collect$$$$0000000B)
    __lit__00000000                          0x00000150   Data           4  entry2.o(.ARM.Collect$$$$00002712)
    .ARM.Collect$$$$0000000D                 0x00000150   Section        0  entry10a.o(.ARM.Collect$$$$0000000D)
    .ARM.Collect$$$$0000000F                 0x00000150   Section        0  entry11a.o(.ARM.Collect$$$$0000000F)
    .ARM.Collect$$$$00002712                 0x00000150   Section        4  entry2.o(.ARM.Collect$$$$00002712)
    [Anonymous Symbol]                       0x00000154   Section        0  system_m251.o(.text)
    __arm_cp.0_0                             0x000001b4   Number         4  system_m251.o(.text)
    __arm_cp.0_1                             0x000001b8   Number         4  system_m251.o(.text)
    __arm_cp.0_2                             0x000001bc   Number         4  system_m251.o(.text)
    __arm_cp.0_3                             0x000001c0   Number         4  system_m251.o(.text)
    __arm_cp.0_4                             0x000001c4   Number         4  system_m251.o(.text)
    __arm_cp.0_5                             0x000001c8   Number         4  system_m251.o(.text)
    __arm_cp.0_6                             0x000001cc   Number         4  system_m251.o(.text)
    __arm_cp.0_7                             0x000001d0   Number         4  system_m251.o(.text)
    __arm_cp.1_0                             0x000001ec   Number         4  system_m251.o(.text)
    __arm_cp.1_1                             0x000001f0   Number         4  system_m251.o(.text)
    __arm_cp.1_2                             0x000001f4   Number         4  system_m251.o(.text)
    __arm_cp.2_0                             0x0000021c   Number         4  system_m251.o(.text)
    .text                                    0x00000220   Section      116  startup_m251.o(.text)
    [Anonymous Symbol]                       0x00000294   Section        0  clk.o(.text)
    __arm_cp.0_0                             0x000002a0   Number         4  clk.o(.text)
    __arm_cp.1_0                             0x000002d8   Number         4  clk.o(.text)
    __arm_cp.1_1                             0x000002dc   Number         4  clk.o(.text)
    __arm_cp.1_2                             0x000002e0   Number         4  clk.o(.text)
    __arm_cp.2_0                             0x00000324   Number         4  clk.o(.text)
    __arm_cp.2_1                             0x00000328   Number         4  clk.o(.text)
    __arm_cp.2_2                             0x0000032c   Number         4  clk.o(.text)
    __arm_cp.2_3                             0x00000330   Number         4  clk.o(.text)
    __arm_cp.3_0                             0x0000034c   Number         4  clk.o(.text)
    __arm_cp.3_1                             0x00000350   Number         4  clk.o(.text)
    __arm_cp.4_0                             0x00000374   Number         4  clk.o(.text)
    __arm_cp.4_1                             0x00000378   Number         4  clk.o(.text)
    __arm_cp.5_0                             0x000003a0   Number         4  clk.o(.text)
    __arm_cp.6_0                             0x00000424   Number         4  clk.o(.text)
    __arm_cp.6_1                             0x00000428   Number         4  clk.o(.text)
    __arm_cp.7_0                             0x000004b4   Number         4  clk.o(.text)
    __arm_cp.7_1                             0x000004b8   Number         4  clk.o(.text)
    __arm_cp.8_0                             0x000004c8   Number         4  clk.o(.text)
    __arm_cp.9_0                             0x000004d8   Number         4  clk.o(.text)
    __arm_cp.10_0                            0x0000057c   Number         4  clk.o(.text)
    __arm_cp.10_1                            0x00000580   Number         4  clk.o(.text)
    __arm_cp.10_2                            0x00000584   Number         4  clk.o(.text)
    __arm_cp.10_3                            0x00000588   Number         4  clk.o(.text)
    __arm_cp.11_0                            0x0000059c   Number         4  clk.o(.text)
    __arm_cp.12_0                            0x00000840   Number         4  clk.o(.text)
    __arm_cp.12_1                            0x00000844   Number         4  clk.o(.text)
    __arm_cp.12_2                            0x00000848   Number         4  clk.o(.text)
    __arm_cp.12_3                            0x0000084c   Number         4  clk.o(.text)
    __arm_cp.12_4                            0x00000850   Number         4  clk.o(.text)
    __arm_cp.12_5                            0x00000854   Number         4  clk.o(.text)
    __arm_cp.12_6                            0x00000858   Number         4  clk.o(.text)
    __arm_cp.12_7                            0x0000085c   Number         4  clk.o(.text)
    __arm_cp.12_8                            0x00000860   Number         4  clk.o(.text)
    __arm_cp.12_9                            0x00000864   Number         4  clk.o(.text)
    __arm_cp.12_10                           0x00000868   Number         4  clk.o(.text)
    __arm_cp.12_11                           0x0000086c   Number         4  clk.o(.text)
    __arm_cp.12_12                           0x00000870   Number         4  clk.o(.text)
    __arm_cp.12_13                           0x00000874   Number         4  clk.o(.text)
    __arm_cp.12_14                           0x00000878   Number         4  clk.o(.text)
    __arm_cp.12_15                           0x0000087c   Number         4  clk.o(.text)
    __arm_cp.13_0                            0x000008b8   Number         4  clk.o(.text)
    __arm_cp.13_1                            0x000008bc   Number         4  clk.o(.text)
    __arm_cp.14_0                            0x00000924   Number         4  clk.o(.text)
    __arm_cp.14_1                            0x00000928   Number         4  clk.o(.text)
    __arm_cp.14_2                            0x0000092c   Number         4  clk.o(.text)
    __arm_cp.14_3                            0x00000930   Number         4  clk.o(.text)
    __arm_cp.15_0                            0x000009dc   Number         4  clk.o(.text)
    __arm_cp.15_1                            0x000009e0   Number         4  clk.o(.text)
    __arm_cp.15_2                            0x000009e4   Number         4  clk.o(.text)
    __arm_cp.15_3                            0x000009e8   Number         4  clk.o(.text)
    __arm_cp.15_4                            0x000009ec   Number         4  clk.o(.text)
    __arm_cp.15_5                            0x000009f0   Number         4  clk.o(.text)
    __arm_cp.16_0                            0x00000aa0   Number         4  clk.o(.text)
    __arm_cp.16_1                            0x00000aa4   Number         4  clk.o(.text)
    __arm_cp.16_2                            0x00000aa8   Number         4  clk.o(.text)
    __arm_cp.16_3                            0x00000aac   Number         4  clk.o(.text)
    __arm_cp.17_0                            0x00000ac8   Number         4  clk.o(.text)
    __arm_cp.18_0                            0x00000ae0   Number         4  clk.o(.text)
    __arm_cp.19_0                            0x00000af8   Number         4  clk.o(.text)
    __arm_cp.20_0                            0x00000b30   Number         4  clk.o(.text)
    __arm_cp.20_1                            0x00000b34   Number         4  clk.o(.text)
    __arm_cp.21_0                            0x00000b6c   Number         4  clk.o(.text)
    __arm_cp.21_1                            0x00000b70   Number         4  clk.o(.text)
    __arm_cp.22_0                            0x00000bc0   Number         4  clk.o(.text)
    __arm_cp.22_1                            0x00000bc4   Number         4  clk.o(.text)
    __arm_cp.22_2                            0x00000bc8   Number         4  clk.o(.text)
    __arm_cp.22_3                            0x00000bcc   Number         4  clk.o(.text)
    __arm_cp.23_0                            0x00000bd8   Number         4  clk.o(.text)
    __arm_cp.24_0                            0x00000bf4   Number         4  clk.o(.text)
    __arm_cp.25_0                            0x00000c8c   Number         4  clk.o(.text)
    __arm_cp.26_0                            0x00000ca8   Number         4  clk.o(.text)
    __arm_cp.27_0                            0x00000cc4   Number         4  clk.o(.text)
    __arm_cp.28_0                            0x00000ce0   Number         4  clk.o(.text)
    __arm_cp.29_0                            0x00000cfc   Number         4  clk.o(.text)
    __arm_cp.30_0                            0x00000d18   Number         4  clk.o(.text)
    __arm_cp.31_0                            0x00000d24   Number         4  clk.o(.text)
    __arm_cp.32_0                            0x00000dec   Number         4  clk.o(.text)
    __arm_cp.32_1                            0x00000df0   Number         4  clk.o(.text)
    __arm_cp.32_2                            0x00000df4   Number         4  clk.o(.text)
    __arm_cp.32_3                            0x00000df8   Number         4  clk.o(.text)
    __arm_cp.32_4                            0x00000dfc   Number         4  clk.o(.text)
    __arm_cp.32_5                            0x00000e00   Number         4  clk.o(.text)
    __arm_cp.32_6                            0x00000e04   Number         4  clk.o(.text)
    __arm_cp.33_0                            0x00000e60   Number         4  clk.o(.text)
    __arm_cp.33_1                            0x00000e64   Number         4  clk.o(.text)
    [Anonymous Symbol]                       0x00000e68   Section        0  retarget.o(.text)
    __arm_cp.1_0                             0x00000ef0   Number         4  retarget.o(.text)
    __arm_cp.1_1                             0x00000ef4   Number         4  retarget.o(.text)
    __arm_cp.1_2                             0x00000ef8   Number         4  retarget.o(.text)
    DumpStack                                0x00000efd   Thumb Code     8  retarget.o(.text)
    __arm_cp.3_0                             0x00000f44   Number         4  retarget.o(.text)
    __arm_cp.3_1                             0x00000f48   Number         4  retarget.o(.text)
    __arm_cp.5_0                             0x00000f74   Number         4  retarget.o(.text)
    __arm_cp.5_1                             0x00000f78   Number         4  retarget.o(.text)
    __arm_cp.6_0                             0x00000f8c   Number         4  retarget.o(.text)
    __arm_cp.7_0                             0x00000fa0   Number         4  retarget.o(.text)
    [Anonymous Symbol]                       0x00000fe4   Section        0  sys.o(.text)
    __arm_cp.0_0                             0x00000ff8   Number         4  sys.o(.text)
    __arm_cp.1_0                             0x00001008   Number         4  sys.o(.text)
    __arm_cp.2_0                             0x00001014   Number         4  sys.o(.text)
    __arm_cp.3_0                             0x00001028   Number         4  sys.o(.text)
    __arm_cp.5_0                             0x00001040   Number         4  sys.o(.text)
    __arm_cp.6_0                             0x00001050   Number         4  sys.o(.text)
    __arm_cp.7_0                             0x00001088   Number         4  sys.o(.text)
    __arm_cp.7_1                             0x0000108c   Number         4  sys.o(.text)
    __arm_cp.8_0                             0x000010c0   Number         4  sys.o(.text)
    __arm_cp.9_0                             0x000010d0   Number         4  sys.o(.text)
    __arm_cp.10_0                            0x000010ec   Number         4  sys.o(.text)
    [Anonymous Symbol]                       0x000010f0   Section        0  uart.o(.text)
    __arm_cp.0_0                             0x00001184   Number         4  uart.o(.text)
    __arm_cp.0_1                             0x00001188   Number         4  uart.o(.text)
    __arm_cp.6_0                             0x00001364   Number         4  uart.o(.text)
    __arm_cp.6_1                             0x00001368   Number         4  uart.o(.text)
    __arm_cp.6_2                             0x0000136c   Number         4  uart.o(.text)
    __arm_cp.6_3                             0x00001370   Number         4  uart.o(.text)
    __arm_cp.6_4                             0x00001374   Number         4  uart.o(.text)
    __arm_cp.6_5                             0x00001378   Number         4  uart.o(.text)
    __arm_cp.6_6                             0x0000137c   Number         4  uart.o(.text)
    __arm_cp.6_7                             0x00001380   Number         4  uart.o(.text)
    __arm_cp.6_8                             0x00001384   Number         4  uart.o(.text)
    __arm_cp.8_0                             0x00001554   Number         4  uart.o(.text)
    __arm_cp.8_1                             0x00001558   Number         4  uart.o(.text)
    __arm_cp.8_2                             0x0000155c   Number         4  uart.o(.text)
    __arm_cp.8_3                             0x00001560   Number         4  uart.o(.text)
    __arm_cp.8_4                             0x00001564   Number         4  uart.o(.text)
    __arm_cp.8_5                             0x00001568   Number         4  uart.o(.text)
    __arm_cp.8_6                             0x0000156c   Number         4  uart.o(.text)
    __arm_cp.8_7                             0x00001570   Number         4  uart.o(.text)
    __arm_cp.10_0                            0x000016fc   Number         4  uart.o(.text)
    __arm_cp.10_1                            0x00001700   Number         4  uart.o(.text)
    __arm_cp.10_2                            0x00001704   Number         4  uart.o(.text)
    __arm_cp.10_3                            0x00001708   Number         4  uart.o(.text)
    __arm_cp.10_4                            0x0000170c   Number         4  uart.o(.text)
    __arm_cp.10_5                            0x00001710   Number         4  uart.o(.text)
    __arm_cp.10_6                            0x00001714   Number         4  uart.o(.text)
    __arm_cp.10_7                            0x00001718   Number         4  uart.o(.text)
    __arm_cp.10_8                            0x0000171c   Number         4  uart.o(.text)
    __arm_cp.11_0                            0x0000174c   Number         4  uart.o(.text)
    [Anonymous Symbol]                       0x00001800   Section        0  gpio.o(.text)
    __arm_cp.2_0                             0x000018a4   Number         4  gpio.o(.text)
    [Anonymous Symbol]                       0x00001940   Section        0  main.o(.text)
    __arm_cp.0_0                             0x00001988   Number         4  main.o(.text)
    SYS_UnlockReg                            0x0000198d   Thumb Code    36  main.o(.text)
    __arm_cp.1_0                             0x000019ac   Number         4  main.o(.text)
    SYS_LockReg                              0x000019b1   Thumb Code    12  main.o(.text)
    __arm_cp.2_0                             0x000019b8   Number         4  main.o(.text)
    __arm_cp.3_0                             0x000019fc   Number         4  main.o(.text)
    __arm_cp.3_1                             0x00001a00   Number         4  main.o(.text)
    __arm_cp.3_2                             0x00001a04   Number         4  main.o(.text)
    __arm_cp.3_3                             0x00001a08   Number         4  main.o(.text)
    [Anonymous Symbol]                       0x00001a14   Section        0  mymcu_uart.o(.text)
    __arm_cp.1_0                             0x00001a98   Number         4  mymcu_uart.o(.text)
    __arm_cp.1_1                             0x00001a9c   Number         4  mymcu_uart.o(.text)
    __arm_cp.1_2                             0x00001aa0   Number         4  mymcu_uart.o(.text)
    __arm_cp.1_3                             0x00001aa4   Number         4  mymcu_uart.o(.text)
    SYS_UnlockReg                            0x00001aa9   Thumb Code    36  mymcu_uart.o(.text)
    __arm_cp.2_0                             0x00001ac8   Number         4  mymcu_uart.o(.text)
    SYS_LockReg                              0x00001acd   Thumb Code    12  mymcu_uart.o(.text)
    __arm_cp.3_0                             0x00001ad4   Number         4  mymcu_uart.o(.text)
    __NVIC_EnableIRQ                         0x00001ad9   Thumb Code    52  mymcu_uart.o(.text)
    __arm_cp.4_0                             0x00001b08   Number         4  mymcu_uart.o(.text)
    __arm_cp.5_0                             0x00001b24   Number         4  mymcu_uart.o(.text)
    __arm_cp.6_0                             0x00001b74   Number         4  mymcu_uart.o(.text)
    __arm_cp.6_1                             0x00001b78   Number         4  mymcu_uart.o(.text)
    __arm_cp.7_0                             0x00001c78   Number         4  mymcu_uart.o(.text)
    __arm_cp.7_1                             0x00001c7c   Number         4  mymcu_uart.o(.text)
    __arm_cp.7_2                             0x00001c80   Number         4  mymcu_uart.o(.text)
    __arm_cp.7_3                             0x00001c84   Number         4  mymcu_uart.o(.text)
    __arm_cp.7_4                             0x00001c88   Number         4  mymcu_uart.o(.text)
    __arm_cp.7_5                             0x00001c8c   Number         4  mymcu_uart.o(.text)
    __arm_cp.8_0                             0x00001cb4   Number         4  mymcu_uart.o(.text)
    __arm_cp.9_0                             0x00001cc0   Number         4  mymcu_uart.o(.text)
    __arm_cp.10_0                            0x00001ce8   Number         4  mymcu_uart.o(.text)
    __arm_cp.10_1                            0x00001cec   Number         4  mymcu_uart.o(.text)
    [Anonymous Symbol]                       0x00001cf0   Section        0  mymcu_gpio.o(.text)
    __arm_cp.0_0                             0x00001d20   Number         4  mymcu_gpio.o(.text)
    __arm_cp.0_1                             0x00001d24   Number         4  mymcu_gpio.o(.text)
    __arm_cp.1_0                             0x00001d60   Number         4  mymcu_gpio.o(.text)
    __arm_cp.1_1                             0x00001d64   Number         4  mymcu_gpio.o(.text)
    __arm_cp.2_0                             0x00001da0   Number         4  mymcu_gpio.o(.text)
    __arm_cp.2_1                             0x00001da4   Number         4  mymcu_gpio.o(.text)
    __arm_cp.3_0                             0x00001dcc   Number         4  mymcu_gpio.o(.text)
    __arm_cp.4_0                             0x00001e20   Number         4  mymcu_gpio.o(.text)
    [Anonymous Symbol]                       0x00001ef0   Section        0  my_func.o(.text)
    __arm_cp.0_0                             0x00001f10   Number         4  my_func.o(.text)
    __arm_cp.0_1                             0x00001f14   Number         4  my_func.o(.text)
    [Anonymous Symbol]                       0x00001fa0   Section        0  myfunc_cli.o(.text)
    __arm_cp.0_0                             0x00001fc0   Number         4  myfunc_cli.o(.text)
    __arm_cp.1_0                             0x00001fe0   Number         4  myfunc_cli.o(.text)
    __arm_cp.2_0                             0x00002000   Number         4  myfunc_cli.o(.text)
    __arm_cp.3_0                             0x00002024   Number         4  myfunc_cli.o(.text)
    MyCLI_StringToUnsignedInt                0x00002045   Thumb Code   256  myfunc_cli.o(.text)
    __arm_cp.5_0                             0x00002140   Number         4  myfunc_cli.o(.text)
    __arm_cp.6_0                             0x000023a8   Number         4  myfunc_cli.o(.text)
    MyCLI_CallCommandAction                  0x000023ad   Thumb Code   476  myfunc_cli.o(.text)
    __arm_cp.7_0                             0x00002578   Number         4  myfunc_cli.o(.text)
    __arm_cp.7_1                             0x0000257c   Number         4  myfunc_cli.o(.text)
    __arm_cp.7_2                             0x00002580   Number         4  myfunc_cli.o(.text)
    __arm_cp.7_3                             0x00002584   Number         4  myfunc_cli.o(.text)
    __arm_cp.8_0                             0x00002640   Number         4  myfunc_cli.o(.text)
    __arm_cp.8_1                             0x00002644   Number         4  myfunc_cli.o(.text)
    __arm_cp.8_2                             0x00002648   Number         4  myfunc_cli.o(.text)
    __arm_cp.9_0                             0x00002678   Number         4  myfunc_cli.o(.text)
    __arm_cp.9_1                             0x0000267c   Number         4  myfunc_cli.o(.text)
    __arm_cp.9_2                             0x00002680   Number         4  myfunc_cli.o(.text)
    __arm_cp.10_0                            0x00002698   Number         4  myfunc_cli.o(.text)
    MyCLI_CommandLookup                      0x0000269d   Thumb Code   182  myfunc_cli.o(.text)
    MyCLI_FirstByteOfArg                     0x00002755   Thumb Code    44  myfunc_cli.o(.text)
    __arm_cp.12_0                            0x0000277c   Number         4  myfunc_cli.o(.text)
    [Anonymous Symbol]                       0x00002780   Section        0  myfunc_cli_commands.o(.text)
    __arm_cp.0_0                             0x00002824   Number         4  myfunc_cli_commands.o(.text)
    __arm_cp.0_1                             0x00002828   Number         4  myfunc_cli_commands.o(.text)
    __arm_cp.0_2                             0x0000282c   Number         4  myfunc_cli_commands.o(.text)
    __arm_cp.0_3                             0x00002830   Number         4  myfunc_cli_commands.o(.text)
    __arm_cp.0_4                             0x00002834   Number         4  myfunc_cli_commands.o(.text)
    __arm_cp.0_5                             0x00002838   Number         4  myfunc_cli_commands.o(.text)
    __arm_cp.0_6                             0x0000283c   Number         4  myfunc_cli_commands.o(.text)
    __arm_cp.0_7                             0x00002840   Number         4  myfunc_cli_commands.o(.text)
    __arm_cp.0_8                             0x00002844   Number         4  myfunc_cli_commands.o(.text)
    __arm_cp.1_0                             0x00002858   Number         4  myfunc_cli_commands.o(.text)
    .text                                    0x0000285c   Section        0  strcmp.o(.text)
    .text                                    0x00002878   Section        0  strcpy.o(.text)
    .text                                    0x0000288a   Section        0  uidiv.o(.text)
    .text                                    0x000028b6   Section        0  uldiv.o(.text)
    .text                                    0x00002916   Section        0  iusefp.o(.text)
    .text                                    0x00002918   Section        0  dadd.o(.text)
    .text                                    0x00002a7c   Section        0  dmul.o(.text)
    .text                                    0x00002b4c   Section        0  ddiv.o(.text)
    .text                                    0x00002c3c   Section        0  dfixul.o(.text)
    .text                                    0x00002c7c   Section       40  cdrcmple.o(.text)
    .text                                    0x00002ca4   Section       36  init.o(.text)
    .text                                    0x00002cc8   Section        0  llshl.o(.text)
    .text                                    0x00002ce8   Section        0  llushr.o(.text)
    .text                                    0x00002d0a   Section        0  llsshr.o(.text)
    .text                                    0x00002d30   Section        0  depilogue.o(.text)
    i.__0printf                              0x00002df0   Section        0  printfa.o(i.__0printf)
    i.__0sprintf                             0x00002e10   Section        0  printfa.o(i.__0sprintf)
    i.__ARM_clz                              0x00002e38   Section        0  depilogue.o(i.__ARM_clz)
    i.__scatterload_copy                     0x00002e66   Section       14  handlers.o(i.__scatterload_copy)
    i.__scatterload_null                     0x00002e74   Section        2  handlers.o(i.__scatterload_null)
    i.__scatterload_zeroinit                 0x00002e76   Section       14  handlers.o(i.__scatterload_zeroinit)
    _fp_digits                               0x00002e85   Thumb Code   344  printfa.o(i._fp_digits)
    i._fp_digits                             0x00002e84   Section        0  printfa.o(i._fp_digits)
    _printf_core                             0x00002ff9   Thumb Code  1754  printfa.o(i._printf_core)
    i._printf_core                           0x00002ff8   Section        0  printfa.o(i._printf_core)
    _printf_post_padding                     0x000036e5   Thumb Code    32  printfa.o(i._printf_post_padding)
    i._printf_post_padding                   0x000036e4   Section        0  printfa.o(i._printf_post_padding)
    _printf_pre_padding                      0x00003705   Thumb Code    44  printfa.o(i._printf_pre_padding)
    i._printf_pre_padding                    0x00003704   Section        0  printfa.o(i._printf_pre_padding)
    _sputc                                   0x00003731   Thumb Code    10  printfa.o(i._sputc)
    i._sputc                                 0x00003730   Section        0  printfa.o(i._sputc)
    [Anonymous Symbol]                       0x0000373c   Section        0  clk.o(.rodata..L__const.CLK_DisableModuleClock.au32ClkTbl)
    [Anonymous Symbol]                       0x00003748   Section        0  clk.o(.rodata..L__const.CLK_EnableModuleClock.au32ClkTbl)
    [Anonymous Symbol]                       0x00003754   Section        0  uart.o(.rodata..L__const.UART_Open.au32ClkTbl)
    [Anonymous Symbol]                       0x0000376c   Section        0  uart.o(.rodata..L__const.UART_SelectIrDAMode.au32ClkTbl)
    [Anonymous Symbol]                       0x00003784   Section        0  uart.o(.rodata..L__const.UART_SetLine_Config.au32ClkTbl)
    .L__const.CLK_SetModuleClock.au32SelTbl  0x0000379c   Data          16  clk.o(.rodata.cst16)
    .L__const.CLK_SetModuleClock.au32DivTbl  0x000037ac   Data          16  clk.o(.rodata.cst16)
    .L__const.CLK_GetModuleClockSource.au32SelTbl 0x000037bc   Data          16  clk.o(.rodata.cst16)
    .L__const.CLK_GetModuleClockDivider.au32DivTbl 0x000037cc   Data          16  clk.o(.rodata.cst16)
    .L.str                                   0x000037fc   Data          15  retarget.o(.rodata.str1.1)
    [Anonymous Symbol]                       0x000037fc   Section        0  retarget.o(.rodata.str1.1)
    .L.str                                   0x0000380b   Data          18  main.o(.rodata.str1.1)
    [Anonymous Symbol]                       0x0000380b   Section        0  main.o(.rodata.str1.1)
    .L.str.1                                 0x0000381d   Data           2  main.o(.rodata.str1.1)
    .L.str                                   0x0000381f   Data           3  my_func.o(.rodata.str1.1)
    [Anonymous Symbol]                       0x0000381f   Section        0  my_func.o(.rodata.str1.1)
    .L.str.2                                 0x00003822   Data          16  myfunc_cli.o(.rodata.str1.1)
    [Anonymous Symbol]                       0x00003822   Section        0  myfunc_cli.o(.rodata.str1.1)
    .L.str.4                                 0x00003832   Data          30  myfunc_cli.o(.rodata.str1.1)
    .L.str.7                                 0x00003850   Data          22  myfunc_cli.o(.rodata.str1.1)
    .L.str.6                                 0x00003866   Data          16  myfunc_cli.o(.rodata.str1.1)
    .L.str                                   0x00003876   Data           9  myfunc_cli.o(.rodata.str1.1)
    .L.str.1                                 0x0000387f   Data          18  myfunc_cli.o(.rodata.str1.1)
    .L.str.5                                 0x00003891   Data          22  myfunc_cli.o(.rodata.str1.1)
    .L.str.3                                 0x000038a7   Data          26  myfunc_cli.o(.rodata.str1.1)
    .L.str.8                                 0x000038c1   Data          10  myfunc_cli.o(.rodata.str1.1)
    .L.str.1                                 0x000038ca   Data           1  myfunc_cli.o(.rodata.str1.1)
    .L.str.25                                0x000038cb   Data          13  myfunc_cli_commands.o(.rodata.str1.1)
    [Anonymous Symbol]                       0x000038cb   Section        0  myfunc_cli_commands.o(.rodata.str1.1)
    .L.str.14                                0x000038d8   Data         122  myfunc_cli_commands.o(.rodata.str1.1)
    .L.str.16                                0x00003952   Data         123  myfunc_cli_commands.o(.rodata.str1.1)
    .L.str.12                                0x000039cd   Data         111  myfunc_cli_commands.o(.rodata.str1.1)
    .L.str.13                                0x00003a3c   Data           7  myfunc_cli_commands.o(.rodata.str1.1)
    .L.str.15                                0x00003a43   Data           7  myfunc_cli_commands.o(.rodata.str1.1)
    .L.str.10                                0x00003a4a   Data           5  myfunc_cli_commands.o(.rodata.str1.1)
    .L.str.6                                 0x00003a4f   Data          11  myfunc_cli_commands.o(.rodata.str1.1)
    .L.str.7                                 0x00003a5a   Data           5  myfunc_cli_commands.o(.rodata.str1.1)
    .L.str.4                                 0x00003a5f   Data          14  myfunc_cli_commands.o(.rodata.str1.1)
    .L.str.19                                0x00003a6d   Data          15  myfunc_cli_commands.o(.rodata.str1.1)
    .L.str.18                                0x00003a7c   Data          16  myfunc_cli_commands.o(.rodata.str1.1)
    .L.str.21                                0x00003a8c   Data          12  myfunc_cli_commands.o(.rodata.str1.1)
    .L.str.23                                0x00003a98   Data          12  myfunc_cli_commands.o(.rodata.str1.1)
    .L.str.24                                0x00003aa4   Data           7  myfunc_cli_commands.o(.rodata.str1.1)
    .L.str.9                                 0x00003aab   Data         153  myfunc_cli_commands.o(.rodata.str1.1)
    .L.str                                   0x00003b44   Data           5  myfunc_cli_commands.o(.rodata.str1.1)
    .L.str.2                                 0x00003b49   Data          14  myfunc_cli_commands.o(.rodata.str1.1)
    .L.str.20                                0x00003b57   Data          13  myfunc_cli_commands.o(.rodata.str1.1)
    .L.str.5                                 0x00003b64   Data           8  myfunc_cli_commands.o(.rodata.str1.1)
    .L.str.26                                0x00003b6c   Data          27  myfunc_cli_commands.o(.rodata.str1.1)
    .L.str.3                                 0x00003b80   Data           7  myfunc_cli_commands.o(.rodata.str1.1)
    .L.str.22                                0x00003b87   Data           4  myfunc_cli_commands.o(.rodata.str1.1)
    .L.str.8                                 0x00003b8b   Data           4  myfunc_cli_commands.o(.rodata.str1.1)
    .L.str.11                                0x00003b8c   Data           3  myfunc_cli_commands.o(.rodata.str1.1)
    .L.str.17                                0x00003b8f   Data           6  myfunc_cli_commands.o(.rodata.str1.1)
    MyUart_Receive.pRx_Data                  0x200000e8   Data           4  mymcu_uart.o(.data.MyUart_Receive.pRx_Data)
    [Anonymous Symbol]                       0x200000e8   Section        0  mymcu_uart.o(.data.MyUart_Receive.pRx_Data)
    g_ICE_Conneced                           0x200000f4   Data           4  retarget.o(.data.g_ICE_Conneced)
    [Anonymous Symbol]                       0x200000f4   Section        0  retarget.o(.data.g_ICE_Conneced)
    interactive                              0x200000f8   Data           1  myfunc_cli.o(.data.interactive)
    [Anonymous Symbol]                       0x200000f8   Section        0  myfunc_cli.o(.data.interactive)
    CMD                                      0x20000100   Data          64  myfunc_cli.o(.bss.CMD)
    [Anonymous Symbol]                       0x20000100   Section        0  myfunc_cli.o(.bss.CMD)
    CMD_Status                               0x20000141   Data           1  myfunc_cli.o(.bss.CMD_Status)
    [Anonymous Symbol]                       0x20000141   Section        0  myfunc_cli.o(.bss.CMD_Status)
    MyCLI_ProcessCmdInput.buff               0x20000142   Data          64  myfunc_cli.o(.bss.MyCLI_ProcessCmdInput.buff)
    [Anonymous Symbol]                       0x20000142   Section        0  myfunc_cli.o(.bss.MyCLI_ProcessCmdInput.buff)
    MyCLI_ProcessCmdInput.len                0x20000182   Data           2  myfunc_cli.o(.bss.MyCLI_ProcessCmdInput.len)
    [Anonymous Symbol]                       0x20000182   Section        0  myfunc_cli.o(.bss.MyCLI_ProcessCmdInput.len)
    MyUart_Receive.uLength                   0x20000184   Data           1  mymcu_uart.o(.bss.MyUart_Receive.uLength)
    [Anonymous Symbol]                       0x20000184   Section        0  mymcu_uart.o(.bss.MyUart_Receive.uLength)
    MyUart_Receive.uRx_Data                  0x20000185   Data          64  mymcu_uart.o(.bss.MyUart_Receive.uRx_Data)
    [Anonymous Symbol]                       0x20000185   Section        0  mymcu_uart.o(.bss.MyUart_Receive.uRx_Data)
    extCommandFinger                         0x200002b8   Data           4  myfunc_cli.o(.bss.extCommandFinger)
    [Anonymous Symbol]                       0x200002b8   Section        0  myfunc_cli.o(.bss.extCommandFinger)
    int2str.str                              0x200002bc   Data          10  my_func.o(.bss.int2str.str)
    [Anonymous Symbol]                       0x200002bc   Section        0  my_func.o(.bss.int2str.str)
    STACK                                    0x200002c8   Section     2048  startup_m251.o(STACK)

    Global Symbols

    Symbol Name                              Value     Ov Type        Size  Object(Section)

    BuildAttributes$$THM_ISAv3M$S$8M$PE$A:L22$X:L11$S22$IEEE1$IW$~IW$USESV6$~STKCKD$USESV7$~SHL$OSPACE$ROPI$EBA8$MICROLIB$REQ8$PRES8$EABIv2 0x00000000   Number         0  anon$$obj.o ABSOLUTE
    __Vectors                                0x00000000   Data           4  startup_m251.o(RESET)
    __cpp_initialize__aeabi_                  - Undefined Weak Reference
    __cxa_finalize                            - Undefined Weak Reference
    __decompress                              - Undefined Weak Reference
    _clock_init                               - Undefined Weak Reference
    _microlib_exit                            - Undefined Weak Reference
    __Vectors_End                            0x00000140   Data           0  startup_m251.o(RESET)
    __Vectors_Size                           0x00000140   Number         0  startup_m251.o ABSOLUTE
    __main                                   0x00000141   Thumb Code     0  entry.o(.ARM.Collect$$$$00000000)
    _main_stk                                0x00000141   Thumb Code     0  entry2.o(.ARM.Collect$$$$00000001)
    _main_scatterload                        0x00000145   Thumb Code     0  entry5.o(.ARM.Collect$$$$00000004)
    __main_after_scatterload                 0x00000149   Thumb Code     0  entry5.o(.ARM.Collect$$$$00000004)
    _main_clock                              0x00000149   Thumb Code     0  entry7b.o(.ARM.Collect$$$$00000008)
    _main_cpp_init                           0x00000149   Thumb Code     0  entry8b.o(.ARM.Collect$$$$0000000A)
    _main_init                               0x00000149   Thumb Code     0  entry9a.o(.ARM.Collect$$$$0000000B)
    __rt_final_cpp                           0x00000151   Thumb Code     0  entry10a.o(.ARM.Collect$$$$0000000D)
    __rt_final_exit                          0x00000151   Thumb Code     0  entry11a.o(.ARM.Collect$$$$0000000F)
    SystemCoreClockUpdate                    0x00000155   Thumb Code   128  system_m251.o(.text)
    SystemInit                               0x000001d5   Thumb Code    36  system_m251.o(.text)
    Uart0DefaultMPF                          0x000001f9   Thumb Code    40  system_m251.o(.text)
    Reset_Handler                            0x00000221   Thumb Code    46  startup_m251.o(.text)
    NMI_Handler                              0x0000024f   Thumb Code     2  startup_m251.o(.text)
    HardFault_Handler                        0x00000251   Thumb Code    16  startup_m251.o(.text)
    SVC_Handler                              0x00000261   Thumb Code     2  startup_m251.o(.text)
    PendSV_Handler                           0x00000263   Thumb Code     2  startup_m251.o(.text)
    SysTick_Handler                          0x00000265   Thumb Code     2  startup_m251.o(.text)
    ACMP01_IRQHandler                        0x00000267   Thumb Code     0  startup_m251.o(.text)
    BOD_IRQHandler                           0x00000267   Thumb Code     0  startup_m251.o(.text)
    BPWM0_IRQHandler                         0x00000267   Thumb Code     0  startup_m251.o(.text)
    BPWM1_IRQHandler                         0x00000267   Thumb Code     0  startup_m251.o(.text)
    BRAKE0_IRQHandler                        0x00000267   Thumb Code     0  startup_m251.o(.text)
    BRAKE1_IRQHandler                        0x00000267   Thumb Code     0  startup_m251.o(.text)
    CLKFAIL_IRQHandler                       0x00000267   Thumb Code     0  startup_m251.o(.text)
    DAC_IRQHandler                           0x00000267   Thumb Code     0  startup_m251.o(.text)
    DEFAULT_IRQHandler                       0x00000267   Thumb Code     0  startup_m251.o(.text)
    EADC_INT0_IRQHandler                     0x00000267   Thumb Code     0  startup_m251.o(.text)
    EADC_INT1_IRQHandler                     0x00000267   Thumb Code     0  startup_m251.o(.text)
    EADC_INT2_IRQHandler                     0x00000267   Thumb Code     0  startup_m251.o(.text)
    EADC_INT3_IRQHandler                     0x00000267   Thumb Code     0  startup_m251.o(.text)
    EINT0_IRQHandler                         0x00000267   Thumb Code     0  startup_m251.o(.text)
    EINT1_IRQHandler                         0x00000267   Thumb Code     0  startup_m251.o(.text)
    EINT2_IRQHandler                         0x00000267   Thumb Code     0  startup_m251.o(.text)
    EINT3_IRQHandler                         0x00000267   Thumb Code     0  startup_m251.o(.text)
    EINT4_IRQHandler                         0x00000267   Thumb Code     0  startup_m251.o(.text)
    EINT5_IRQHandler                         0x00000267   Thumb Code     0  startup_m251.o(.text)
    GPA_IRQHandler                           0x00000267   Thumb Code     0  startup_m251.o(.text)
    GPB_IRQHandler                           0x00000267   Thumb Code     0  startup_m251.o(.text)
    GPC_IRQHandler                           0x00000267   Thumb Code     0  startup_m251.o(.text)
    GPD_IRQHandler                           0x00000267   Thumb Code     0  startup_m251.o(.text)
    GPE_IRQHandler                           0x00000267   Thumb Code     0  startup_m251.o(.text)
    GPF_IRQHandler                           0x00000267   Thumb Code     0  startup_m251.o(.text)
    I2C0_IRQHandler                          0x00000267   Thumb Code     0  startup_m251.o(.text)
    I2C1_IRQHandler                          0x00000267   Thumb Code     0  startup_m251.o(.text)
    IRCTRIM_IRQHandler                       0x00000267   Thumb Code     0  startup_m251.o(.text)
    OPA_IRQHandler                           0x00000267   Thumb Code     0  startup_m251.o(.text)
    PDMA_IRQHandler                          0x00000267   Thumb Code     0  startup_m251.o(.text)
    PSIO_IRQHandler                          0x00000267   Thumb Code     0  startup_m251.o(.text)
    PWM0_P0_IRQHandler                       0x00000267   Thumb Code     0  startup_m251.o(.text)
    PWM0_P1_IRQHandler                       0x00000267   Thumb Code     0  startup_m251.o(.text)
    PWM0_P2_IRQHandler                       0x00000267   Thumb Code     0  startup_m251.o(.text)
    PWM1_P0_IRQHandler                       0x00000267   Thumb Code     0  startup_m251.o(.text)
    PWM1_P1_IRQHandler                       0x00000267   Thumb Code     0  startup_m251.o(.text)
    PWM1_P2_IRQHandler                       0x00000267   Thumb Code     0  startup_m251.o(.text)
    PWRWU_IRQHandler                         0x00000267   Thumb Code     0  startup_m251.o(.text)
    QSPI0_IRQHandler                         0x00000267   Thumb Code     0  startup_m251.o(.text)
    RTC_IRQHandler                           0x00000267   Thumb Code     0  startup_m251.o(.text)
    SC0_IRQHandler                           0x00000267   Thumb Code     0  startup_m251.o(.text)
    SPI0_IRQHandler                          0x00000267   Thumb Code     0  startup_m251.o(.text)
    TAMPER_IRQHandler                        0x00000267   Thumb Code     0  startup_m251.o(.text)
    TMR0_IRQHandler                          0x00000267   Thumb Code     0  startup_m251.o(.text)
    TMR1_IRQHandler                          0x00000267   Thumb Code     0  startup_m251.o(.text)
    TMR2_IRQHandler                          0x00000267   Thumb Code     0  startup_m251.o(.text)
    TMR3_IRQHandler                          0x00000267   Thumb Code     0  startup_m251.o(.text)
    UART1_IRQHandler                         0x00000267   Thumb Code     0  startup_m251.o(.text)
    UART2_IRQHandler                         0x00000267   Thumb Code     0  startup_m251.o(.text)
    USBD_IRQHandler                          0x00000267   Thumb Code     0  startup_m251.o(.text)
    USCI0_IRQHandler                         0x00000267   Thumb Code     0  startup_m251.o(.text)
    USCI1_IRQHandler                         0x00000267   Thumb Code     0  startup_m251.o(.text)
    USCI2_IRQHandler                         0x00000267   Thumb Code     0  startup_m251.o(.text)
    WDT_IRQHandler                           0x00000267   Thumb Code     0  startup_m251.o(.text)
    WWDT_IRQHandler                          0x00000267   Thumb Code     0  startup_m251.o(.text)
    SH_DoCommand                             0x00000269   Thumb Code    10  startup_m251.o(.text)
    __PC                                     0x00000273   Thumb Code     6  startup_m251.o(.text)
    CLK_DisableCKO                           0x00000295   Thumb Code    16  clk.o(.text)
    CLK_EnableCKO                            0x000002a5   Thumb Code    64  clk.o(.text)
    CLK_PowerDown                            0x000002e5   Thumb Code    80  clk.o(.text)
    CLK_Idle                                 0x00000335   Thumb Code    32  clk.o(.text)
    CLK_GetHXTFreq                           0x00000355   Thumb Code    40  clk.o(.text)
    CLK_GetLXTFreq                           0x0000037d   Thumb Code    40  clk.o(.text)
    CLK_GetPCLK0Freq                         0x000003a5   Thumb Code   136  clk.o(.text)
    CLK_GetPCLK1Freq                         0x0000042d   Thumb Code   144  clk.o(.text)
    CLK_GetHCLKFreq                          0x000004bd   Thumb Code    16  clk.o(.text)
    CLK_GetCPUFreq                           0x000004cd   Thumb Code    16  clk.o(.text)
    CLK_GetPLLClockFreq                      0x000004dd   Thumb Code   176  clk.o(.text)
    CLK_DisablePLL                           0x0000058d   Thumb Code    20  clk.o(.text)
    CLK_EnablePLL                            0x000005a1   Thumb Code   736  clk.o(.text)
    CLK_WaitClockReady                       0x00000881   Thumb Code    64  clk.o(.text)
    CLK_SetHCLK                              0x000008c1   Thumb Code   116  clk.o(.text)
    CLK_SetCoreClock                         0x00000935   Thumb Code   192  clk.o(.text)
    CLK_SetModuleClock                       0x000009f5   Thumb Code   188  clk.o(.text)
    CLK_SetSysTickClockSrc                   0x00000ab1   Thumb Code    28  clk.o(.text)
    CLK_EnableXtalRC                         0x00000acd   Thumb Code    24  clk.o(.text)
    CLK_DisableXtalRC                        0x00000ae5   Thumb Code    24  clk.o(.text)
    CLK_EnableModuleClock                    0x00000afd   Thumb Code    60  clk.o(.text)
    CLK_DisableModuleClock                   0x00000b39   Thumb Code    60  clk.o(.text)
    CLK_EnableSysTick                        0x00000b75   Thumb Code    92  clk.o(.text)
    CLK_DisableSysTick                       0x00000bd1   Thumb Code    12  clk.o(.text)
    CLK_SetPowerDownMode                     0x00000bdd   Thumb Code    28  clk.o(.text)
    CLK_EnableDPDWKPin                       0x00000bf9   Thumb Code   152  clk.o(.text)
    CLK_EnableDPDWKPin0                      0x00000c91   Thumb Code    28  clk.o(.text)
    CLK_EnableDPDWKPin1                      0x00000cad   Thumb Code    28  clk.o(.text)
    CLK_EnableDPDWKPin2                      0x00000cc9   Thumb Code    28  clk.o(.text)
    CLK_EnableDPDWKPin3                      0x00000ce5   Thumb Code    28  clk.o(.text)
    CLK_EnableDPDWKPin4                      0x00000d01   Thumb Code    28  clk.o(.text)
    CLK_GetPMUWKSrc                          0x00000d1d   Thumb Code    12  clk.o(.text)
    CLK_GetModuleClockSource                 0x00000d29   Thumb Code   224  clk.o(.text)
    CLK_GetModuleClockDivider                0x00000e09   Thumb Code    96  clk.o(.text)
    SH_Return                                0x00000e69   Thumb Code    14  retarget.o(.text)
    ProcessHardFault                         0x00000e79   Thumb Code   132  retarget.o(.text)
    SendChar_ToUART                          0x00000f05   Thumb Code    72  retarget.o(.text)
    SendChar                                 0x00000f4d   Thumb Code    16  retarget.o(.text)
    GetChar                                  0x00000f5d   Thumb Code    32  retarget.o(.text)
    kbhit                                    0x00000f7d   Thumb Code    20  retarget.o(.text)
    IsDebugFifoEmpty                         0x00000f91   Thumb Code    20  retarget.o(.text)
    _ttywrch                                 0x00000fa5   Thumb Code    16  retarget.o(.text)
    fputc                                    0x00000fb5   Thumb Code    20  retarget.o(.text)
    fgetc                                    0x00000fc9   Thumb Code    14  retarget.o(.text)
    ferror                                   0x00000fd7   Thumb Code    12  retarget.o(.text)
    SYS_ClearResetSrc                        0x00000fe5   Thumb Code    24  sys.o(.text)
    SYS_GetBODStatus                         0x00000ffd   Thumb Code    16  sys.o(.text)
    SYS_GetResetSrc                          0x0000100d   Thumb Code    12  sys.o(.text)
    SYS_IsRegLocked                          0x00001019   Thumb Code    20  sys.o(.text)
    SYS_ReadPDID                             0x0000102d   Thumb Code     8  sys.o(.text)
    SYS_ResetChip                            0x00001035   Thumb Code    16  sys.o(.text)
    SYS_ResetCPU                             0x00001045   Thumb Code    16  sys.o(.text)
    SYS_ResetModule                          0x00001055   Thumb Code    60  sys.o(.text)
    SYS_EnableBOD                            0x00001091   Thumb Code    52  sys.o(.text)
    SYS_DisableBOD                           0x000010c5   Thumb Code    16  sys.o(.text)
    SYS_SetPowerLevel                        0x000010d5   Thumb Code    28  sys.o(.text)
    UART_ClearIntFlag                        0x000010f1   Thumb Code   156  uart.o(.text)
    UART_Close                               0x0000118d   Thumb Code    14  uart.o(.text)
    UART_DisableFlowCtrl                     0x0000119b   Thumb Code    20  uart.o(.text)
    UART_DisableInt                          0x000011af   Thumb Code    20  uart.o(.text)
    UART_EnableFlowCtrl                      0x000011c3   Thumb Code    44  uart.o(.text)
    UART_EnableInt                           0x000011ef   Thumb Code    20  uart.o(.text)
    UART_Open                                0x00001205   Thumb Code   388  uart.o(.text)
    UART_Read                                0x00001389   Thumb Code   108  uart.o(.text)
    UART_SetLine_Config                      0x000013f5   Thumb Code   384  uart.o(.text)
    UART_SetTimeoutCnt                       0x00001575   Thumb Code    38  uart.o(.text)
    UART_SelectIrDAMode                      0x0000159d   Thumb Code   388  uart.o(.text)
    UART_SelectRS485Mode                     0x00001721   Thumb Code    48  uart.o(.text)
    UART_SelectLINMode                       0x00001751   Thumb Code    42  uart.o(.text)
    UART_Write                               0x0000177b   Thumb Code   108  uart.o(.text)
    UART_SelectSingleWireMode                0x000017e7   Thumb Code    24  uart.o(.text)
    GPIO_SetMode                             0x00001801   Thumb Code    76  gpio.o(.text)
    GPIO_EnableInt                           0x0000184d   Thumb Code    48  gpio.o(.text)
    GPIO_DisableInt                          0x0000187d   Thumb Code    44  gpio.o(.text)
    GPIO_SetSlewCtl                          0x000018a9   Thumb Code    76  gpio.o(.text)
    GPIO_SetPullCtl                          0x000018f5   Thumb Code    76  gpio.o(.text)
    SYS_Init                                 0x00001941   Thumb Code    76  main.o(.text)
    main                                     0x000019bd   Thumb Code    80  main.o(.text)
    UART0_IRQHandler                         0x00001a0d   Thumb Code     8  main.o(.text)
    My_printf                                0x00001a15   Thumb Code     8  mymcu_uart.o(.text)
    MyUart_Init                              0x00001a1d   Thumb Code   140  mymcu_uart.o(.text)
    MyUart_RxData                            0x00001b0d   Thumb Code    28  mymcu_uart.o(.text)
    MyUart_TxData                            0x00001b29   Thumb Code    84  mymcu_uart.o(.text)
    MyUart_Receive                           0x00001b7d   Thumb Code   276  mymcu_uart.o(.text)
    MyUart_IRQHandler                        0x00001c91   Thumb Code    40  mymcu_uart.o(.text)
    MyUART_GetCMDStatus                      0x00001cb9   Thumb Code    12  mymcu_uart.o(.text)
    MyUART_GetCMD                            0x00001cc5   Thumb Code    44  mymcu_uart.o(.text)
    MyGPIO_Init                              0x00001cf1   Thumb Code    56  mymcu_gpio.o(.text)
    MyGPIO_Conf2Output                       0x00001d29   Thumb Code    64  mymcu_gpio.o(.text)
    MyGPIO_Conf2Input                        0x00001d69   Thumb Code    64  mymcu_gpio.o(.text)
    MyGPIO_ReadPin                           0x00001da9   Thumb Code    40  mymcu_gpio.o(.text)
    MyGPIO_WritePin                          0x00001dd1   Thumb Code    84  mymcu_gpio.o(.text)
    MyGPIO_CLI_WritePin                      0x00001e25   Thumb Code    70  mymcu_gpio.o(.text)
    MyGPIO_CLI_ReadPin                       0x00001e6b   Thumb Code    52  mymcu_gpio.o(.text)
    MyGPIO_CLI_Set2InputMode                 0x00001e9f   Thumb Code    40  mymcu_gpio.o(.text)
    MyGPIO_CLI_Set2OutputMode                0x00001ec7   Thumb Code    40  mymcu_gpio.o(.text)
    int2str                                  0x00001ef1   Thumb Code    40  my_func.o(.text)
    My_CharDowncase                          0x00001f19   Thumb Code    52  my_func.o(.text)
    My_HexToInt                              0x00001f4d   Thumb Code    84  my_func.o(.text)
    MyCLI_tokenLength                        0x00001fa1   Thumb Code    36  myfunc_cli.o(.text)
    MyCLI_tokenPointer                       0x00001fc5   Thumb Code    32  myfunc_cli.o(.text)
    MyCLI_CommandErrorHandler                0x00001fe5   Thumb Code    32  myfunc_cli.o(.text)
    MyCLI_CommandReaderInit                  0x00002005   Thumb Code    36  myfunc_cli.o(.text)
    MyCLI_UnsignedCommandArgument            0x00002029   Thumb Code    26  myfunc_cli.o(.text)
    MyCLI_ProcessCommandString               0x00002145   Thumb Code   616  myfunc_cli.o(.text)
    MyCLI_ProcessCmdInput                    0x00002589   Thumb Code   196  myfunc_cli.o(.text)
    MyCLI_UpdateCMD                          0x0000264d   Thumb Code    56  myfunc_cli.o(.text)
    MyCLI_SetStatus                          0x00002685   Thumb Code    24  myfunc_cli.o(.text)
    helpAction                               0x00002781   Thumb Code   200  myfunc_cli_commands.o(.text)
    MyCLI_RebootAction                       0x00002849   Thumb Code    20  myfunc_cli_commands.o(.text)
    strcmp                                   0x0000285d   Thumb Code    28  strcmp.o(.text)
    strcpy                                   0x00002879   Thumb Code    18  strcpy.o(.text)
    __aeabi_uidiv                            0x0000288b   Thumb Code     0  uidiv.o(.text)
    __aeabi_uidivmod                         0x0000288b   Thumb Code    44  uidiv.o(.text)
    __aeabi_uldivmod                         0x000028b7   Thumb Code    96  uldiv.o(.text)
    __I$use$fp                               0x00002917   Thumb Code     0  iusefp.o(.text)
    __aeabi_dadd                             0x00002919   Thumb Code   328  dadd.o(.text)
    __aeabi_dsub                             0x00002a61   Thumb Code    12  dadd.o(.text)
    __aeabi_drsub                            0x00002a6d   Thumb Code    12  dadd.o(.text)
    __aeabi_dmul                             0x00002a7d   Thumb Code   202  dmul.o(.text)
    __aeabi_ddiv                             0x00002b4d   Thumb Code   234  ddiv.o(.text)
    __aeabi_d2ulz                            0x00002c3d   Thumb Code    54  dfixul.o(.text)
    __aeabi_cdrcmple                         0x00002c7d   Thumb Code    38  cdrcmple.o(.text)
    __scatterload                            0x00002ca5   Thumb Code    28  init.o(.text)
    __scatterload_rt2                        0x00002ca5   Thumb Code     0  init.o(.text)
    __aeabi_llsl                             0x00002cc9   Thumb Code    32  llshl.o(.text)
    _ll_shift_l                              0x00002cc9   Thumb Code     0  llshl.o(.text)
    __aeabi_llsr                             0x00002ce9   Thumb Code    34  llushr.o(.text)
    _ll_ushift_r                             0x00002ce9   Thumb Code     0  llushr.o(.text)
    __aeabi_lasr                             0x00002d0b   Thumb Code    38  llsshr.o(.text)
    _ll_sshift_r                             0x00002d0b   Thumb Code     0  llsshr.o(.text)
    _double_round                            0x00002d31   Thumb Code    26  depilogue.o(.text)
    _double_epilogue                         0x00002d4b   Thumb Code   164  depilogue.o(.text)
    __0printf                                0x00002df1   Thumb Code    24  printfa.o(i.__0printf)
    __1printf                                0x00002df1   Thumb Code     0  printfa.o(i.__0printf)
    __2printf                                0x00002df1   Thumb Code     0  printfa.o(i.__0printf)
    __c89printf                              0x00002df1   Thumb Code     0  printfa.o(i.__0printf)
    printf                                   0x00002df1   Thumb Code     0  printfa.o(i.__0printf)
    __0sprintf                               0x00002e11   Thumb Code    36  printfa.o(i.__0sprintf)
    __1sprintf                               0x00002e11   Thumb Code     0  printfa.o(i.__0sprintf)
    __2sprintf                               0x00002e11   Thumb Code     0  printfa.o(i.__0sprintf)
    __c89sprintf                             0x00002e11   Thumb Code     0  printfa.o(i.__0sprintf)
    sprintf                                  0x00002e11   Thumb Code     0  printfa.o(i.__0sprintf)
    __ARM_clz                                0x00002e39   Thumb Code    46  depilogue.o(i.__ARM_clz)
    __scatterload_copy                       0x00002e67   Thumb Code    14  handlers.o(i.__scatterload_copy)
    __scatterload_null                       0x00002e75   Thumb Code     2  handlers.o(i.__scatterload_null)
    __scatterload_zeroinit                   0x00002e77   Thumb Code    14  handlers.o(i.__scatterload_zeroinit)
    gau32ClkSrcTbl                           0x000037dc   Data          32  system_m251.o(.rodata.gau32ClkSrcTbl)
    Region$$Table$$Base                      0x00003b98   Number         0  anon$$obj.o(Region$$Table)
    Region$$Table$$Limit                     0x00003bb8   Number         0  anon$$obj.o(Region$$Table)
    CommandErrorNames                        0x20000000   Data          32  myfunc_cli.o(.data.CommandErrorNames)
    CommandTable                             0x20000020   Data         144  myfunc_cli_commands.o(.data.CommandTable)
    CyclesPerUs                              0x200000b0   Data           4  system_m251.o(.data.CyclesPerUs)
    GPIO_Pin                                 0x200000b4   Data          34  mymcu_gpio.o(.data.GPIO_Pin)
    GPIO_Port                                0x200000d8   Data          16  mymcu_gpio.o(.data.GPIO_Port)
    PllClock                                 0x200000ec   Data           4  system_m251.o(.data.PllClock)
    SystemCoreClock                          0x200000f0   Data           4  system_m251.o(.data.SystemCoreClock)
    CMD_Status                               0x20000140   Data           1  mymcu_uart.o(.bss.CMD_Status)
    UART_CMD                                 0x200001c5   Data          64  mymcu_uart.o(.bss.UART_CMD)
    __stdout                                 0x20000208   Data          84  retarget.o(.bss.__stdout)
    commandState                             0x2000025c   Data          90  myfunc_cli.o(.bss.commandState)
    __initial_sp                             0x20000ac8   Data           0  startup_m251.o(STACK)



==============================================================================

Memory Map of the image

  Image Entry point : 0x00000221

  Load Region LR_1 (Base: 0x00000000, Size: 0x00003cb4, Max: 0xffffffff, ABSOLUTE)

    Execution Region ER_RO (Exec base: 0x00000000, Load base: 0x00000000, Size: 0x00003bb8, Max: 0xffffffff, ABSOLUTE)

    Exec Addr    Load Addr    Size         Type   Attr      Idx    E Section Name        Object

    0x00000000   0x00000000   0x00000140   Data   RO           14    RESET               startup_m251.o
    0x00000140   0x00000140   0x00000000   Code   RO          145  * .ARM.Collect$$$$00000000  mc_p.l(entry.o)
    0x00000140   0x00000140   0x00000004   Code   RO          180    .ARM.Collect$$$$00000001  mc_p.l(entry2.o)
    0x00000144   0x00000144   0x00000004   Code   RO          183    .ARM.Collect$$$$00000004  mc_p.l(entry5.o)
    0x00000148   0x00000148   0x00000000   Code   RO          185    .ARM.Collect$$$$00000008  mc_p.l(entry7b.o)
    0x00000148   0x00000148   0x00000000   Code   RO          187    .ARM.Collect$$$$0000000A  mc_p.l(entry8b.o)
    0x00000148   0x00000148   0x00000008   Code   RO          188    .ARM.Collect$$$$0000000B  mc_p.l(entry9a.o)
    0x00000150   0x00000150   0x00000000   Code   RO          190    .ARM.Collect$$$$0000000D  mc_p.l(entry10a.o)
    0x00000150   0x00000150   0x00000000   Code   RO          192    .ARM.Collect$$$$0000000F  mc_p.l(entry11a.o)
    0x00000150   0x00000150   0x00000004   Code   RO          181    .ARM.Collect$$$$00002712  mc_p.l(entry2.o)
    0x00000154   0x00000154   0x000000cc   Code   RO            1    .text               system_m251.o
    0x00000220   0x00000220   0x00000074   Code   RO           15  * .text               startup_m251.o
    0x00000294   0x00000294   0x00000bd4   Code   RO           21    .text               clk.o
    0x00000e68   0x00000e68   0x0000017a   Code   RO           32    .text               retarget.o
    0x00000fe2   0x00000fe2   0x00000002   PAD
    0x00000fe4   0x00000fe4   0x0000010c   Code   RO           43    .text               sys.o
    0x000010f0   0x000010f0   0x0000070e   Code   RO           50    .text               uart.o
    0x000017fe   0x000017fe   0x00000002   PAD
    0x00001800   0x00001800   0x00000140   Code   RO           60    .text               gpio.o
    0x00001940   0x00001940   0x000000d4   Code   RO           67    .text               main.o
    0x00001a14   0x00001a14   0x000002dc   Code   RO           80    .text               mymcu_uart.o
    0x00001cf0   0x00001cf0   0x000001fe   Code   RO           94    .text               mymcu_gpio.o
    0x00001eee   0x00001eee   0x00000002   PAD
    0x00001ef0   0x00001ef0   0x000000b0   Code   RO          103    .text               my_func.o
    0x00001fa0   0x00001fa0   0x000007e0   Code   RO          120    .text               myfunc_cli.o
    0x00002780   0x00002780   0x000000dc   Code   RO          136    .text               myfunc_cli_commands.o
    0x0000285c   0x0000285c   0x0000001c   Code   RO          148    .text               mc_p.l(strcmp.o)
    0x00002878   0x00002878   0x00000012   Code   RO          150    .text               mc_p.l(strcpy.o)
    0x0000288a   0x0000288a   0x0000002c   Code   RO          194    .text               mc_p.l(uidiv.o)
    0x000028b6   0x000028b6   0x00000060   Code   RO          196    .text               mc_p.l(uldiv.o)
    0x00002916   0x00002916   0x00000000   Code   RO          198    .text               mc_p.l(iusefp.o)
    0x00002916   0x00002916   0x00000002   PAD
    0x00002918   0x00002918   0x00000164   Code   RO          199    .text               mf_p.l(dadd.o)
    0x00002a7c   0x00002a7c   0x000000d0   Code   RO          201    .text               mf_p.l(dmul.o)
    0x00002b4c   0x00002b4c   0x000000f0   Code   RO          203    .text               mf_p.l(ddiv.o)
    0x00002c3c   0x00002c3c   0x00000040   Code   RO          205    .text               mf_p.l(dfixul.o)
    0x00002c7c   0x00002c7c   0x00000028   Code   RO          207    .text               mf_p.l(cdrcmple.o)
    0x00002ca4   0x00002ca4   0x00000024   Code   RO          209    .text               mc_p.l(init.o)
    0x00002cc8   0x00002cc8   0x00000020   Code   RO          211    .text               mc_p.l(llshl.o)
    0x00002ce8   0x00002ce8   0x00000022   Code   RO          213    .text               mc_p.l(llushr.o)
    0x00002d0a   0x00002d0a   0x00000026   Code   RO          215    .text               mc_p.l(llsshr.o)
    0x00002d30   0x00002d30   0x000000be   Code   RO          217    .text               mf_p.l(depilogue.o)
    0x00002dee   0x00002dee   0x00000002   PAD
    0x00002df0   0x00002df0   0x00000020   Code   RO          153    i.__0printf         mc_p.l(printfa.o)
    0x00002e10   0x00002e10   0x00000028   Code   RO          155    i.__0sprintf        mc_p.l(printfa.o)
    0x00002e38   0x00002e38   0x0000002e   Code   RO          219    i.__ARM_clz         mf_p.l(depilogue.o)
    0x00002e66   0x00002e66   0x0000000e   Code   RO          223    i.__scatterload_copy  mc_p.l(handlers.o)
    0x00002e74   0x00002e74   0x00000002   Code   RO          224    i.__scatterload_null  mc_p.l(handlers.o)
    0x00002e76   0x00002e76   0x0000000e   Code   RO          225    i.__scatterload_zeroinit  mc_p.l(handlers.o)
    0x00002e84   0x00002e84   0x00000174   Code   RO          160    i._fp_digits        mc_p.l(printfa.o)
    0x00002ff8   0x00002ff8   0x000006ec   Code   RO          161    i._printf_core      mc_p.l(printfa.o)
    0x000036e4   0x000036e4   0x00000020   Code   RO          162    i._printf_post_padding  mc_p.l(printfa.o)
    0x00003704   0x00003704   0x0000002c   Code   RO          163    i._printf_pre_padding  mc_p.l(printfa.o)
    0x00003730   0x00003730   0x0000000a   Code   RO          165    i._sputc            mc_p.l(printfa.o)
    0x0000373a   0x0000373a   0x00000002   PAD
    0x0000373c   0x0000373c   0x0000000c   Data   RO           26    .rodata..L__const.CLK_DisableModuleClock.au32ClkTbl  clk.o
    0x00003748   0x00003748   0x0000000c   Data   RO           25    .rodata..L__const.CLK_EnableModuleClock.au32ClkTbl  clk.o
    0x00003754   0x00003754   0x00000018   Data   RO           52    .rodata..L__const.UART_Open.au32ClkTbl  uart.o
    0x0000376c   0x0000376c   0x00000018   Data   RO           54    .rodata..L__const.UART_SelectIrDAMode.au32ClkTbl  uart.o
    0x00003784   0x00003784   0x00000018   Data   RO           53    .rodata..L__const.UART_SetLine_Config.au32ClkTbl  uart.o
    0x0000379c   0x0000379c   0x00000040   Data   RO           24    .rodata.cst16       clk.o
    0x000037dc   0x000037dc   0x00000020   Data   RO            6    .rodata.gau32ClkSrcTbl  system_m251.o
    0x000037fc   0x000037fc   0x0000000f   Data   RO           35    .rodata.str1.1      retarget.o
    0x0000380b   0x0000380b   0x00000014   Data   RO           74    .rodata.str1.1      main.o
    0x0000381f   0x0000381f   0x00000003   Data   RO          106    .rodata.str1.1      my_func.o
    0x00003822   0x00003822   0x000000a9   Data   RO          123    .rodata.str1.1      myfunc_cli.o
    0x000038cb   0x000038cb   0x000002ca   Data   RO          138    .rodata.str1.1      myfunc_cli_commands.o
    0x00003b95   0x00003b95   0x00000003   PAD
    0x00003b98   0x00003b98   0x00000020   Data   RO          222    Region$$Table       anon$$obj.o


    Execution Region ER_RW (Exec base: 0x20000000, Load base: 0x00003bb8, Size: 0x000000fc, Max: 0xffffffff, ABSOLUTE)

    Exec Addr    Load Addr    Size         Type   Attr      Idx    E Section Name        Object

    0x20000000   0x00003bb8   0x00000020   Data   RW          124    .data.CommandErrorNames  myfunc_cli.o
    0x20000020   0x00003bd8   0x00000090   Data   RW          139    .data.CommandTable  myfunc_cli_commands.o
    0x200000b0   0x00003c68   0x00000004   Data   RW            4    .data.CyclesPerUs   system_m251.o
    0x200000b4   0x00003c6c   0x00000022   Data   RW           97    .data.GPIO_Pin      mymcu_gpio.o
    0x200000d6   0x00003c8e   0x00000002   PAD
    0x200000d8   0x00003c90   0x00000010   Data   RW           96    .data.GPIO_Port     mymcu_gpio.o
    0x200000e8   0x00003ca0   0x00000004   Data   RW           86    .data.MyUart_Receive.pRx_Data  mymcu_uart.o
    0x200000ec   0x00003ca4   0x00000004   Data   RW            5    .data.PllClock      system_m251.o
    0x200000f0   0x00003ca8   0x00000004   Data   RW            3    .data.SystemCoreClock  system_m251.o
    0x200000f4   0x00003cac   0x00000004   Data   RW           34    .data.g_ICE_Conneced  retarget.o
    0x200000f8   0x00003cb0   0x00000001   Data   RW          127    .data.interactive   myfunc_cli.o


    Execution Region ER_ZI (Exec base: 0x20000100, Load base: 0x00003cb4, Size: 0x000009c8, Max: 0xffffffff, ABSOLUTE)

    Exec Addr    Load Addr    Size         Type   Attr      Idx    E Section Name        Object

    0x20000100        -       0x00000040   Zero   RW          129    .bss.CMD            myfunc_cli.o
    0x20000140        -       0x00000001   Zero   RW           84    .bss.CMD_Status     mymcu_uart.o
    0x20000141        -       0x00000001   Zero   RW          128    .bss.CMD_Status     myfunc_cli.o
    0x20000142        -       0x00000040   Zero   RW          125    .bss.MyCLI_ProcessCmdInput.buff  myfunc_cli.o
    0x20000182        -       0x00000002   Zero   RW          126    .bss.MyCLI_ProcessCmdInput.len  myfunc_cli.o
    0x20000184        -       0x00000001   Zero   RW           87    .bss.MyUart_Receive.uLength  mymcu_uart.o
    0x20000185        -       0x00000040   Zero   RW           85    .bss.MyUart_Receive.uRx_Data  mymcu_uart.o
    0x200001c5        -       0x00000040   Zero   RW           82    .bss.UART_CMD       mymcu_uart.o
    0x20000205   0x00003cb4   0x00000003   PAD
    0x20000208        -       0x00000054   Zero   RW           36    .bss.__stdout       retarget.o
    0x2000025c        -       0x0000005a   Zero   RW          122    .bss.commandState   myfunc_cli.o
    0x200002b6   0x00003cb4   0x00000002   PAD
    0x200002b8        -       0x00000004   Zero   RW          130    .bss.extCommandFinger  myfunc_cli.o
    0x200002bc        -       0x0000000a   Zero   RW          105    .bss.int2str.str    my_func.o
    0x200002c6   0x00003cb4   0x00000002   PAD
    0x200002c8        -       0x00000800   Zero   RW           12    STACK               startup_m251.o


==============================================================================

Image component sizes


      Code (inc. data)   RO Data    RW Data    ZI Data      Debug   Object Name

      3028        340         88          0          0       9768   clk.o
       320          4          0          0          0       1867   gpio.o
       212         28         20          0          0       3615   main.o
       176          8          3          0         10        958   my_func.o
      2016         72        169         33        225       5938   myfunc_cli.o
       220         40        714        144          0        950   myfunc_cli_commands.o
       510         32          0         50          0       2919   mymcu_gpio.o
       732         80          0          4        130       6023   mymcu_uart.o
       378         36         15          4         84       3042   retarget.o
       116         30        320          0       2048        808   startup_m251.o
       268         44          0          0          0       3099   sys.o
       204         48         32         12          0       4064   system_m251.o
      1806        116         72          0          0       5495   uart.o

    ----------------------------------------------------------------------
      9992        878       1468        252       2504      48546   Object Totals
         0          0         32          0          0          0   (incl. Generated)
         6          0          3          5          7          0   (incl. Padding)

    ----------------------------------------------------------------------

      Code (inc. data)   RO Data    RW Data    ZI Data      Debug   Library Member Name

         0          0          0          0          0          0   entry.o
         0          0          0          0          0          0   entry10a.o
         0          0          0          0          0          0   entry11a.o
         8          4          0          0          0          0   entry2.o
         4          0          0          0          0          0   entry5.o
         0          0          0          0          0          0   entry7b.o
         0          0          0          0          0          0   entry8b.o
         8          4          0          0          0          0   entry9a.o
        30          0          0          0          0          0   handlers.o
        36          8          0          0          0         68   init.o
         0          0          0          0          0          0   iusefp.o
        32          0          0          0          0         68   llshl.o
        38          0          0          0          0         68   llsshr.o
        34          0          0          0          0         68   llushr.o
      2302        102          0          0          0        556   printfa.o
        28          0          0          0          0         68   strcmp.o
        18          0          0          0          0         60   strcpy.o
        44          0          0          0          0         72   uidiv.o
        96          0          0          0          0         84   uldiv.o
        40          2          0          0          0         68   cdrcmple.o
       356          4          0          0          0        140   dadd.o
       240          6          0          0          0         84   ddiv.o
       236          0          0          0          0        216   depilogue.o
        64         10          0          0          0         68   dfixul.o
       208          6          0          0          0         88   dmul.o

    ----------------------------------------------------------------------
      3828        146          0          0          0       1776   Library Totals
         6          0          0          0          0          0   (incl. Padding)

    ----------------------------------------------------------------------

      Code (inc. data)   RO Data    RW Data    ZI Data      Debug   Library Name

      2678        118          0          0          0       1112   mc_p.l
      1144         28          0          0          0        664   mf_p.l

    ----------------------------------------------------------------------
      3828        146          0          0          0       1776   Library Totals

    ----------------------------------------------------------------------

==============================================================================


      Code (inc. data)   RO Data    RW Data    ZI Data      Debug   

     13820       1024       1468        252       2504      49410   Grand Totals
     13820       1024       1468        252       2504      49410   ELF Image Totals
     13820       1024       1468        252          0          0   ROM Totals

==============================================================================

    Total RO  Size (Code + RO Data)                15288 (  14.93kB)
    Total RW  Size (RW Data + ZI Data)              2756 (   2.69kB)
    Total ROM Size (Code + RO Data + RW Data)      15540 (  15.18kB)

==============================================================================

