	.text
	.syntax unified
	.eabi_attribute	67, "2.09"	@ Tag_conformance
	.cpu	cortex-m23
	.eabi_attribute	6, 16	@ Tag_CPU_arch
	.eabi_attribute	7, 77	@ Tag_CPU_arch_profile
	.eabi_attribute	8, 0	@ Tag_ARM_ISA_use
	.eabi_attribute	9, 3	@ Tag_THUMB_ISA_use
	.eabi_attribute	34, 0	@ Tag_CPU_unaligned_access
	.eabi_attribute	17, 1	@ Tag_ABI_PCS_GOT_use
	.eabi_attribute	20, 2	@ Tag_ABI_FP_denormal
	.eabi_attribute	21, 0	@ Tag_ABI_FP_exceptions
	.eabi_attribute	23, 1	@ Tag_ABI_FP_number_model
	.eabi_attribute	24, 1	@ Tag_ABI_align_needed
	.eabi_attribute	25, 1	@ Tag_ABI_align_preserved
	.eabi_attribute	38, 1	@ Tag_ABI_FP_16bit_format
	.eabi_attribute	18, 2	@ Tag_ABI_PCS_wchar_t
	.eabi_attribute	26, 1	@ Tag_ABI_enum_size
	.eabi_attribute	14, 0	@ Tag_ABI_PCS_R9_use
	.file	"main.c"
	.file	1 "C:\\" "Keil_v5\\ARM\\ARMCLANG\\Bin\\..\\include\\stdint.h"
	.file	2 "C:\\Work\\Keil WorkSpace\\Furbo\\Keil" "../Core/Src/main.c"
	.file	3 "C:\\Work\\Keil WorkSpace\\Furbo\\Keil" "../../Library/Nuvoton/M251_252_Series/Device/Nuvoton/M251/Include/uart_reg.h"
	.file	4 "C:\\Work\\Keil WorkSpace\\Furbo\\Keil" "../../Library/Nuvoton/M251_252_Series/Device/Nuvoton/M251/Include/sys_reg.h"
	.hidden	SYS_Init                @ -- Begin function SYS_Init
	.globl	SYS_Init
	.p2align	2
	.type	SYS_Init,%function
	.code	16                      @ @SYS_Init
	.thumb_func
SYS_Init:
.Lfunc_begin0:
	.loc	2 29 0                  @ ../Core/Src/main.c:29:0
	.fnstart
	.cfi_sections .debug_frame
	.cfi_startproc
@ %bb.0:
	.save	{r7, lr}
	push	{r7, lr}
	.cfi_def_cfa_offset 8
	.cfi_offset lr, -4
	.cfi_offset r7, -8
	.pad	#16
	sub	sp, #16
	.cfi_def_cfa_offset 24
.Ltmp0:
	.loc	2 35 5 prologue_end     @ ../Core/Src/main.c:35:5
	bl	SYS_UnlockReg
	movs	r0, #4
	.loc	2 38 5                  @ ../Core/Src/main.c:38:5
	bl	CLK_EnableXtalRC
	movs	r0, #16
	.loc	2 41 5                  @ ../Core/Src/main.c:41:5
	bl	CLK_WaitClockReady
	movs	r1, #7
	movs	r2, #0
	.loc	2 44 5                  @ ../Core/Src/main.c:44:5
	str	r0, [sp, #12]           @ 4-byte Spill
	mov	r0, r1
	mov	r1, r2
	str	r2, [sp, #8]            @ 4-byte Spill
	bl	CLK_SetHCLK
	ldr	r0, __arm_cp.0_0
	.loc	2 47 5                  @ ../Core/Src/main.c:47:5
	str	r0, [sp, #4]            @ 4-byte Spill
	bl	CLK_EnableModuleClock
	movs	r0, #3
	lsls	r1, r0, #24
	.loc	2 50 5                  @ ../Core/Src/main.c:50:5
	ldr	r0, [sp, #4]            @ 4-byte Reload
	ldr	r2, [sp, #8]            @ 4-byte Reload
	bl	CLK_SetModuleClock
	.loc	2 54 5                  @ ../Core/Src/main.c:54:5
	bl	SystemCoreClockUpdate
	.loc	2 59 5                  @ ../Core/Src/main.c:59:5
	bl	Uart0DefaultMPF
	.loc	2 62 5                  @ ../Core/Src/main.c:62:5
	bl	SYS_LockReg
	.loc	2 63 1                  @ ../Core/Src/main.c:63:1
	add	sp, #16
	pop	{r7, pc}
.Ltmp1:
	.p2align	2
@ %bb.1:
	.loc	2 0 1 is_stmt 0         @ ../Core/Src/main.c:0:1
__arm_cp.0_0:
	.long	1602239760              @ 0x5f803d10
.Lcpi_end0:
	.size	__arm_cp.0_0, .Lcpi_end0-__arm_cp.0_0
.Lfunc_end0:
	.size	SYS_Init, .Lfunc_end0-SYS_Init
	.cfi_endproc
	.cantunwind
	.fnend
                                        @ -- End function
	.p2align	2               @ -- Begin function SYS_UnlockReg
	.type	SYS_UnlockReg,%function
	.code	16                      @ @SYS_UnlockReg
	.thumb_func
SYS_UnlockReg:
.Lfunc_begin1:
	.file	5 "C:\\Work\\Keil WorkSpace\\Furbo\\Keil" "../../Library/Nuvoton/M251_252_Series/StdDriver/inc\\sys.h"
	.loc	5 1183 0 is_stmt 1      @ ../../Library/Nuvoton/M251_252_Series/StdDriver/inc\sys.h:1183:0
	.fnstart
	.cfi_startproc
@ %bb.0:
	.loc	5 1184 5 prologue_end   @ ../../Library/Nuvoton/M251_252_Series/StdDriver/inc\sys.h:1184:5
	b	.LBB1_1
.LBB1_1:                                @ =>This Inner Loop Header: Depth=1
	.loc	5 0 5 is_stmt 0         @ ../../Library/Nuvoton/M251_252_Series/StdDriver/inc\sys.h:0:5
	ldr	r0, __arm_cp.1_0
	movs	r1, #89
.Ltmp2:
	.loc	5 1186 22 is_stmt 1     @ ../../Library/Nuvoton/M251_252_Series/StdDriver/inc\sys.h:1186:22
	str	r1, [r0]
	movs	r1, #22
	.loc	5 1187 22               @ ../../Library/Nuvoton/M251_252_Series/StdDriver/inc\sys.h:1187:22
	str	r1, [r0]
	movs	r1, #136
	.loc	5 1188 22               @ ../../Library/Nuvoton/M251_252_Series/StdDriver/inc\sys.h:1188:22
	str	r1, [r0]
	.loc	5 1189 5                @ ../../Library/Nuvoton/M251_252_Series/StdDriver/inc\sys.h:1189:5
	b	.LBB1_2
.Ltmp3:
.LBB1_2:                                @   in Loop: Header=BB1_1 Depth=1
	.loc	5 0 5 is_stmt 0         @ ../../Library/Nuvoton/M251_252_Series/StdDriver/inc\sys.h:0:5
	ldr	r0, __arm_cp.1_0
	.loc	5 1189 19               @ ../../Library/Nuvoton/M251_252_Series/StdDriver/inc\sys.h:1189:19
	ldr	r0, [r0]
.Ltmp4:
	.loc	5 1189 5                @ ../../Library/Nuvoton/M251_252_Series/StdDriver/inc\sys.h:1189:5
	cmp	r0, #0
	beq	.LBB1_1
	b	.LBB1_3
.Ltmp5:
.LBB1_3:
	.loc	5 1190 1 is_stmt 1      @ ../../Library/Nuvoton/M251_252_Series/StdDriver/inc\sys.h:1190:1
	bx	lr
.Ltmp6:
	.p2align	2
@ %bb.4:
	.loc	5 0 1 is_stmt 0         @ ../../Library/Nuvoton/M251_252_Series/StdDriver/inc\sys.h:0:1
__arm_cp.1_0:
	.long	1073742080              @ 0x40000100
.Lcpi_end1:
	.size	__arm_cp.1_0, .Lcpi_end1-__arm_cp.1_0
.Lfunc_end1:
	.size	SYS_UnlockReg, .Lfunc_end1-SYS_UnlockReg
	.cfi_endproc
	.cantunwind
	.fnend
                                        @ -- End function
	.p2align	2               @ -- Begin function SYS_LockReg
	.type	SYS_LockReg,%function
	.code	16                      @ @SYS_LockReg
	.thumb_func
SYS_LockReg:
.Lfunc_begin2:
	.loc	5 1200 0 is_stmt 1      @ ../../Library/Nuvoton/M251_252_Series/StdDriver/inc\sys.h:1200:0
	.fnstart
	.cfi_startproc
@ %bb.0:
	ldr	r0, __arm_cp.2_0
	movs	r1, #0
.Ltmp7:
	.loc	5 1201 18 prologue_end  @ ../../Library/Nuvoton/M251_252_Series/StdDriver/inc\sys.h:1201:18
	str	r1, [r0]
	.loc	5 1202 1                @ ../../Library/Nuvoton/M251_252_Series/StdDriver/inc\sys.h:1202:1
	bx	lr
.Ltmp8:
	.p2align	2
@ %bb.1:
	.loc	5 0 1 is_stmt 0         @ ../../Library/Nuvoton/M251_252_Series/StdDriver/inc\sys.h:0:1
__arm_cp.2_0:
	.long	1073742080              @ 0x40000100
.Lcpi_end2:
	.size	__arm_cp.2_0, .Lcpi_end2-__arm_cp.2_0
.Lfunc_end2:
	.size	SYS_LockReg, .Lfunc_end2-SYS_LockReg
	.cfi_endproc
	.cantunwind
	.fnend
                                        @ -- End function
	.hidden	main                    @ -- Begin function main
	.globl	main
	.p2align	2
	.type	main,%function
	.code	16                      @ @main
	.thumb_func
main:
.Lfunc_begin3:
	.loc	2 76 0 is_stmt 1        @ ../Core/Src/main.c:76:0
	.fnstart
	.cfi_startproc
@ %bb.0:
	.save	{r7, lr}
	push	{r7, lr}
	.cfi_def_cfa_offset 8
	.cfi_offset lr, -4
	.cfi_offset r7, -8
	.pad	#24
	sub	sp, #24
	.cfi_def_cfa_offset 32
	movs	r0, #0
	str	r0, [sp, #20]
.Ltmp9:
	.loc	2 78 5 prologue_end     @ ../Core/Src/main.c:78:5
	bl	SYS_Init
	movs	r0, #225
	lsls	r1, r0, #9
	ldr	r0, __arm_cp.3_0
	.loc	2 81 5                  @ ../Core/Src/main.c:81:5
	bl	UART_Open
	.loc	2 82 2                  @ ../Core/Src/main.c:82:2
	bl	MyUart_Init
	.loc	2 83 2                  @ ../Core/Src/main.c:83:2
	str	r0, [sp, #8]            @ 4-byte Spill
	bl	MyGPIO_Init
	.loc	2 84 2                  @ ../Core/Src/main.c:84:2
	str	r0, [sp, #4]            @ 4-byte Spill
	bl	MyMoto_Init
	.loc	2 85 2                  @ ../Core/Src/main.c:85:2
	ldr	r1, __arm_cp.3_1
	str	r0, [sp]                @ 4-byte Spill
	mov	r0, r1
	bl	printf
	.loc	2 86 5                  @ ../Core/Src/main.c:86:5
	b	.LBB3_1
.LBB3_1:                                @ =>This Inner Loop Header: Depth=1
.Ltmp10:
	.loc	2 88 6                  @ ../Core/Src/main.c:88:6
	bl	MyCLI_ProcessCmdInput
.Ltmp11:
	.loc	2 88 6 is_stmt 0        @ ../Core/Src/main.c:88:6
	cmp	r0, #0
	beq	.LBB3_3
	b	.LBB3_2
.LBB3_2:                                @   in Loop: Header=BB3_1 Depth=1
.Ltmp12:
	.loc	2 92 5 is_stmt 1        @ ../Core/Src/main.c:92:5
	ldr	r0, __arm_cp.3_2
	bl	printf
	.loc	2 94 3                  @ ../Core/Src/main.c:94:3
	b	.LBB3_3
.Ltmp13:
.LBB3_3:                                @   in Loop: Header=BB3_1 Depth=1
	.loc	2 86 5                  @ ../Core/Src/main.c:86:5
	b	.LBB3_1
.Ltmp14:
	.p2align	2
@ %bb.4:
	.loc	2 0 5 is_stmt 0         @ ../Core/Src/main.c:0:5
__arm_cp.3_0:
	.long	1074200576              @ 0x40070000
.Lcpi_end3:
	.size	__arm_cp.3_0, .Lcpi_end3-__arm_cp.3_0
__arm_cp.3_1:
	.long	.L.str
.Lcpi_end4:
	.size	__arm_cp.3_1, .Lcpi_end4-__arm_cp.3_1
__arm_cp.3_2:
	.long	.L.str.1
.Lcpi_end5:
	.size	__arm_cp.3_2, .Lcpi_end5-__arm_cp.3_2
.Lfunc_end3:
	.size	main, .Lfunc_end3-main
	.cfi_endproc
	.cantunwind
	.fnend
                                        @ -- End function
	.hidden	UART0_IRQHandler        @ -- Begin function UART0_IRQHandler
	.globl	UART0_IRQHandler
	.p2align	1
	.type	UART0_IRQHandler,%function
	.code	16                      @ @UART0_IRQHandler
	.thumb_func
UART0_IRQHandler:
.Lfunc_begin4:
	.loc	2 129 0 is_stmt 1       @ ../Core/Src/main.c:129:0
	.fnstart
	.cfi_startproc
@ %bb.0:
	.save	{r7, lr}
	push	{r7, lr}
	.cfi_def_cfa_offset 8
	.cfi_offset lr, -4
	.cfi_offset r7, -8
.Ltmp15:
	.loc	2 130 2 prologue_end    @ ../Core/Src/main.c:130:2
	bl	MyUart_IRQHandler
	.loc	2 131 1                 @ ../Core/Src/main.c:131:1
	pop	{r7, pc}
.Ltmp16:
.Lfunc_end4:
	.size	UART0_IRQHandler, .Lfunc_end4-UART0_IRQHandler
	.cfi_endproc
	.cantunwind
	.fnend
                                        @ -- End function
	.hidden	g_au8RecData            @ @g_au8RecData
	.type	g_au8RecData,%object
	.section	.bss.g_au8RecData,"aw",%nobits
	.globl	g_au8RecData
g_au8RecData:
.Lg_au8RecData$local:
	.zero	1024
	.size	g_au8RecData, 1024

	.hidden	g_u32ComRbytes          @ @g_u32ComRbytes
	.type	g_u32ComRbytes,%object
	.section	.bss.g_u32ComRbytes,"aw",%nobits
	.globl	g_u32ComRbytes
	.p2align	2
g_u32ComRbytes:
.Lg_u32ComRbytes$local:
	.long	0                       @ 0x0
	.size	g_u32ComRbytes, 4

	.hidden	g_u32ComRhead           @ @g_u32ComRhead
	.type	g_u32ComRhead,%object
	.section	.bss.g_u32ComRhead,"aw",%nobits
	.globl	g_u32ComRhead
	.p2align	2
g_u32ComRhead:
.Lg_u32ComRhead$local:
	.long	0                       @ 0x0
	.size	g_u32ComRhead, 4

	.hidden	g_u32ComRtail           @ @g_u32ComRtail
	.type	g_u32ComRtail,%object
	.section	.bss.g_u32ComRtail,"aw",%nobits
	.globl	g_u32ComRtail
	.p2align	2
g_u32ComRtail:
.Lg_u32ComRtail$local:
	.long	0                       @ 0x0
	.size	g_u32ComRtail, 4

	.hidden	g_i32Wait               @ @g_i32Wait
	.type	g_i32Wait,%object
	.section	.data.g_i32Wait,"aw",%progbits
	.globl	g_i32Wait
	.p2align	2
g_i32Wait:
.Lg_i32Wait$local:
	.long	1                       @ 0x1
	.size	g_i32Wait, 4

	.type	.L.str,%object          @ @.str
	.section	.rodata.str1.1,"aMS",%progbits,1
.L.str:
	.asciz	"\nStart Main loop\n"
	.size	.L.str, 18

	.type	.L.str.1,%object        @ @.str.1
.L.str.1:
	.asciz	">"
	.size	.L.str.1, 2

	.section	.debug_str,"MS",%progbits,1
.Linfo_string0:
	.asciz	"Component: ARM Compiler 6.14 Tool: armclang [5db06c00]" @ string offset=0
.Linfo_string1:
	.asciz	"../Core/Src\\main.c"   @ string offset=55
.Linfo_string2:
	.asciz	"C:\\Work\\Keil WorkSpace\\Furbo\\Keil" @ string offset=74
.Linfo_string3:
	.asciz	"g_au8RecData"          @ string offset=108
.Linfo_string4:
	.asciz	"unsigned char"         @ string offset=121
.Linfo_string5:
	.asciz	"uint8_t"               @ string offset=135
.Linfo_string6:
	.asciz	"__ARRAY_SIZE_TYPE__"   @ string offset=143
.Linfo_string7:
	.asciz	"g_u32ComRbytes"        @ string offset=163
.Linfo_string8:
	.asciz	"unsigned int"          @ string offset=178
.Linfo_string9:
	.asciz	"uint32_t"              @ string offset=191
.Linfo_string10:
	.asciz	"g_u32ComRhead"         @ string offset=200
.Linfo_string11:
	.asciz	"g_u32ComRtail"         @ string offset=214
.Linfo_string12:
	.asciz	"g_i32Wait"             @ string offset=228
.Linfo_string13:
	.asciz	"int"                   @ string offset=238
.Linfo_string14:
	.asciz	"int32_t"               @ string offset=242
.Linfo_string15:
	.asciz	"DAT"                   @ string offset=250
.Linfo_string16:
	.asciz	"INTEN"                 @ string offset=254
.Linfo_string17:
	.asciz	"FIFO"                  @ string offset=260
.Linfo_string18:
	.asciz	"LINE"                  @ string offset=265
.Linfo_string19:
	.asciz	"MODEM"                 @ string offset=270
.Linfo_string20:
	.asciz	"MODEMSTS"              @ string offset=276
.Linfo_string21:
	.asciz	"FIFOSTS"               @ string offset=285
.Linfo_string22:
	.asciz	"INTSTS"                @ string offset=293
.Linfo_string23:
	.asciz	"TOUT"                  @ string offset=300
.Linfo_string24:
	.asciz	"BAUD"                  @ string offset=305
.Linfo_string25:
	.asciz	"IRDA"                  @ string offset=310
.Linfo_string26:
	.asciz	"ALTCTL"                @ string offset=315
.Linfo_string27:
	.asciz	"FUNCSEL"               @ string offset=322
.Linfo_string28:
	.asciz	"LINCTL"                @ string offset=330
.Linfo_string29:
	.asciz	"LINSTS"                @ string offset=337
.Linfo_string30:
	.asciz	"BRCOMP"                @ string offset=344
.Linfo_string31:
	.asciz	"WKCTL"                 @ string offset=351
.Linfo_string32:
	.asciz	"WKSTS"                 @ string offset=357
.Linfo_string33:
	.asciz	"DWKCOMP"               @ string offset=363
.Linfo_string34:
	.asciz	"UART_T"                @ string offset=371
.Linfo_string35:
	.asciz	"PDID"                  @ string offset=378
.Linfo_string36:
	.asciz	"RSTSTS"                @ string offset=383
.Linfo_string37:
	.asciz	"IPRST0"                @ string offset=390
.Linfo_string38:
	.asciz	"IPRST1"                @ string offset=397
.Linfo_string39:
	.asciz	"IPRST2"                @ string offset=404
.Linfo_string40:
	.asciz	"RESERVE0"              @ string offset=411
.Linfo_string41:
	.asciz	"BODCTL"                @ string offset=420
.Linfo_string42:
	.asciz	"IVSCTL"                @ string offset=427
.Linfo_string43:
	.asciz	"RESERVE1"              @ string offset=434
.Linfo_string44:
	.asciz	"PORCTL0"               @ string offset=443
.Linfo_string45:
	.asciz	"VREFCTL"               @ string offset=451
.Linfo_string46:
	.asciz	"RESERVE2"              @ string offset=459
.Linfo_string47:
	.asciz	"GPA_MFPL"              @ string offset=468
.Linfo_string48:
	.asciz	"GPA_MFPH"              @ string offset=477
.Linfo_string49:
	.asciz	"GPB_MFPL"              @ string offset=486
.Linfo_string50:
	.asciz	"GPB_MFPH"              @ string offset=495
.Linfo_string51:
	.asciz	"GPC_MFPL"              @ string offset=504
.Linfo_string52:
	.asciz	"GPC_MFPH"              @ string offset=513
.Linfo_string53:
	.asciz	"GPD_MFPL"              @ string offset=522
.Linfo_string54:
	.asciz	"GPD_MFPH"              @ string offset=531
.Linfo_string55:
	.asciz	"GPE_MFPL"              @ string offset=540
.Linfo_string56:
	.asciz	"GPE_MFPH"              @ string offset=549
.Linfo_string57:
	.asciz	"GPF_MFPL"              @ string offset=558
.Linfo_string58:
	.asciz	"GPF_MFPH"              @ string offset=567
.Linfo_string59:
	.asciz	"RESERVE3"              @ string offset=576
.Linfo_string60:
	.asciz	"GPA_MFOS"              @ string offset=585
.Linfo_string61:
	.asciz	"GPB_MFOS"              @ string offset=594
.Linfo_string62:
	.asciz	"GPC_MFOS"              @ string offset=603
.Linfo_string63:
	.asciz	"GPD_MFOS"              @ string offset=612
.Linfo_string64:
	.asciz	"GPE_MFOS"              @ string offset=621
.Linfo_string65:
	.asciz	"GPF_MFOS"              @ string offset=630
.Linfo_string66:
	.asciz	"RESERVE4"              @ string offset=639
.Linfo_string67:
	.asciz	"MODCTL"                @ string offset=648
.Linfo_string68:
	.asciz	"RESERVE5"              @ string offset=655
.Linfo_string69:
	.asciz	"SRAM_BISTCTL"          @ string offset=664
.Linfo_string70:
	.asciz	"SRAM_BISTSTS"          @ string offset=677
.Linfo_string71:
	.asciz	"RESERVE6"              @ string offset=690
.Linfo_string72:
	.asciz	"HIRCTRIMCTL"           @ string offset=699
.Linfo_string73:
	.asciz	"HIRCTRIMIEN"           @ string offset=711
.Linfo_string74:
	.asciz	"HIRCTRIMSTS"           @ string offset=723
.Linfo_string75:
	.asciz	"RESERVE7"              @ string offset=735
.Linfo_string76:
	.asciz	"REGLCTL"               @ string offset=744
.Linfo_string77:
	.asciz	"MIRCTRIMCTL"           @ string offset=752
.Linfo_string78:
	.asciz	"MIRCTRIMIEN"           @ string offset=764
.Linfo_string79:
	.asciz	"MIRCTRIMSTS"           @ string offset=776
.Linfo_string80:
	.asciz	"RESERVE8"              @ string offset=788
.Linfo_string81:
	.asciz	"RTCLVRIEN"             @ string offset=797
.Linfo_string82:
	.asciz	"RTCLVRSTS"             @ string offset=807
.Linfo_string83:
	.asciz	"RESERVE9"              @ string offset=817
.Linfo_string84:
	.asciz	"PORCTL1"               @ string offset=826
.Linfo_string85:
	.asciz	"RESERVE10"             @ string offset=834
.Linfo_string86:
	.asciz	"PLCTL"                 @ string offset=844
.Linfo_string87:
	.asciz	"PLSTS"                 @ string offset=850
.Linfo_string88:
	.asciz	"SYS_T"                 @ string offset=856
.Linfo_string89:
	.asciz	"SYS_Init"              @ string offset=862
.Linfo_string90:
	.asciz	"SYS_UnlockReg"         @ string offset=871
.Linfo_string91:
	.asciz	"SYS_LockReg"           @ string offset=885
.Linfo_string92:
	.asciz	"main"                  @ string offset=897
.Linfo_string93:
	.asciz	"UART0_IRQHandler"      @ string offset=902
.Linfo_string94:
	.asciz	"i"                     @ string offset=919
.Linfo_string95:
	.asciz	"j"                     @ string offset=921
	.section	.debug_abbrev,"",%progbits
	.byte	1                       @ Abbreviation Code
	.byte	17                      @ DW_TAG_compile_unit
	.byte	1                       @ DW_CHILDREN_yes
	.byte	37                      @ DW_AT_producer
	.byte	14                      @ DW_FORM_strp
	.byte	19                      @ DW_AT_language
	.byte	5                       @ DW_FORM_data2
	.byte	3                       @ DW_AT_name
	.byte	14                      @ DW_FORM_strp
	.byte	16                      @ DW_AT_stmt_list
	.byte	6                       @ DW_FORM_data4
	.byte	27                      @ DW_AT_comp_dir
	.byte	14                      @ DW_FORM_strp
	.byte	17                      @ DW_AT_low_pc
	.byte	1                       @ DW_FORM_addr
	.byte	18                      @ DW_AT_high_pc
	.byte	1                       @ DW_FORM_addr
	.byte	0                       @ EOM(1)
	.byte	0                       @ EOM(2)
	.byte	2                       @ Abbreviation Code
	.byte	52                      @ DW_TAG_variable
	.byte	0                       @ DW_CHILDREN_no
	.byte	3                       @ DW_AT_name
	.byte	14                      @ DW_FORM_strp
	.byte	73                      @ DW_AT_type
	.byte	19                      @ DW_FORM_ref4
	.byte	63                      @ DW_AT_external
	.byte	12                      @ DW_FORM_flag
	.byte	58                      @ DW_AT_decl_file
	.byte	11                      @ DW_FORM_data1
	.byte	59                      @ DW_AT_decl_line
	.byte	11                      @ DW_FORM_data1
	.byte	2                       @ DW_AT_location
	.byte	10                      @ DW_FORM_block1
	.byte	0                       @ EOM(1)
	.byte	0                       @ EOM(2)
	.byte	3                       @ Abbreviation Code
	.byte	1                       @ DW_TAG_array_type
	.byte	1                       @ DW_CHILDREN_yes
	.byte	73                      @ DW_AT_type
	.byte	19                      @ DW_FORM_ref4
	.byte	0                       @ EOM(1)
	.byte	0                       @ EOM(2)
	.byte	4                       @ Abbreviation Code
	.byte	33                      @ DW_TAG_subrange_type
	.byte	0                       @ DW_CHILDREN_no
	.byte	73                      @ DW_AT_type
	.byte	19                      @ DW_FORM_ref4
	.byte	55                      @ DW_AT_count
	.byte	5                       @ DW_FORM_data2
	.byte	0                       @ EOM(1)
	.byte	0                       @ EOM(2)
	.byte	5                       @ Abbreviation Code
	.byte	22                      @ DW_TAG_typedef
	.byte	0                       @ DW_CHILDREN_no
	.byte	73                      @ DW_AT_type
	.byte	19                      @ DW_FORM_ref4
	.byte	3                       @ DW_AT_name
	.byte	14                      @ DW_FORM_strp
	.byte	58                      @ DW_AT_decl_file
	.byte	11                      @ DW_FORM_data1
	.byte	59                      @ DW_AT_decl_line
	.byte	11                      @ DW_FORM_data1
	.byte	0                       @ EOM(1)
	.byte	0                       @ EOM(2)
	.byte	6                       @ Abbreviation Code
	.byte	36                      @ DW_TAG_base_type
	.byte	0                       @ DW_CHILDREN_no
	.byte	3                       @ DW_AT_name
	.byte	14                      @ DW_FORM_strp
	.byte	62                      @ DW_AT_encoding
	.byte	11                      @ DW_FORM_data1
	.byte	11                      @ DW_AT_byte_size
	.byte	11                      @ DW_FORM_data1
	.byte	0                       @ EOM(1)
	.byte	0                       @ EOM(2)
	.byte	7                       @ Abbreviation Code
	.byte	36                      @ DW_TAG_base_type
	.byte	0                       @ DW_CHILDREN_no
	.byte	3                       @ DW_AT_name
	.byte	14                      @ DW_FORM_strp
	.byte	11                      @ DW_AT_byte_size
	.byte	11                      @ DW_FORM_data1
	.byte	62                      @ DW_AT_encoding
	.byte	11                      @ DW_FORM_data1
	.byte	0                       @ EOM(1)
	.byte	0                       @ EOM(2)
	.byte	8                       @ Abbreviation Code
	.byte	53                      @ DW_TAG_volatile_type
	.byte	0                       @ DW_CHILDREN_no
	.byte	73                      @ DW_AT_type
	.byte	19                      @ DW_FORM_ref4
	.byte	0                       @ EOM(1)
	.byte	0                       @ EOM(2)
	.byte	9                       @ Abbreviation Code
	.byte	15                      @ DW_TAG_pointer_type
	.byte	0                       @ DW_CHILDREN_no
	.byte	73                      @ DW_AT_type
	.byte	19                      @ DW_FORM_ref4
	.byte	0                       @ EOM(1)
	.byte	0                       @ EOM(2)
	.byte	10                      @ Abbreviation Code
	.byte	22                      @ DW_TAG_typedef
	.byte	0                       @ DW_CHILDREN_no
	.byte	73                      @ DW_AT_type
	.byte	19                      @ DW_FORM_ref4
	.byte	3                       @ DW_AT_name
	.byte	14                      @ DW_FORM_strp
	.byte	58                      @ DW_AT_decl_file
	.byte	11                      @ DW_FORM_data1
	.byte	59                      @ DW_AT_decl_line
	.byte	5                       @ DW_FORM_data2
	.byte	0                       @ EOM(1)
	.byte	0                       @ EOM(2)
	.byte	11                      @ Abbreviation Code
	.byte	19                      @ DW_TAG_structure_type
	.byte	1                       @ DW_CHILDREN_yes
	.byte	11                      @ DW_AT_byte_size
	.byte	11                      @ DW_FORM_data1
	.byte	58                      @ DW_AT_decl_file
	.byte	11                      @ DW_FORM_data1
	.byte	59                      @ DW_AT_decl_line
	.byte	11                      @ DW_FORM_data1
	.byte	0                       @ EOM(1)
	.byte	0                       @ EOM(2)
	.byte	12                      @ Abbreviation Code
	.byte	13                      @ DW_TAG_member
	.byte	0                       @ DW_CHILDREN_no
	.byte	3                       @ DW_AT_name
	.byte	14                      @ DW_FORM_strp
	.byte	73                      @ DW_AT_type
	.byte	19                      @ DW_FORM_ref4
	.byte	58                      @ DW_AT_decl_file
	.byte	11                      @ DW_FORM_data1
	.byte	59                      @ DW_AT_decl_line
	.byte	5                       @ DW_FORM_data2
	.byte	56                      @ DW_AT_data_member_location
	.byte	11                      @ DW_FORM_data1
	.byte	0                       @ EOM(1)
	.byte	0                       @ EOM(2)
	.byte	13                      @ Abbreviation Code
	.byte	19                      @ DW_TAG_structure_type
	.byte	1                       @ DW_CHILDREN_yes
	.byte	11                      @ DW_AT_byte_size
	.byte	5                       @ DW_FORM_data2
	.byte	58                      @ DW_AT_decl_file
	.byte	11                      @ DW_FORM_data1
	.byte	59                      @ DW_AT_decl_line
	.byte	11                      @ DW_FORM_data1
	.byte	0                       @ EOM(1)
	.byte	0                       @ EOM(2)
	.byte	14                      @ Abbreviation Code
	.byte	13                      @ DW_TAG_member
	.byte	0                       @ DW_CHILDREN_no
	.byte	3                       @ DW_AT_name
	.byte	14                      @ DW_FORM_strp
	.byte	73                      @ DW_AT_type
	.byte	19                      @ DW_FORM_ref4
	.byte	58                      @ DW_AT_decl_file
	.byte	11                      @ DW_FORM_data1
	.byte	59                      @ DW_AT_decl_line
	.byte	5                       @ DW_FORM_data2
	.byte	56                      @ DW_AT_data_member_location
	.byte	5                       @ DW_FORM_data2
	.byte	0                       @ EOM(1)
	.byte	0                       @ EOM(2)
	.byte	15                      @ Abbreviation Code
	.byte	38                      @ DW_TAG_const_type
	.byte	0                       @ DW_CHILDREN_no
	.byte	73                      @ DW_AT_type
	.byte	19                      @ DW_FORM_ref4
	.byte	0                       @ EOM(1)
	.byte	0                       @ EOM(2)
	.byte	16                      @ Abbreviation Code
	.byte	33                      @ DW_TAG_subrange_type
	.byte	0                       @ DW_CHILDREN_no
	.byte	73                      @ DW_AT_type
	.byte	19                      @ DW_FORM_ref4
	.byte	55                      @ DW_AT_count
	.byte	11                      @ DW_FORM_data1
	.byte	0                       @ EOM(1)
	.byte	0                       @ EOM(2)
	.byte	17                      @ Abbreviation Code
	.byte	46                      @ DW_TAG_subprogram
	.byte	0                       @ DW_CHILDREN_no
	.byte	17                      @ DW_AT_low_pc
	.byte	1                       @ DW_FORM_addr
	.byte	18                      @ DW_AT_high_pc
	.byte	1                       @ DW_FORM_addr
	.byte	64                      @ DW_AT_frame_base
	.byte	10                      @ DW_FORM_block1
	.byte	3                       @ DW_AT_name
	.byte	14                      @ DW_FORM_strp
	.byte	58                      @ DW_AT_decl_file
	.byte	11                      @ DW_FORM_data1
	.byte	59                      @ DW_AT_decl_line
	.byte	11                      @ DW_FORM_data1
	.byte	39                      @ DW_AT_prototyped
	.byte	12                      @ DW_FORM_flag
	.byte	63                      @ DW_AT_external
	.byte	12                      @ DW_FORM_flag
	.byte	0                       @ EOM(1)
	.byte	0                       @ EOM(2)
	.byte	18                      @ Abbreviation Code
	.byte	46                      @ DW_TAG_subprogram
	.byte	0                       @ DW_CHILDREN_no
	.byte	17                      @ DW_AT_low_pc
	.byte	1                       @ DW_FORM_addr
	.byte	18                      @ DW_AT_high_pc
	.byte	1                       @ DW_FORM_addr
	.byte	64                      @ DW_AT_frame_base
	.byte	10                      @ DW_FORM_block1
	.byte	3                       @ DW_AT_name
	.byte	14                      @ DW_FORM_strp
	.byte	58                      @ DW_AT_decl_file
	.byte	11                      @ DW_FORM_data1
	.byte	59                      @ DW_AT_decl_line
	.byte	5                       @ DW_FORM_data2
	.byte	39                      @ DW_AT_prototyped
	.byte	12                      @ DW_FORM_flag
	.byte	0                       @ EOM(1)
	.byte	0                       @ EOM(2)
	.byte	19                      @ Abbreviation Code
	.byte	46                      @ DW_TAG_subprogram
	.byte	1                       @ DW_CHILDREN_yes
	.byte	17                      @ DW_AT_low_pc
	.byte	1                       @ DW_FORM_addr
	.byte	18                      @ DW_AT_high_pc
	.byte	1                       @ DW_FORM_addr
	.byte	64                      @ DW_AT_frame_base
	.byte	10                      @ DW_FORM_block1
	.byte	3                       @ DW_AT_name
	.byte	14                      @ DW_FORM_strp
	.byte	58                      @ DW_AT_decl_file
	.byte	11                      @ DW_FORM_data1
	.byte	59                      @ DW_AT_decl_line
	.byte	11                      @ DW_FORM_data1
	.byte	73                      @ DW_AT_type
	.byte	19                      @ DW_FORM_ref4
	.byte	63                      @ DW_AT_external
	.byte	12                      @ DW_FORM_flag
	.byte	0                       @ EOM(1)
	.byte	0                       @ EOM(2)
	.byte	20                      @ Abbreviation Code
	.byte	52                      @ DW_TAG_variable
	.byte	0                       @ DW_CHILDREN_no
	.byte	2                       @ DW_AT_location
	.byte	10                      @ DW_FORM_block1
	.byte	3                       @ DW_AT_name
	.byte	14                      @ DW_FORM_strp
	.byte	58                      @ DW_AT_decl_file
	.byte	11                      @ DW_FORM_data1
	.byte	59                      @ DW_AT_decl_line
	.byte	11                      @ DW_FORM_data1
	.byte	73                      @ DW_AT_type
	.byte	19                      @ DW_FORM_ref4
	.byte	0                       @ EOM(1)
	.byte	0                       @ EOM(2)
	.byte	0                       @ EOM(3)
	.section	.debug_info,"",%progbits
.Lcu_begin0:
	.long	.Ldebug_info_end0-.Ldebug_info_start0 @ Length of Unit
.Ldebug_info_start0:
	.short	3                       @ DWARF version number
	.long	.debug_abbrev           @ Offset Into Abbrev. Section
	.byte	4                       @ Address Size (in bytes)
	.byte	1                       @ Abbrev [1] 0xb:0x58f DW_TAG_compile_unit
	.long	.Linfo_string0          @ DW_AT_producer
	.short	1                       @ DW_AT_language
	.long	.Linfo_string1          @ DW_AT_name
	.long	.Lline_table_start0     @ DW_AT_stmt_list
	.long	.Linfo_string2          @ DW_AT_comp_dir
	.long	.Lfunc_begin0           @ DW_AT_low_pc
	.long	.Lfunc_end4             @ DW_AT_high_pc
	.byte	2                       @ Abbrev [2] 0x26:0x12 DW_TAG_variable
	.long	.Linfo_string3          @ DW_AT_name
	.long	56                      @ DW_AT_type
	.byte	1                       @ DW_AT_external
	.byte	2                       @ DW_AT_decl_file
	.byte	18                      @ DW_AT_decl_line
	.byte	5                       @ DW_AT_location
	.byte	3
	.long	g_au8RecData
	.byte	3                       @ Abbrev [3] 0x38:0xd DW_TAG_array_type
	.long	69                      @ DW_AT_type
	.byte	4                       @ Abbrev [4] 0x3d:0x7 DW_TAG_subrange_type
	.long	87                      @ DW_AT_type
	.short	1024                    @ DW_AT_count
	.byte	0                       @ End Of Children Mark
	.byte	5                       @ Abbrev [5] 0x45:0xb DW_TAG_typedef
	.long	80                      @ DW_AT_type
	.long	.Linfo_string5          @ DW_AT_name
	.byte	1                       @ DW_AT_decl_file
	.byte	62                      @ DW_AT_decl_line
	.byte	6                       @ Abbrev [6] 0x50:0x7 DW_TAG_base_type
	.long	.Linfo_string4          @ DW_AT_name
	.byte	8                       @ DW_AT_encoding
	.byte	1                       @ DW_AT_byte_size
	.byte	7                       @ Abbrev [7] 0x57:0x7 DW_TAG_base_type
	.long	.Linfo_string6          @ DW_AT_name
	.byte	8                       @ DW_AT_byte_size
	.byte	7                       @ DW_AT_encoding
	.byte	2                       @ Abbrev [2] 0x5e:0x12 DW_TAG_variable
	.long	.Linfo_string7          @ DW_AT_name
	.long	112                     @ DW_AT_type
	.byte	1                       @ DW_AT_external
	.byte	2                       @ DW_AT_decl_file
	.byte	20                      @ DW_AT_decl_line
	.byte	5                       @ DW_AT_location
	.byte	3
	.long	g_u32ComRbytes
	.byte	8                       @ Abbrev [8] 0x70:0x5 DW_TAG_volatile_type
	.long	117                     @ DW_AT_type
	.byte	5                       @ Abbrev [5] 0x75:0xb DW_TAG_typedef
	.long	128                     @ DW_AT_type
	.long	.Linfo_string9          @ DW_AT_name
	.byte	1                       @ DW_AT_decl_file
	.byte	64                      @ DW_AT_decl_line
	.byte	6                       @ Abbrev [6] 0x80:0x7 DW_TAG_base_type
	.long	.Linfo_string8          @ DW_AT_name
	.byte	7                       @ DW_AT_encoding
	.byte	4                       @ DW_AT_byte_size
	.byte	2                       @ Abbrev [2] 0x87:0x12 DW_TAG_variable
	.long	.Linfo_string10         @ DW_AT_name
	.long	112                     @ DW_AT_type
	.byte	1                       @ DW_AT_external
	.byte	2                       @ DW_AT_decl_file
	.byte	21                      @ DW_AT_decl_line
	.byte	5                       @ DW_AT_location
	.byte	3
	.long	g_u32ComRhead
	.byte	2                       @ Abbrev [2] 0x99:0x12 DW_TAG_variable
	.long	.Linfo_string11         @ DW_AT_name
	.long	112                     @ DW_AT_type
	.byte	1                       @ DW_AT_external
	.byte	2                       @ DW_AT_decl_file
	.byte	22                      @ DW_AT_decl_line
	.byte	5                       @ DW_AT_location
	.byte	3
	.long	g_u32ComRtail
	.byte	2                       @ Abbrev [2] 0xab:0x12 DW_TAG_variable
	.long	.Linfo_string12         @ DW_AT_name
	.long	189                     @ DW_AT_type
	.byte	1                       @ DW_AT_external
	.byte	2                       @ DW_AT_decl_file
	.byte	23                      @ DW_AT_decl_line
	.byte	5                       @ DW_AT_location
	.byte	3
	.long	g_i32Wait
	.byte	8                       @ Abbrev [8] 0xbd:0x5 DW_TAG_volatile_type
	.long	194                     @ DW_AT_type
	.byte	5                       @ Abbrev [5] 0xc2:0xb DW_TAG_typedef
	.long	205                     @ DW_AT_type
	.long	.Linfo_string14         @ DW_AT_name
	.byte	1                       @ DW_AT_decl_file
	.byte	58                      @ DW_AT_decl_line
	.byte	6                       @ Abbrev [6] 0xcd:0x7 DW_TAG_base_type
	.long	.Linfo_string13         @ DW_AT_name
	.byte	5                       @ DW_AT_encoding
	.byte	4                       @ DW_AT_byte_size
	.byte	9                       @ Abbrev [9] 0xd4:0x5 DW_TAG_pointer_type
	.long	217                     @ DW_AT_type
	.byte	10                      @ Abbrev [10] 0xd9:0xc DW_TAG_typedef
	.long	229                     @ DW_AT_type
	.long	.Linfo_string34         @ DW_AT_name
	.byte	3                       @ DW_AT_decl_file
	.short	867                     @ DW_AT_decl_line
	.byte	11                      @ Abbrev [11] 0xe5:0xfc DW_TAG_structure_type
	.byte	76                      @ DW_AT_byte_size
	.byte	3                       @ DW_AT_decl_file
	.byte	27                      @ DW_AT_decl_line
	.byte	12                      @ Abbrev [12] 0xe9:0xd DW_TAG_member
	.long	.Linfo_string15         @ DW_AT_name
	.long	112                     @ DW_AT_type
	.byte	3                       @ DW_AT_decl_file
	.short	847                     @ DW_AT_decl_line
	.byte	0                       @ DW_AT_data_member_location
	.byte	12                      @ Abbrev [12] 0xf6:0xd DW_TAG_member
	.long	.Linfo_string16         @ DW_AT_name
	.long	112                     @ DW_AT_type
	.byte	3                       @ DW_AT_decl_file
	.short	848                     @ DW_AT_decl_line
	.byte	4                       @ DW_AT_data_member_location
	.byte	12                      @ Abbrev [12] 0x103:0xd DW_TAG_member
	.long	.Linfo_string17         @ DW_AT_name
	.long	112                     @ DW_AT_type
	.byte	3                       @ DW_AT_decl_file
	.short	849                     @ DW_AT_decl_line
	.byte	8                       @ DW_AT_data_member_location
	.byte	12                      @ Abbrev [12] 0x110:0xd DW_TAG_member
	.long	.Linfo_string18         @ DW_AT_name
	.long	112                     @ DW_AT_type
	.byte	3                       @ DW_AT_decl_file
	.short	850                     @ DW_AT_decl_line
	.byte	12                      @ DW_AT_data_member_location
	.byte	12                      @ Abbrev [12] 0x11d:0xd DW_TAG_member
	.long	.Linfo_string19         @ DW_AT_name
	.long	112                     @ DW_AT_type
	.byte	3                       @ DW_AT_decl_file
	.short	851                     @ DW_AT_decl_line
	.byte	16                      @ DW_AT_data_member_location
	.byte	12                      @ Abbrev [12] 0x12a:0xd DW_TAG_member
	.long	.Linfo_string20         @ DW_AT_name
	.long	112                     @ DW_AT_type
	.byte	3                       @ DW_AT_decl_file
	.short	852                     @ DW_AT_decl_line
	.byte	20                      @ DW_AT_data_member_location
	.byte	12                      @ Abbrev [12] 0x137:0xd DW_TAG_member
	.long	.Linfo_string21         @ DW_AT_name
	.long	112                     @ DW_AT_type
	.byte	3                       @ DW_AT_decl_file
	.short	853                     @ DW_AT_decl_line
	.byte	24                      @ DW_AT_data_member_location
	.byte	12                      @ Abbrev [12] 0x144:0xd DW_TAG_member
	.long	.Linfo_string22         @ DW_AT_name
	.long	112                     @ DW_AT_type
	.byte	3                       @ DW_AT_decl_file
	.short	854                     @ DW_AT_decl_line
	.byte	28                      @ DW_AT_data_member_location
	.byte	12                      @ Abbrev [12] 0x151:0xd DW_TAG_member
	.long	.Linfo_string23         @ DW_AT_name
	.long	112                     @ DW_AT_type
	.byte	3                       @ DW_AT_decl_file
	.short	855                     @ DW_AT_decl_line
	.byte	32                      @ DW_AT_data_member_location
	.byte	12                      @ Abbrev [12] 0x15e:0xd DW_TAG_member
	.long	.Linfo_string24         @ DW_AT_name
	.long	112                     @ DW_AT_type
	.byte	3                       @ DW_AT_decl_file
	.short	856                     @ DW_AT_decl_line
	.byte	36                      @ DW_AT_data_member_location
	.byte	12                      @ Abbrev [12] 0x16b:0xd DW_TAG_member
	.long	.Linfo_string25         @ DW_AT_name
	.long	112                     @ DW_AT_type
	.byte	3                       @ DW_AT_decl_file
	.short	857                     @ DW_AT_decl_line
	.byte	40                      @ DW_AT_data_member_location
	.byte	12                      @ Abbrev [12] 0x178:0xd DW_TAG_member
	.long	.Linfo_string26         @ DW_AT_name
	.long	112                     @ DW_AT_type
	.byte	3                       @ DW_AT_decl_file
	.short	858                     @ DW_AT_decl_line
	.byte	44                      @ DW_AT_data_member_location
	.byte	12                      @ Abbrev [12] 0x185:0xd DW_TAG_member
	.long	.Linfo_string27         @ DW_AT_name
	.long	112                     @ DW_AT_type
	.byte	3                       @ DW_AT_decl_file
	.short	859                     @ DW_AT_decl_line
	.byte	48                      @ DW_AT_data_member_location
	.byte	12                      @ Abbrev [12] 0x192:0xd DW_TAG_member
	.long	.Linfo_string28         @ DW_AT_name
	.long	112                     @ DW_AT_type
	.byte	3                       @ DW_AT_decl_file
	.short	860                     @ DW_AT_decl_line
	.byte	52                      @ DW_AT_data_member_location
	.byte	12                      @ Abbrev [12] 0x19f:0xd DW_TAG_member
	.long	.Linfo_string29         @ DW_AT_name
	.long	112                     @ DW_AT_type
	.byte	3                       @ DW_AT_decl_file
	.short	861                     @ DW_AT_decl_line
	.byte	56                      @ DW_AT_data_member_location
	.byte	12                      @ Abbrev [12] 0x1ac:0xd DW_TAG_member
	.long	.Linfo_string30         @ DW_AT_name
	.long	112                     @ DW_AT_type
	.byte	3                       @ DW_AT_decl_file
	.short	862                     @ DW_AT_decl_line
	.byte	60                      @ DW_AT_data_member_location
	.byte	12                      @ Abbrev [12] 0x1b9:0xd DW_TAG_member
	.long	.Linfo_string31         @ DW_AT_name
	.long	112                     @ DW_AT_type
	.byte	3                       @ DW_AT_decl_file
	.short	863                     @ DW_AT_decl_line
	.byte	64                      @ DW_AT_data_member_location
	.byte	12                      @ Abbrev [12] 0x1c6:0xd DW_TAG_member
	.long	.Linfo_string32         @ DW_AT_name
	.long	112                     @ DW_AT_type
	.byte	3                       @ DW_AT_decl_file
	.short	864                     @ DW_AT_decl_line
	.byte	68                      @ DW_AT_data_member_location
	.byte	12                      @ Abbrev [12] 0x1d3:0xd DW_TAG_member
	.long	.Linfo_string33         @ DW_AT_name
	.long	112                     @ DW_AT_type
	.byte	3                       @ DW_AT_decl_file
	.short	865                     @ DW_AT_decl_line
	.byte	72                      @ DW_AT_data_member_location
	.byte	0                       @ End Of Children Mark
	.byte	9                       @ Abbrev [9] 0x1e1:0x5 DW_TAG_pointer_type
	.long	486                     @ DW_AT_type
	.byte	10                      @ Abbrev [10] 0x1e6:0xc DW_TAG_typedef
	.long	498                     @ DW_AT_type
	.long	.Linfo_string88         @ DW_AT_name
	.byte	4                       @ DW_AT_decl_file
	.short	1521                    @ DW_AT_decl_line
	.byte	13                      @ Abbrev [13] 0x1f2:0x2c3 DW_TAG_structure_type
	.short	512                     @ DW_AT_byte_size
	.byte	4                       @ DW_AT_decl_file
	.byte	27                      @ DW_AT_decl_line
	.byte	12                      @ Abbrev [12] 0x1f7:0xd DW_TAG_member
	.long	.Linfo_string35         @ DW_AT_name
	.long	1205                    @ DW_AT_type
	.byte	4                       @ DW_AT_decl_file
	.short	1468                    @ DW_AT_decl_line
	.byte	0                       @ DW_AT_data_member_location
	.byte	12                      @ Abbrev [12] 0x204:0xd DW_TAG_member
	.long	.Linfo_string36         @ DW_AT_name
	.long	112                     @ DW_AT_type
	.byte	4                       @ DW_AT_decl_file
	.short	1469                    @ DW_AT_decl_line
	.byte	4                       @ DW_AT_data_member_location
	.byte	12                      @ Abbrev [12] 0x211:0xd DW_TAG_member
	.long	.Linfo_string37         @ DW_AT_name
	.long	112                     @ DW_AT_type
	.byte	4                       @ DW_AT_decl_file
	.short	1470                    @ DW_AT_decl_line
	.byte	8                       @ DW_AT_data_member_location
	.byte	12                      @ Abbrev [12] 0x21e:0xd DW_TAG_member
	.long	.Linfo_string38         @ DW_AT_name
	.long	112                     @ DW_AT_type
	.byte	4                       @ DW_AT_decl_file
	.short	1471                    @ DW_AT_decl_line
	.byte	12                      @ DW_AT_data_member_location
	.byte	12                      @ Abbrev [12] 0x22b:0xd DW_TAG_member
	.long	.Linfo_string39         @ DW_AT_name
	.long	112                     @ DW_AT_type
	.byte	4                       @ DW_AT_decl_file
	.short	1472                    @ DW_AT_decl_line
	.byte	16                      @ DW_AT_data_member_location
	.byte	12                      @ Abbrev [12] 0x238:0xd DW_TAG_member
	.long	.Linfo_string40         @ DW_AT_name
	.long	1210                    @ DW_AT_type
	.byte	4                       @ DW_AT_decl_file
	.short	1473                    @ DW_AT_decl_line
	.byte	20                      @ DW_AT_data_member_location
	.byte	12                      @ Abbrev [12] 0x245:0xd DW_TAG_member
	.long	.Linfo_string41         @ DW_AT_name
	.long	112                     @ DW_AT_type
	.byte	4                       @ DW_AT_decl_file
	.short	1474                    @ DW_AT_decl_line
	.byte	24                      @ DW_AT_data_member_location
	.byte	12                      @ Abbrev [12] 0x252:0xd DW_TAG_member
	.long	.Linfo_string42         @ DW_AT_name
	.long	112                     @ DW_AT_type
	.byte	4                       @ DW_AT_decl_file
	.short	1475                    @ DW_AT_decl_line
	.byte	28                      @ DW_AT_data_member_location
	.byte	12                      @ Abbrev [12] 0x25f:0xd DW_TAG_member
	.long	.Linfo_string43         @ DW_AT_name
	.long	1210                    @ DW_AT_type
	.byte	4                       @ DW_AT_decl_file
	.short	1476                    @ DW_AT_decl_line
	.byte	32                      @ DW_AT_data_member_location
	.byte	12                      @ Abbrev [12] 0x26c:0xd DW_TAG_member
	.long	.Linfo_string44         @ DW_AT_name
	.long	112                     @ DW_AT_type
	.byte	4                       @ DW_AT_decl_file
	.short	1477                    @ DW_AT_decl_line
	.byte	36                      @ DW_AT_data_member_location
	.byte	12                      @ Abbrev [12] 0x279:0xd DW_TAG_member
	.long	.Linfo_string45         @ DW_AT_name
	.long	112                     @ DW_AT_type
	.byte	4                       @ DW_AT_decl_file
	.short	1478                    @ DW_AT_decl_line
	.byte	40                      @ DW_AT_data_member_location
	.byte	12                      @ Abbrev [12] 0x286:0xd DW_TAG_member
	.long	.Linfo_string46         @ DW_AT_name
	.long	1210                    @ DW_AT_type
	.byte	4                       @ DW_AT_decl_file
	.short	1479                    @ DW_AT_decl_line
	.byte	44                      @ DW_AT_data_member_location
	.byte	12                      @ Abbrev [12] 0x293:0xd DW_TAG_member
	.long	.Linfo_string47         @ DW_AT_name
	.long	112                     @ DW_AT_type
	.byte	4                       @ DW_AT_decl_file
	.short	1480                    @ DW_AT_decl_line
	.byte	48                      @ DW_AT_data_member_location
	.byte	12                      @ Abbrev [12] 0x2a0:0xd DW_TAG_member
	.long	.Linfo_string48         @ DW_AT_name
	.long	112                     @ DW_AT_type
	.byte	4                       @ DW_AT_decl_file
	.short	1481                    @ DW_AT_decl_line
	.byte	52                      @ DW_AT_data_member_location
	.byte	12                      @ Abbrev [12] 0x2ad:0xd DW_TAG_member
	.long	.Linfo_string49         @ DW_AT_name
	.long	112                     @ DW_AT_type
	.byte	4                       @ DW_AT_decl_file
	.short	1482                    @ DW_AT_decl_line
	.byte	56                      @ DW_AT_data_member_location
	.byte	12                      @ Abbrev [12] 0x2ba:0xd DW_TAG_member
	.long	.Linfo_string50         @ DW_AT_name
	.long	112                     @ DW_AT_type
	.byte	4                       @ DW_AT_decl_file
	.short	1483                    @ DW_AT_decl_line
	.byte	60                      @ DW_AT_data_member_location
	.byte	12                      @ Abbrev [12] 0x2c7:0xd DW_TAG_member
	.long	.Linfo_string51         @ DW_AT_name
	.long	112                     @ DW_AT_type
	.byte	4                       @ DW_AT_decl_file
	.short	1484                    @ DW_AT_decl_line
	.byte	64                      @ DW_AT_data_member_location
	.byte	12                      @ Abbrev [12] 0x2d4:0xd DW_TAG_member
	.long	.Linfo_string52         @ DW_AT_name
	.long	112                     @ DW_AT_type
	.byte	4                       @ DW_AT_decl_file
	.short	1485                    @ DW_AT_decl_line
	.byte	68                      @ DW_AT_data_member_location
	.byte	12                      @ Abbrev [12] 0x2e1:0xd DW_TAG_member
	.long	.Linfo_string53         @ DW_AT_name
	.long	112                     @ DW_AT_type
	.byte	4                       @ DW_AT_decl_file
	.short	1486                    @ DW_AT_decl_line
	.byte	72                      @ DW_AT_data_member_location
	.byte	12                      @ Abbrev [12] 0x2ee:0xd DW_TAG_member
	.long	.Linfo_string54         @ DW_AT_name
	.long	112                     @ DW_AT_type
	.byte	4                       @ DW_AT_decl_file
	.short	1487                    @ DW_AT_decl_line
	.byte	76                      @ DW_AT_data_member_location
	.byte	12                      @ Abbrev [12] 0x2fb:0xd DW_TAG_member
	.long	.Linfo_string55         @ DW_AT_name
	.long	112                     @ DW_AT_type
	.byte	4                       @ DW_AT_decl_file
	.short	1488                    @ DW_AT_decl_line
	.byte	80                      @ DW_AT_data_member_location
	.byte	12                      @ Abbrev [12] 0x308:0xd DW_TAG_member
	.long	.Linfo_string56         @ DW_AT_name
	.long	112                     @ DW_AT_type
	.byte	4                       @ DW_AT_decl_file
	.short	1489                    @ DW_AT_decl_line
	.byte	84                      @ DW_AT_data_member_location
	.byte	12                      @ Abbrev [12] 0x315:0xd DW_TAG_member
	.long	.Linfo_string57         @ DW_AT_name
	.long	112                     @ DW_AT_type
	.byte	4                       @ DW_AT_decl_file
	.short	1490                    @ DW_AT_decl_line
	.byte	88                      @ DW_AT_data_member_location
	.byte	12                      @ Abbrev [12] 0x322:0xd DW_TAG_member
	.long	.Linfo_string58         @ DW_AT_name
	.long	112                     @ DW_AT_type
	.byte	4                       @ DW_AT_decl_file
	.short	1491                    @ DW_AT_decl_line
	.byte	92                      @ DW_AT_data_member_location
	.byte	12                      @ Abbrev [12] 0x32f:0xd DW_TAG_member
	.long	.Linfo_string59         @ DW_AT_name
	.long	1222                    @ DW_AT_type
	.byte	4                       @ DW_AT_decl_file
	.short	1492                    @ DW_AT_decl_line
	.byte	96                      @ DW_AT_data_member_location
	.byte	12                      @ Abbrev [12] 0x33c:0xd DW_TAG_member
	.long	.Linfo_string60         @ DW_AT_name
	.long	112                     @ DW_AT_type
	.byte	4                       @ DW_AT_decl_file
	.short	1493                    @ DW_AT_decl_line
	.byte	128                     @ DW_AT_data_member_location
	.byte	12                      @ Abbrev [12] 0x349:0xd DW_TAG_member
	.long	.Linfo_string61         @ DW_AT_name
	.long	112                     @ DW_AT_type
	.byte	4                       @ DW_AT_decl_file
	.short	1494                    @ DW_AT_decl_line
	.byte	132                     @ DW_AT_data_member_location
	.byte	12                      @ Abbrev [12] 0x356:0xd DW_TAG_member
	.long	.Linfo_string62         @ DW_AT_name
	.long	112                     @ DW_AT_type
	.byte	4                       @ DW_AT_decl_file
	.short	1495                    @ DW_AT_decl_line
	.byte	136                     @ DW_AT_data_member_location
	.byte	12                      @ Abbrev [12] 0x363:0xd DW_TAG_member
	.long	.Linfo_string63         @ DW_AT_name
	.long	112                     @ DW_AT_type
	.byte	4                       @ DW_AT_decl_file
	.short	1496                    @ DW_AT_decl_line
	.byte	140                     @ DW_AT_data_member_location
	.byte	12                      @ Abbrev [12] 0x370:0xd DW_TAG_member
	.long	.Linfo_string64         @ DW_AT_name
	.long	112                     @ DW_AT_type
	.byte	4                       @ DW_AT_decl_file
	.short	1497                    @ DW_AT_decl_line
	.byte	144                     @ DW_AT_data_member_location
	.byte	12                      @ Abbrev [12] 0x37d:0xd DW_TAG_member
	.long	.Linfo_string65         @ DW_AT_name
	.long	112                     @ DW_AT_type
	.byte	4                       @ DW_AT_decl_file
	.short	1498                    @ DW_AT_decl_line
	.byte	148                     @ DW_AT_data_member_location
	.byte	12                      @ Abbrev [12] 0x38a:0xd DW_TAG_member
	.long	.Linfo_string66         @ DW_AT_name
	.long	1234                    @ DW_AT_type
	.byte	4                       @ DW_AT_decl_file
	.short	1499                    @ DW_AT_decl_line
	.byte	152                     @ DW_AT_data_member_location
	.byte	12                      @ Abbrev [12] 0x397:0xd DW_TAG_member
	.long	.Linfo_string67         @ DW_AT_name
	.long	112                     @ DW_AT_type
	.byte	4                       @ DW_AT_decl_file
	.short	1500                    @ DW_AT_decl_line
	.byte	192                     @ DW_AT_data_member_location
	.byte	12                      @ Abbrev [12] 0x3a4:0xd DW_TAG_member
	.long	.Linfo_string68         @ DW_AT_name
	.long	1246                    @ DW_AT_type
	.byte	4                       @ DW_AT_decl_file
	.short	1501                    @ DW_AT_decl_line
	.byte	196                     @ DW_AT_data_member_location
	.byte	12                      @ Abbrev [12] 0x3b1:0xd DW_TAG_member
	.long	.Linfo_string69         @ DW_AT_name
	.long	112                     @ DW_AT_type
	.byte	4                       @ DW_AT_decl_file
	.short	1502                    @ DW_AT_decl_line
	.byte	208                     @ DW_AT_data_member_location
	.byte	12                      @ Abbrev [12] 0x3be:0xd DW_TAG_member
	.long	.Linfo_string70         @ DW_AT_name
	.long	1205                    @ DW_AT_type
	.byte	4                       @ DW_AT_decl_file
	.short	1503                    @ DW_AT_decl_line
	.byte	212                     @ DW_AT_data_member_location
	.byte	12                      @ Abbrev [12] 0x3cb:0xd DW_TAG_member
	.long	.Linfo_string71         @ DW_AT_name
	.long	1258                    @ DW_AT_type
	.byte	4                       @ DW_AT_decl_file
	.short	1504                    @ DW_AT_decl_line
	.byte	216                     @ DW_AT_data_member_location
	.byte	12                      @ Abbrev [12] 0x3d8:0xd DW_TAG_member
	.long	.Linfo_string72         @ DW_AT_name
	.long	112                     @ DW_AT_type
	.byte	4                       @ DW_AT_decl_file
	.short	1505                    @ DW_AT_decl_line
	.byte	240                     @ DW_AT_data_member_location
	.byte	12                      @ Abbrev [12] 0x3e5:0xd DW_TAG_member
	.long	.Linfo_string73         @ DW_AT_name
	.long	112                     @ DW_AT_type
	.byte	4                       @ DW_AT_decl_file
	.short	1506                    @ DW_AT_decl_line
	.byte	244                     @ DW_AT_data_member_location
	.byte	12                      @ Abbrev [12] 0x3f2:0xd DW_TAG_member
	.long	.Linfo_string74         @ DW_AT_name
	.long	112                     @ DW_AT_type
	.byte	4                       @ DW_AT_decl_file
	.short	1507                    @ DW_AT_decl_line
	.byte	248                     @ DW_AT_data_member_location
	.byte	12                      @ Abbrev [12] 0x3ff:0xd DW_TAG_member
	.long	.Linfo_string75         @ DW_AT_name
	.long	1210                    @ DW_AT_type
	.byte	4                       @ DW_AT_decl_file
	.short	1508                    @ DW_AT_decl_line
	.byte	252                     @ DW_AT_data_member_location
	.byte	14                      @ Abbrev [14] 0x40c:0xe DW_TAG_member
	.long	.Linfo_string76         @ DW_AT_name
	.long	112                     @ DW_AT_type
	.byte	4                       @ DW_AT_decl_file
	.short	1509                    @ DW_AT_decl_line
	.short	256                     @ DW_AT_data_member_location
	.byte	14                      @ Abbrev [14] 0x41a:0xe DW_TAG_member
	.long	.Linfo_string77         @ DW_AT_name
	.long	112                     @ DW_AT_type
	.byte	4                       @ DW_AT_decl_file
	.short	1510                    @ DW_AT_decl_line
	.short	260                     @ DW_AT_data_member_location
	.byte	14                      @ Abbrev [14] 0x428:0xe DW_TAG_member
	.long	.Linfo_string78         @ DW_AT_name
	.long	112                     @ DW_AT_type
	.byte	4                       @ DW_AT_decl_file
	.short	1511                    @ DW_AT_decl_line
	.short	264                     @ DW_AT_data_member_location
	.byte	14                      @ Abbrev [14] 0x436:0xe DW_TAG_member
	.long	.Linfo_string79         @ DW_AT_name
	.long	112                     @ DW_AT_type
	.byte	4                       @ DW_AT_decl_file
	.short	1512                    @ DW_AT_decl_line
	.short	268                     @ DW_AT_data_member_location
	.byte	14                      @ Abbrev [14] 0x444:0xe DW_TAG_member
	.long	.Linfo_string80         @ DW_AT_name
	.long	1270                    @ DW_AT_type
	.byte	4                       @ DW_AT_decl_file
	.short	1513                    @ DW_AT_decl_line
	.short	272                     @ DW_AT_data_member_location
	.byte	14                      @ Abbrev [14] 0x452:0xe DW_TAG_member
	.long	.Linfo_string81         @ DW_AT_name
	.long	112                     @ DW_AT_type
	.byte	4                       @ DW_AT_decl_file
	.short	1514                    @ DW_AT_decl_line
	.short	324                     @ DW_AT_data_member_location
	.byte	14                      @ Abbrev [14] 0x460:0xe DW_TAG_member
	.long	.Linfo_string82         @ DW_AT_name
	.long	112                     @ DW_AT_type
	.byte	4                       @ DW_AT_decl_file
	.short	1515                    @ DW_AT_decl_line
	.short	328                     @ DW_AT_data_member_location
	.byte	14                      @ Abbrev [14] 0x46e:0xe DW_TAG_member
	.long	.Linfo_string83         @ DW_AT_name
	.long	1282                    @ DW_AT_type
	.byte	4                       @ DW_AT_decl_file
	.short	1516                    @ DW_AT_decl_line
	.short	332                     @ DW_AT_data_member_location
	.byte	14                      @ Abbrev [14] 0x47c:0xe DW_TAG_member
	.long	.Linfo_string84         @ DW_AT_name
	.long	112                     @ DW_AT_type
	.byte	4                       @ DW_AT_decl_file
	.short	1517                    @ DW_AT_decl_line
	.short	492                     @ DW_AT_data_member_location
	.byte	14                      @ Abbrev [14] 0x48a:0xe DW_TAG_member
	.long	.Linfo_string85         @ DW_AT_name
	.long	1294                    @ DW_AT_type
	.byte	4                       @ DW_AT_decl_file
	.short	1518                    @ DW_AT_decl_line
	.short	496                     @ DW_AT_data_member_location
	.byte	14                      @ Abbrev [14] 0x498:0xe DW_TAG_member
	.long	.Linfo_string86         @ DW_AT_name
	.long	112                     @ DW_AT_type
	.byte	4                       @ DW_AT_decl_file
	.short	1519                    @ DW_AT_decl_line
	.short	504                     @ DW_AT_data_member_location
	.byte	14                      @ Abbrev [14] 0x4a6:0xe DW_TAG_member
	.long	.Linfo_string87         @ DW_AT_name
	.long	1205                    @ DW_AT_type
	.byte	4                       @ DW_AT_decl_file
	.short	1520                    @ DW_AT_decl_line
	.short	508                     @ DW_AT_data_member_location
	.byte	0                       @ End Of Children Mark
	.byte	15                      @ Abbrev [15] 0x4b5:0x5 DW_TAG_const_type
	.long	112                     @ DW_AT_type
	.byte	3                       @ Abbrev [3] 0x4ba:0xc DW_TAG_array_type
	.long	1205                    @ DW_AT_type
	.byte	16                      @ Abbrev [16] 0x4bf:0x6 DW_TAG_subrange_type
	.long	87                      @ DW_AT_type
	.byte	1                       @ DW_AT_count
	.byte	0                       @ End Of Children Mark
	.byte	3                       @ Abbrev [3] 0x4c6:0xc DW_TAG_array_type
	.long	1205                    @ DW_AT_type
	.byte	16                      @ Abbrev [16] 0x4cb:0x6 DW_TAG_subrange_type
	.long	87                      @ DW_AT_type
	.byte	8                       @ DW_AT_count
	.byte	0                       @ End Of Children Mark
	.byte	3                       @ Abbrev [3] 0x4d2:0xc DW_TAG_array_type
	.long	1205                    @ DW_AT_type
	.byte	16                      @ Abbrev [16] 0x4d7:0x6 DW_TAG_subrange_type
	.long	87                      @ DW_AT_type
	.byte	10                      @ DW_AT_count
	.byte	0                       @ End Of Children Mark
	.byte	3                       @ Abbrev [3] 0x4de:0xc DW_TAG_array_type
	.long	1205                    @ DW_AT_type
	.byte	16                      @ Abbrev [16] 0x4e3:0x6 DW_TAG_subrange_type
	.long	87                      @ DW_AT_type
	.byte	3                       @ DW_AT_count
	.byte	0                       @ End Of Children Mark
	.byte	3                       @ Abbrev [3] 0x4ea:0xc DW_TAG_array_type
	.long	1205                    @ DW_AT_type
	.byte	16                      @ Abbrev [16] 0x4ef:0x6 DW_TAG_subrange_type
	.long	87                      @ DW_AT_type
	.byte	6                       @ DW_AT_count
	.byte	0                       @ End Of Children Mark
	.byte	3                       @ Abbrev [3] 0x4f6:0xc DW_TAG_array_type
	.long	1205                    @ DW_AT_type
	.byte	16                      @ Abbrev [16] 0x4fb:0x6 DW_TAG_subrange_type
	.long	87                      @ DW_AT_type
	.byte	13                      @ DW_AT_count
	.byte	0                       @ End Of Children Mark
	.byte	3                       @ Abbrev [3] 0x502:0xc DW_TAG_array_type
	.long	1205                    @ DW_AT_type
	.byte	16                      @ Abbrev [16] 0x507:0x6 DW_TAG_subrange_type
	.long	87                      @ DW_AT_type
	.byte	40                      @ DW_AT_count
	.byte	0                       @ End Of Children Mark
	.byte	3                       @ Abbrev [3] 0x50e:0xc DW_TAG_array_type
	.long	1205                    @ DW_AT_type
	.byte	16                      @ Abbrev [16] 0x513:0x6 DW_TAG_subrange_type
	.long	87                      @ DW_AT_type
	.byte	2                       @ DW_AT_count
	.byte	0                       @ End Of Children Mark
	.byte	17                      @ Abbrev [17] 0x51a:0x13 DW_TAG_subprogram
	.long	.Lfunc_begin0           @ DW_AT_low_pc
	.long	.Lfunc_end0             @ DW_AT_high_pc
	.byte	1                       @ DW_AT_frame_base
	.byte	93
	.long	.Linfo_string89         @ DW_AT_name
	.byte	2                       @ DW_AT_decl_file
	.byte	28                      @ DW_AT_decl_line
	.byte	1                       @ DW_AT_prototyped
	.byte	1                       @ DW_AT_external
	.byte	18                      @ Abbrev [18] 0x52d:0x13 DW_TAG_subprogram
	.long	.Lfunc_begin1           @ DW_AT_low_pc
	.long	.Lfunc_end1             @ DW_AT_high_pc
	.byte	1                       @ DW_AT_frame_base
	.byte	93
	.long	.Linfo_string90         @ DW_AT_name
	.byte	5                       @ DW_AT_decl_file
	.short	1182                    @ DW_AT_decl_line
	.byte	1                       @ DW_AT_prototyped
	.byte	18                      @ Abbrev [18] 0x540:0x13 DW_TAG_subprogram
	.long	.Lfunc_begin2           @ DW_AT_low_pc
	.long	.Lfunc_end2             @ DW_AT_high_pc
	.byte	1                       @ DW_AT_frame_base
	.byte	93
	.long	.Linfo_string91         @ DW_AT_name
	.byte	5                       @ DW_AT_decl_file
	.short	1199                    @ DW_AT_decl_line
	.byte	1                       @ DW_AT_prototyped
	.byte	19                      @ Abbrev [19] 0x553:0x33 DW_TAG_subprogram
	.long	.Lfunc_begin3           @ DW_AT_low_pc
	.long	.Lfunc_end3             @ DW_AT_high_pc
	.byte	1                       @ DW_AT_frame_base
	.byte	93
	.long	.Linfo_string92         @ DW_AT_name
	.byte	2                       @ DW_AT_decl_file
	.byte	75                      @ DW_AT_decl_line
	.long	205                     @ DW_AT_type
	.byte	1                       @ DW_AT_external
	.byte	20                      @ Abbrev [20] 0x569:0xe DW_TAG_variable
	.byte	2                       @ DW_AT_location
	.byte	145
	.byte	16
	.long	.Linfo_string94         @ DW_AT_name
	.byte	2                       @ DW_AT_decl_file
	.byte	77                      @ DW_AT_decl_line
	.long	205                     @ DW_AT_type
	.byte	20                      @ Abbrev [20] 0x577:0xe DW_TAG_variable
	.byte	2                       @ DW_AT_location
	.byte	145
	.byte	12
	.long	.Linfo_string95         @ DW_AT_name
	.byte	2                       @ DW_AT_decl_file
	.byte	77                      @ DW_AT_decl_line
	.long	205                     @ DW_AT_type
	.byte	0                       @ End Of Children Mark
	.byte	17                      @ Abbrev [17] 0x586:0x13 DW_TAG_subprogram
	.long	.Lfunc_begin4           @ DW_AT_low_pc
	.long	.Lfunc_end4             @ DW_AT_high_pc
	.byte	1                       @ DW_AT_frame_base
	.byte	93
	.long	.Linfo_string93         @ DW_AT_name
	.byte	2                       @ DW_AT_decl_file
	.byte	128                     @ DW_AT_decl_line
	.byte	1                       @ DW_AT_prototyped
	.byte	1                       @ DW_AT_external
	.byte	0                       @ End Of Children Mark
.Ldebug_info_end0:
	.ident	"Component: ARM Compiler 6.14 Tool: armclang [5db06c00]"
	.section	".note.GNU-stack","",%progbits
	.eabi_attribute	30, 6	@ Tag_ABI_optimization_goals
	.ARM_attribute	16, 1	@ Tag_AV_eba
	.section	.debug_line,"",%progbits
.Lline_table_start0:
