	.text
	.syntax unified
	.eabi_attribute	67, "2.09"	@ Tag_conformance
	.cpu	cortex-m23
	.eabi_attribute	6, 16	@ Tag_CPU_arch
	.eabi_attribute	7, 77	@ Tag_CPU_arch_profile
	.eabi_attribute	8, 0	@ Tag_ARM_ISA_use
	.eabi_attribute	9, 3	@ Tag_THUMB_ISA_use
	.eabi_attribute	34, 0	@ Tag_CPU_unaligned_access
	.eabi_attribute	17, 1	@ Tag_ABI_PCS_GOT_use
	.eabi_attribute	20, 2	@ Tag_ABI_FP_denormal
	.eabi_attribute	21, 0	@ Tag_ABI_FP_exceptions
	.eabi_attribute	23, 1	@ Tag_ABI_FP_number_model
	.eabi_attribute	24, 1	@ Tag_ABI_align_needed
	.eabi_attribute	25, 1	@ Tag_ABI_align_preserved
	.eabi_attribute	38, 1	@ Tag_ABI_FP_16bit_format
	.eabi_attribute	18, 2	@ Tag_ABI_PCS_wchar_t
	.eabi_attribute	26, 1	@ Tag_ABI_enum_size
	.eabi_attribute	14, 0	@ Tag_ABI_PCS_R9_use
	.file	"My_Func.c"
	.file	1 "C:\\Work\\Keil WorkSpace\\Furbo\\Keil" "../MYx/Src/My_Func.c"
	.hidden	int2str                 @ -- Begin function int2str
	.globl	int2str
	.p2align	2
	.type	int2str,%function
	.code	16                      @ @int2str
	.thumb_func
int2str:
.Lfunc_begin0:
	.loc	1 13 0                  @ ../MYx/Src/My_Func.c:13:0
	.fnstart
	.cfi_sections .debug_frame
	.cfi_startproc
@ %bb.0:
	.save	{r7, lr}
	push	{r7, lr}
	.cfi_def_cfa_offset 8
	.cfi_offset lr, -4
	.cfi_offset r7, -8
	.pad	#16
	sub	sp, #16
	.cfi_def_cfa_offset 24
	str	r0, [sp, #12]
.Ltmp0:
	.loc	1 14 36 prologue_end    @ ../MYx/Src/My_Func.c:14:36
	ldr	r0, [sp, #12]
	.loc	1 14 15 is_stmt 0       @ ../MYx/Src/My_Func.c:14:15
	str	r0, [sp, #8]
	.loc	1 16 23 is_stmt 1       @ ../MYx/Src/My_Func.c:16:23
	ldr	r2, [sp, #8]
	.loc	1 16 4 is_stmt 0        @ ../MYx/Src/My_Func.c:16:4
	ldr	r0, __arm_cp.0_0
	ldr	r1, __arm_cp.0_1
	str	r0, [sp, #4]            @ 4-byte Spill
	bl	sprintf
	.loc	1 17 4 is_stmt 1        @ ../MYx/Src/My_Func.c:17:4
	ldr	r1, [sp, #4]            @ 4-byte Reload
	str	r0, [sp]                @ 4-byte Spill
	mov	r0, r1
	add	sp, #16
	pop	{r7, pc}
.Ltmp1:
	.p2align	2
@ %bb.1:
	.loc	1 0 4 is_stmt 0         @ ../MYx/Src/My_Func.c:0:4
__arm_cp.0_0:
	.long	int2str.str
.Lcpi_end0:
	.size	__arm_cp.0_0, .Lcpi_end0-__arm_cp.0_0
__arm_cp.0_1:
	.long	.L.str
.Lcpi_end1:
	.size	__arm_cp.0_1, .Lcpi_end1-__arm_cp.0_1
.Lfunc_end0:
	.size	int2str, .Lfunc_end0-int2str
	.cfi_endproc
	.cantunwind
	.fnend
                                        @ -- End function
	.hidden	My_CharDowncase         @ -- Begin function My_CharDowncase
	.globl	My_CharDowncase
	.p2align	1
	.type	My_CharDowncase,%function
	.code	16                      @ @My_CharDowncase
	.thumb_func
My_CharDowncase:
.Lfunc_begin1:
	.loc	1 21 0 is_stmt 1        @ ../MYx/Src/My_Func.c:21:0
	.fnstart
	.cfi_startproc
@ %bb.0:
	.pad	#8
	sub	sp, #8
	.cfi_def_cfa_offset 8
	mov	r1, r0
	mov	r2, sp
	strb	r0, [r2]
.Ltmp2:
	.loc	1 22 14 prologue_end    @ ../MYx/Src/My_Func.c:22:14
	ldrb	r0, [r2]
	.loc	1 22 16 is_stmt 0       @ ../MYx/Src/My_Func.c:22:16
	cmp	r0, #65
	blt	.LBB1_3
	b	.LBB1_1
.LBB1_1:
	.loc	1 0 16                  @ ../MYx/Src/My_Func.c:0:16
	mov	r0, sp
	.loc	1 22 19                 @ ../MYx/Src/My_Func.c:22:19
	ldrb	r0, [r0]
.Ltmp3:
	.loc	1 22 7                  @ ../MYx/Src/My_Func.c:22:7
	cmp	r0, #90
	bgt	.LBB1_3
	b	.LBB1_2
.LBB1_2:
.Ltmp4:
	.loc	1 23 12 is_stmt 1       @ ../MYx/Src/My_Func.c:23:12
	ldr	r0, [sp]
	.loc	1 23 20 is_stmt 0       @ ../MYx/Src/My_Func.c:23:20
	adds	r0, #32
	add	r1, sp, #4
	.loc	1 23 5                  @ ../MYx/Src/My_Func.c:23:5
	strb	r0, [r1]
	b	.LBB1_4
.LBB1_3:
	.loc	1 25 12 is_stmt 1       @ ../MYx/Src/My_Func.c:25:12
	ldr	r0, [sp]
	add	r1, sp, #4
	.loc	1 25 5 is_stmt 0        @ ../MYx/Src/My_Func.c:25:5
	strb	r0, [r1]
	b	.LBB1_4
.Ltmp5:
.LBB1_4:
	.loc	1 0 5                   @ ../MYx/Src/My_Func.c:0:5
	add	r0, sp, #4
	.loc	1 26 1 is_stmt 1        @ ../MYx/Src/My_Func.c:26:1
	ldrb	r0, [r0]
	add	sp, #8
	bx	lr
.Ltmp6:
.Lfunc_end1:
	.size	My_CharDowncase, .Lfunc_end1-My_CharDowncase
	.cfi_endproc
	.cantunwind
	.fnend
                                        @ -- End function
	.hidden	My_HexToInt             @ -- Begin function My_HexToInt
	.globl	My_HexToInt
	.p2align	1
	.type	My_HexToInt,%function
	.code	16                      @ @My_HexToInt
	.thumb_func
My_HexToInt:
.Lfunc_begin2:
	.loc	1 30 0                  @ ../MYx/Src/My_Func.c:30:0
	.fnstart
	.cfi_startproc
@ %bb.0:
	.pad	#24
	sub	sp, #24
	.cfi_def_cfa_offset 24
	mov	r1, r0
	add	r2, sp, #20
	strb	r0, [r2]
.Ltmp7:
	.loc	1 31 10 prologue_end    @ ../MYx/Src/My_Func.c:31:10
	ldrb	r0, [r2]
	.loc	1 31 16 is_stmt 0       @ ../MYx/Src/My_Func.c:31:16
	cmp	r0, #97
	str	r0, [sp, #16]           @ 4-byte Spill
	blt	.LBB2_2
	b	.LBB2_1
.LBB2_1:
	.loc	1 0 16                  @ ../MYx/Src/My_Func.c:0:16
	movs	r0, #87
	.loc	1 31 16                 @ ../MYx/Src/My_Func.c:31:16
	str	r0, [sp, #12]           @ 4-byte Spill
	b	.LBB2_8
.LBB2_2:
	.loc	1 0 16                  @ ../MYx/Src/My_Func.c:0:16
	add	r0, sp, #20
	.loc	1 32 19 is_stmt 1       @ ../MYx/Src/My_Func.c:32:19
	ldrb	r0, [r0]
	cmp	r0, #65
	blt	.LBB2_4
	b	.LBB2_3
.LBB2_3:
	.loc	1 0 19 is_stmt 0        @ ../MYx/Src/My_Func.c:0:19
	movs	r0, #55
	.loc	1 32 19                 @ ../MYx/Src/My_Func.c:32:19
	str	r0, [sp, #8]            @ 4-byte Spill
	b	.LBB2_7
.LBB2_4:
	.loc	1 0 19                  @ ../MYx/Src/My_Func.c:0:19
	add	r0, sp, #20
	.loc	1 33 22 is_stmt 1       @ ../MYx/Src/My_Func.c:33:22
	ldrb	r0, [r0]
	movs	r1, #48
	movs	r2, #0
	cmp	r0, #58
	str	r2, [sp, #4]            @ 4-byte Spill
	str	r1, [sp]                @ 4-byte Spill
	blt	.LBB2_6
@ %bb.5:
	ldr	r0, [sp, #4]            @ 4-byte Reload
	str	r0, [sp]                @ 4-byte Spill
.LBB2_6:
	ldr	r0, [sp]                @ 4-byte Reload
	.loc	1 32 19                 @ ../MYx/Src/My_Func.c:32:19
	str	r0, [sp, #8]            @ 4-byte Spill
	b	.LBB2_7
.LBB2_7:
	ldr	r0, [sp, #8]            @ 4-byte Reload
	.loc	1 31 16                 @ ../MYx/Src/My_Func.c:31:16
	str	r0, [sp, #12]           @ 4-byte Spill
	b	.LBB2_8
.LBB2_8:
	ldr	r0, [sp, #12]           @ 4-byte Reload
	.loc	1 31 13 is_stmt 0       @ ../MYx/Src/My_Func.c:31:13
	ldr	r1, [sp, #16]           @ 4-byte Reload
	subs	r0, r1, r0
	.loc	1 31 3                  @ ../MYx/Src/My_Func.c:31:3
	uxtb	r0, r0
	add	sp, #24
	bx	lr
.Ltmp8:
.Lfunc_end2:
	.size	My_HexToInt, .Lfunc_end2-My_HexToInt
	.cfi_endproc
	.cantunwind
	.fnend
                                        @ -- End function
	.type	int2str.str,%object     @ @int2str.str
	.section	.bss.int2str.str,"aw",%nobits
int2str.str:
	.zero	10
	.size	int2str.str, 10

	.type	.L.str,%object          @ @.str
	.section	.rodata.str1.1,"aMS",%progbits,1
.L.str:
	.asciz	"%d"
	.size	.L.str, 3

	.file	2 "C:\\" "Keil_v5\\ARM\\ARMCLANG\\Bin\\..\\include\\stdint.h"
	.section	.debug_str,"MS",%progbits,1
.Linfo_string0:
	.asciz	"Component: ARM Compiler 6.14 Tool: armclang [5db06c00]" @ string offset=0
.Linfo_string1:
	.asciz	"../MYx/Src\\My_Func.c" @ string offset=55
.Linfo_string2:
	.asciz	"C:\\Work\\Keil WorkSpace\\Furbo\\Keil" @ string offset=76
.Linfo_string3:
	.asciz	"str"                   @ string offset=110
.Linfo_string4:
	.asciz	"char"                  @ string offset=114
.Linfo_string5:
	.asciz	"__ARRAY_SIZE_TYPE__"   @ string offset=119
.Linfo_string6:
	.asciz	"unsigned int"          @ string offset=139
.Linfo_string7:
	.asciz	"int2str"               @ string offset=152
.Linfo_string8:
	.asciz	"My_CharDowncase"       @ string offset=160
.Linfo_string9:
	.asciz	"unsigned char"         @ string offset=176
.Linfo_string10:
	.asciz	"uint8_t"               @ string offset=190
.Linfo_string11:
	.asciz	"My_HexToInt"           @ string offset=198
.Linfo_string12:
	.asciz	"value"                 @ string offset=210
.Linfo_string13:
	.asciz	"int"                   @ string offset=216
.Linfo_string14:
	.asciz	"Data"                  @ string offset=220
.Linfo_string15:
	.asciz	"c"                     @ string offset=225
.Linfo_string16:
	.asciz	"ch"                    @ string offset=227
	.section	.debug_abbrev,"",%progbits
	.byte	1                       @ Abbreviation Code
	.byte	17                      @ DW_TAG_compile_unit
	.byte	1                       @ DW_CHILDREN_yes
	.byte	37                      @ DW_AT_producer
	.byte	14                      @ DW_FORM_strp
	.byte	19                      @ DW_AT_language
	.byte	5                       @ DW_FORM_data2
	.byte	3                       @ DW_AT_name
	.byte	14                      @ DW_FORM_strp
	.byte	16                      @ DW_AT_stmt_list
	.byte	6                       @ DW_FORM_data4
	.byte	27                      @ DW_AT_comp_dir
	.byte	14                      @ DW_FORM_strp
	.byte	17                      @ DW_AT_low_pc
	.byte	1                       @ DW_FORM_addr
	.byte	18                      @ DW_AT_high_pc
	.byte	1                       @ DW_FORM_addr
	.byte	0                       @ EOM(1)
	.byte	0                       @ EOM(2)
	.byte	2                       @ Abbreviation Code
	.byte	46                      @ DW_TAG_subprogram
	.byte	1                       @ DW_CHILDREN_yes
	.byte	17                      @ DW_AT_low_pc
	.byte	1                       @ DW_FORM_addr
	.byte	18                      @ DW_AT_high_pc
	.byte	1                       @ DW_FORM_addr
	.byte	64                      @ DW_AT_frame_base
	.byte	10                      @ DW_FORM_block1
	.byte	3                       @ DW_AT_name
	.byte	14                      @ DW_FORM_strp
	.byte	58                      @ DW_AT_decl_file
	.byte	11                      @ DW_FORM_data1
	.byte	59                      @ DW_AT_decl_line
	.byte	11                      @ DW_FORM_data1
	.byte	39                      @ DW_AT_prototyped
	.byte	12                      @ DW_FORM_flag
	.byte	73                      @ DW_AT_type
	.byte	19                      @ DW_FORM_ref4
	.byte	63                      @ DW_AT_external
	.byte	12                      @ DW_FORM_flag
	.byte	0                       @ EOM(1)
	.byte	0                       @ EOM(2)
	.byte	3                       @ Abbreviation Code
	.byte	52                      @ DW_TAG_variable
	.byte	0                       @ DW_CHILDREN_no
	.byte	3                       @ DW_AT_name
	.byte	14                      @ DW_FORM_strp
	.byte	73                      @ DW_AT_type
	.byte	19                      @ DW_FORM_ref4
	.byte	58                      @ DW_AT_decl_file
	.byte	11                      @ DW_FORM_data1
	.byte	59                      @ DW_AT_decl_line
	.byte	11                      @ DW_FORM_data1
	.byte	2                       @ DW_AT_location
	.byte	10                      @ DW_FORM_block1
	.byte	0                       @ EOM(1)
	.byte	0                       @ EOM(2)
	.byte	4                       @ Abbreviation Code
	.byte	5                       @ DW_TAG_formal_parameter
	.byte	0                       @ DW_CHILDREN_no
	.byte	2                       @ DW_AT_location
	.byte	10                      @ DW_FORM_block1
	.byte	3                       @ DW_AT_name
	.byte	14                      @ DW_FORM_strp
	.byte	58                      @ DW_AT_decl_file
	.byte	11                      @ DW_FORM_data1
	.byte	59                      @ DW_AT_decl_line
	.byte	11                      @ DW_FORM_data1
	.byte	73                      @ DW_AT_type
	.byte	19                      @ DW_FORM_ref4
	.byte	0                       @ EOM(1)
	.byte	0                       @ EOM(2)
	.byte	5                       @ Abbreviation Code
	.byte	52                      @ DW_TAG_variable
	.byte	0                       @ DW_CHILDREN_no
	.byte	2                       @ DW_AT_location
	.byte	10                      @ DW_FORM_block1
	.byte	3                       @ DW_AT_name
	.byte	14                      @ DW_FORM_strp
	.byte	58                      @ DW_AT_decl_file
	.byte	11                      @ DW_FORM_data1
	.byte	59                      @ DW_AT_decl_line
	.byte	11                      @ DW_FORM_data1
	.byte	73                      @ DW_AT_type
	.byte	19                      @ DW_FORM_ref4
	.byte	0                       @ EOM(1)
	.byte	0                       @ EOM(2)
	.byte	6                       @ Abbreviation Code
	.byte	1                       @ DW_TAG_array_type
	.byte	1                       @ DW_CHILDREN_yes
	.byte	73                      @ DW_AT_type
	.byte	19                      @ DW_FORM_ref4
	.byte	0                       @ EOM(1)
	.byte	0                       @ EOM(2)
	.byte	7                       @ Abbreviation Code
	.byte	33                      @ DW_TAG_subrange_type
	.byte	0                       @ DW_CHILDREN_no
	.byte	73                      @ DW_AT_type
	.byte	19                      @ DW_FORM_ref4
	.byte	55                      @ DW_AT_count
	.byte	11                      @ DW_FORM_data1
	.byte	0                       @ EOM(1)
	.byte	0                       @ EOM(2)
	.byte	8                       @ Abbreviation Code
	.byte	36                      @ DW_TAG_base_type
	.byte	0                       @ DW_CHILDREN_no
	.byte	3                       @ DW_AT_name
	.byte	14                      @ DW_FORM_strp
	.byte	62                      @ DW_AT_encoding
	.byte	11                      @ DW_FORM_data1
	.byte	11                      @ DW_AT_byte_size
	.byte	11                      @ DW_FORM_data1
	.byte	0                       @ EOM(1)
	.byte	0                       @ EOM(2)
	.byte	9                       @ Abbreviation Code
	.byte	36                      @ DW_TAG_base_type
	.byte	0                       @ DW_CHILDREN_no
	.byte	3                       @ DW_AT_name
	.byte	14                      @ DW_FORM_strp
	.byte	11                      @ DW_AT_byte_size
	.byte	11                      @ DW_FORM_data1
	.byte	62                      @ DW_AT_encoding
	.byte	11                      @ DW_FORM_data1
	.byte	0                       @ EOM(1)
	.byte	0                       @ EOM(2)
	.byte	10                      @ Abbreviation Code
	.byte	15                      @ DW_TAG_pointer_type
	.byte	0                       @ DW_CHILDREN_no
	.byte	73                      @ DW_AT_type
	.byte	19                      @ DW_FORM_ref4
	.byte	0                       @ EOM(1)
	.byte	0                       @ EOM(2)
	.byte	11                      @ Abbreviation Code
	.byte	22                      @ DW_TAG_typedef
	.byte	0                       @ DW_CHILDREN_no
	.byte	73                      @ DW_AT_type
	.byte	19                      @ DW_FORM_ref4
	.byte	3                       @ DW_AT_name
	.byte	14                      @ DW_FORM_strp
	.byte	58                      @ DW_AT_decl_file
	.byte	11                      @ DW_FORM_data1
	.byte	59                      @ DW_AT_decl_line
	.byte	11                      @ DW_FORM_data1
	.byte	0                       @ EOM(1)
	.byte	0                       @ EOM(2)
	.byte	0                       @ EOM(3)
	.section	.debug_info,"",%progbits
.Lcu_begin0:
	.long	.Ldebug_info_end0-.Ldebug_info_start0 @ Length of Unit
.Ldebug_info_start0:
	.short	3                       @ DWARF version number
	.long	.debug_abbrev           @ Offset Into Abbrev. Section
	.byte	4                       @ Address Size (in bytes)
	.byte	1                       @ Abbrev [1] 0xb:0xec DW_TAG_compile_unit
	.long	.Linfo_string0          @ DW_AT_producer
	.short	1                       @ DW_AT_language
	.long	.Linfo_string1          @ DW_AT_name
	.long	.Lline_table_start0     @ DW_AT_stmt_list
	.long	.Linfo_string2          @ DW_AT_comp_dir
	.long	.Lfunc_begin0           @ DW_AT_low_pc
	.long	.Lfunc_end2             @ DW_AT_high_pc
	.byte	2                       @ Abbrev [2] 0x26:0x45 DW_TAG_subprogram
	.long	.Lfunc_begin0           @ DW_AT_low_pc
	.long	.Lfunc_end0             @ DW_AT_high_pc
	.byte	1                       @ DW_AT_frame_base
	.byte	93
	.long	.Linfo_string7          @ DW_AT_name
	.byte	1                       @ DW_AT_decl_file
	.byte	12                      @ DW_AT_decl_line
	.byte	1                       @ DW_AT_prototyped
	.long	216                     @ DW_AT_type
	.byte	1                       @ DW_AT_external
	.byte	3                       @ Abbrev [3] 0x3d:0x11 DW_TAG_variable
	.long	.Linfo_string3          @ DW_AT_name
	.long	107                     @ DW_AT_type
	.byte	1                       @ DW_AT_decl_file
	.byte	15                      @ DW_AT_decl_line
	.byte	5                       @ DW_AT_location
	.byte	3
	.long	int2str.str
	.byte	4                       @ Abbrev [4] 0x4e:0xe DW_TAG_formal_parameter
	.byte	2                       @ DW_AT_location
	.byte	145
	.byte	12
	.long	.Linfo_string12         @ DW_AT_name
	.byte	1                       @ DW_AT_decl_file
	.byte	12                      @ DW_AT_decl_line
	.long	239                     @ DW_AT_type
	.byte	5                       @ Abbrev [5] 0x5c:0xe DW_TAG_variable
	.byte	2                       @ DW_AT_location
	.byte	145
	.byte	8
	.long	.Linfo_string14         @ DW_AT_name
	.byte	1                       @ DW_AT_decl_file
	.byte	14                      @ DW_AT_decl_line
	.long	133                     @ DW_AT_type
	.byte	0                       @ End Of Children Mark
	.byte	6                       @ Abbrev [6] 0x6b:0xc DW_TAG_array_type
	.long	119                     @ DW_AT_type
	.byte	7                       @ Abbrev [7] 0x70:0x6 DW_TAG_subrange_type
	.long	126                     @ DW_AT_type
	.byte	10                      @ DW_AT_count
	.byte	0                       @ End Of Children Mark
	.byte	8                       @ Abbrev [8] 0x77:0x7 DW_TAG_base_type
	.long	.Linfo_string4          @ DW_AT_name
	.byte	8                       @ DW_AT_encoding
	.byte	1                       @ DW_AT_byte_size
	.byte	9                       @ Abbrev [9] 0x7e:0x7 DW_TAG_base_type
	.long	.Linfo_string5          @ DW_AT_name
	.byte	8                       @ DW_AT_byte_size
	.byte	7                       @ DW_AT_encoding
	.byte	8                       @ Abbrev [8] 0x85:0x7 DW_TAG_base_type
	.long	.Linfo_string6          @ DW_AT_name
	.byte	7                       @ DW_AT_encoding
	.byte	4                       @ DW_AT_byte_size
	.byte	2                       @ Abbrev [2] 0x8c:0x26 DW_TAG_subprogram
	.long	.Lfunc_begin1           @ DW_AT_low_pc
	.long	.Lfunc_end1             @ DW_AT_high_pc
	.byte	1                       @ DW_AT_frame_base
	.byte	93
	.long	.Linfo_string8          @ DW_AT_name
	.byte	1                       @ DW_AT_decl_file
	.byte	20                      @ DW_AT_decl_line
	.byte	1                       @ DW_AT_prototyped
	.long	221                     @ DW_AT_type
	.byte	1                       @ DW_AT_external
	.byte	4                       @ Abbrev [4] 0xa3:0xe DW_TAG_formal_parameter
	.byte	2                       @ DW_AT_location
	.byte	145
	.byte	0
	.long	.Linfo_string15         @ DW_AT_name
	.byte	1                       @ DW_AT_decl_file
	.byte	20                      @ DW_AT_decl_line
	.long	221                     @ DW_AT_type
	.byte	0                       @ End Of Children Mark
	.byte	2                       @ Abbrev [2] 0xb2:0x26 DW_TAG_subprogram
	.long	.Lfunc_begin2           @ DW_AT_low_pc
	.long	.Lfunc_end2             @ DW_AT_high_pc
	.byte	1                       @ DW_AT_frame_base
	.byte	93
	.long	.Linfo_string11         @ DW_AT_name
	.byte	1                       @ DW_AT_decl_file
	.byte	29                      @ DW_AT_decl_line
	.byte	1                       @ DW_AT_prototyped
	.long	221                     @ DW_AT_type
	.byte	1                       @ DW_AT_external
	.byte	4                       @ Abbrev [4] 0xc9:0xe DW_TAG_formal_parameter
	.byte	2                       @ DW_AT_location
	.byte	145
	.byte	20
	.long	.Linfo_string16         @ DW_AT_name
	.byte	1                       @ DW_AT_decl_file
	.byte	29                      @ DW_AT_decl_line
	.long	221                     @ DW_AT_type
	.byte	0                       @ End Of Children Mark
	.byte	10                      @ Abbrev [10] 0xd8:0x5 DW_TAG_pointer_type
	.long	119                     @ DW_AT_type
	.byte	11                      @ Abbrev [11] 0xdd:0xb DW_TAG_typedef
	.long	232                     @ DW_AT_type
	.long	.Linfo_string10         @ DW_AT_name
	.byte	2                       @ DW_AT_decl_file
	.byte	62                      @ DW_AT_decl_line
	.byte	8                       @ Abbrev [8] 0xe8:0x7 DW_TAG_base_type
	.long	.Linfo_string9          @ DW_AT_name
	.byte	8                       @ DW_AT_encoding
	.byte	1                       @ DW_AT_byte_size
	.byte	8                       @ Abbrev [8] 0xef:0x7 DW_TAG_base_type
	.long	.Linfo_string13         @ DW_AT_name
	.byte	5                       @ DW_AT_encoding
	.byte	4                       @ DW_AT_byte_size
	.byte	0                       @ End Of Children Mark
.Ldebug_info_end0:
	.ident	"Component: ARM Compiler 6.14 Tool: armclang [5db06c00]"
	.section	".note.GNU-stack","",%progbits
	.eabi_attribute	30, 6	@ Tag_ABI_optimization_goals
	.ARM_attribute	16, 1	@ Tag_AV_eba
	.section	.debug_line,"",%progbits
.Lline_table_start0:
