	.text
	.syntax unified
	.eabi_attribute	67, "2.09"	@ Tag_conformance
	.cpu	cortex-m23
	.eabi_attribute	6, 16	@ Tag_CPU_arch
	.eabi_attribute	7, 77	@ Tag_CPU_arch_profile
	.eabi_attribute	8, 0	@ Tag_ARM_ISA_use
	.eabi_attribute	9, 3	@ Tag_THUMB_ISA_use
	.eabi_attribute	34, 0	@ Tag_CPU_unaligned_access
	.eabi_attribute	17, 1	@ Tag_ABI_PCS_GOT_use
	.eabi_attribute	20, 2	@ Tag_ABI_FP_denormal
	.eabi_attribute	21, 0	@ Tag_ABI_FP_exceptions
	.eabi_attribute	23, 1	@ Tag_ABI_FP_number_model
	.eabi_attribute	24, 1	@ Tag_ABI_align_needed
	.eabi_attribute	25, 1	@ Tag_ABI_align_preserved
	.eabi_attribute	38, 1	@ Tag_ABI_FP_16bit_format
	.eabi_attribute	18, 2	@ Tag_ABI_PCS_wchar_t
	.eabi_attribute	26, 1	@ Tag_ABI_enum_size
	.eabi_attribute	14, 0	@ Tag_ABI_PCS_R9_use
	.file	"MyMCU_GPIO.c"
	.file	1 "C:\\" "Keil_v5\\ARM\\ARMCLANG\\Bin\\..\\include\\stdint.h"
	.file	2 "C:\\Work\\Keil WorkSpace\\Furbo\\Keil" "../../Library/Nuvoton/M251_252_Series/Device/Nuvoton/M251/Include/gpio_reg.h"
	.file	3 "C:\\Work\\Keil WorkSpace\\Furbo\\Keil" "../MYx/Src/MyMCU_GPIO.c"
	.file	4 "C:\\Work\\Keil WorkSpace\\Furbo\\Keil" "../MYx/Inc/MyMCU_GPIO.h"
	.hidden	MyGPIO_Init             @ -- Begin function MyGPIO_Init
	.globl	MyGPIO_Init
	.p2align	2
	.type	MyGPIO_Init,%function
	.code	16                      @ @MyGPIO_Init
	.thumb_func
MyGPIO_Init:
.Lfunc_begin0:
	.loc	3 25 0                  @ ../MYx/Src/MyMCU_GPIO.c:25:0
	.fnstart
	.cfi_sections .debug_frame
	.cfi_startproc
@ %bb.0:
	.save	{r7, lr}
	push	{r7, lr}
	.cfi_def_cfa_offset 8
	.cfi_offset lr, -4
	.cfi_offset r7, -8
	.pad	#8
	sub	sp, #8
	.cfi_def_cfa_offset 16
	movs	r0, #1
	movs	r1, #3
.Ltmp0:
	.loc	3 48 2 prologue_end     @ ../MYx/Src/MyMCU_GPIO.c:48:2
	bl	MyGPIO_Conf2Output
	movs	r0, #2
	movs	r1, #0
	.loc	3 49 2                  @ ../MYx/Src/MyMCU_GPIO.c:49:2
	str	r0, [sp, #4]            @ 4-byte Spill
	str	r1, [sp]                @ 4-byte Spill
	bl	MyGPIO_Conf2Output
	ldr	r0, __arm_cp.0_0
	.loc	3 50 2                  @ ../MYx/Src/MyMCU_GPIO.c:50:2
	ldr	r1, [sp]                @ 4-byte Reload
	str	r1, [r0]
	ldr	r0, __arm_cp.0_1
	.loc	3 51 2                  @ ../MYx/Src/MyMCU_GPIO.c:51:2
	str	r1, [r0]
	.loc	3 53 2                  @ ../MYx/Src/MyMCU_GPIO.c:53:2
	mov	r0, r1
	ldr	r1, [sp, #4]            @ 4-byte Reload
	bl	MyGPIO_Conf2Input
	.loc	3 58 1                  @ ../MYx/Src/MyMCU_GPIO.c:58:1
	add	sp, #8
	pop	{r7, pc}
.Ltmp1:
	.p2align	2
@ %bb.1:
	.loc	3 0 1 is_stmt 0         @ ../MYx/Src/MyMCU_GPIO.c:0:1
__arm_cp.0_0:
	.long	1073760332              @ 0x4000484c
.Lcpi_end0:
	.size	__arm_cp.0_0, .Lcpi_end0-__arm_cp.0_0
__arm_cp.0_1:
	.long	1073760384              @ 0x40004880
.Lcpi_end1:
	.size	__arm_cp.0_1, .Lcpi_end1-__arm_cp.0_1
.Lfunc_end0:
	.size	MyGPIO_Init, .Lfunc_end0-MyGPIO_Init
	.cfi_endproc
	.cantunwind
	.fnend
                                        @ -- End function
	.hidden	MyGPIO_Conf2Output      @ -- Begin function MyGPIO_Conf2Output
	.globl	MyGPIO_Conf2Output
	.p2align	2
	.type	MyGPIO_Conf2Output,%function
	.code	16                      @ @MyGPIO_Conf2Output
	.thumb_func
MyGPIO_Conf2Output:
.Lfunc_begin1:
	.loc	3 63 0 is_stmt 1        @ ../MYx/Src/MyMCU_GPIO.c:63:0
	.fnstart
	.cfi_startproc
@ %bb.0:
	.save	{r4, lr}
	push	{r4, lr}
	.cfi_def_cfa_offset 8
	.cfi_offset lr, -4
	.cfi_offset r4, -8
	.pad	#24
	sub	sp, #24
	.cfi_def_cfa_offset 32
	mov	r2, r1
	mov	r3, r0
	add	r4, sp, #20
	strb	r0, [r4]
	add	r0, sp, #16
	strb	r1, [r0]
.Ltmp2:
	.loc	3 75 25 prologue_end    @ ../MYx/Src/MyMCU_GPIO.c:75:25
	ldrb	r1, [r4]
	.loc	3 75 15 is_stmt 0       @ ../MYx/Src/MyMCU_GPIO.c:75:15
	lsls	r1, r1, #2
	ldr	r4, __arm_cp.1_0
	ldr	r1, [r4, r1]
	.loc	3 75 41                 @ ../MYx/Src/MyMCU_GPIO.c:75:41
	ldrb	r0, [r0]
	.loc	3 75 32                 @ ../MYx/Src/MyMCU_GPIO.c:75:32
	lsls	r0, r0, #1
	ldr	r4, __arm_cp.1_1
	ldrh	r0, [r4, r0]
	movs	r4, #1
	.loc	3 75 2                  @ ../MYx/Src/MyMCU_GPIO.c:75:2
	str	r0, [sp, #12]           @ 4-byte Spill
	mov	r0, r1
	ldr	r1, [sp, #12]           @ 4-byte Reload
	str	r2, [sp, #8]            @ 4-byte Spill
	mov	r2, r4
	str	r3, [sp, #4]            @ 4-byte Spill
	bl	GPIO_SetMode
	.loc	3 78 1 is_stmt 1        @ ../MYx/Src/MyMCU_GPIO.c:78:1
	add	sp, #24
	pop	{r4, pc}
.Ltmp3:
	.p2align	2
@ %bb.1:
	.loc	3 0 1 is_stmt 0         @ ../MYx/Src/MyMCU_GPIO.c:0:1
__arm_cp.1_0:
	.long	GPIO_Port
.Lcpi_end2:
	.size	__arm_cp.1_0, .Lcpi_end2-__arm_cp.1_0
__arm_cp.1_1:
	.long	GPIO_Pin
.Lcpi_end3:
	.size	__arm_cp.1_1, .Lcpi_end3-__arm_cp.1_1
.Lfunc_end1:
	.size	MyGPIO_Conf2Output, .Lfunc_end1-MyGPIO_Conf2Output
	.cfi_endproc
	.cantunwind
	.fnend
                                        @ -- End function
	.hidden	MyGPIO_Conf2Input       @ -- Begin function MyGPIO_Conf2Input
	.globl	MyGPIO_Conf2Input
	.p2align	2
	.type	MyGPIO_Conf2Input,%function
	.code	16                      @ @MyGPIO_Conf2Input
	.thumb_func
MyGPIO_Conf2Input:
.Lfunc_begin2:
	.loc	3 81 0 is_stmt 1        @ ../MYx/Src/MyMCU_GPIO.c:81:0
	.fnstart
	.cfi_startproc
@ %bb.0:
	.save	{r4, lr}
	push	{r4, lr}
	.cfi_def_cfa_offset 8
	.cfi_offset lr, -4
	.cfi_offset r4, -8
	.pad	#24
	sub	sp, #24
	.cfi_def_cfa_offset 32
	mov	r2, r1
	mov	r3, r0
	add	r4, sp, #20
	strb	r0, [r4]
	add	r0, sp, #16
	strb	r1, [r0]
.Ltmp4:
	.loc	3 92 25 prologue_end    @ ../MYx/Src/MyMCU_GPIO.c:92:25
	ldrb	r1, [r4]
	.loc	3 92 15 is_stmt 0       @ ../MYx/Src/MyMCU_GPIO.c:92:15
	lsls	r1, r1, #2
	ldr	r4, __arm_cp.2_0
	ldr	r1, [r4, r1]
	.loc	3 92 41                 @ ../MYx/Src/MyMCU_GPIO.c:92:41
	ldrb	r0, [r0]
	.loc	3 92 32                 @ ../MYx/Src/MyMCU_GPIO.c:92:32
	lsls	r0, r0, #1
	ldr	r4, __arm_cp.2_1
	ldrh	r0, [r4, r0]
	movs	r4, #0
	.loc	3 92 2                  @ ../MYx/Src/MyMCU_GPIO.c:92:2
	str	r0, [sp, #12]           @ 4-byte Spill
	mov	r0, r1
	ldr	r1, [sp, #12]           @ 4-byte Reload
	str	r2, [sp, #8]            @ 4-byte Spill
	mov	r2, r4
	str	r3, [sp, #4]            @ 4-byte Spill
	bl	GPIO_SetMode
	.loc	3 95 1 is_stmt 1        @ ../MYx/Src/MyMCU_GPIO.c:95:1
	add	sp, #24
	pop	{r4, pc}
.Ltmp5:
	.p2align	2
@ %bb.1:
	.loc	3 0 1 is_stmt 0         @ ../MYx/Src/MyMCU_GPIO.c:0:1
__arm_cp.2_0:
	.long	GPIO_Port
.Lcpi_end4:
	.size	__arm_cp.2_0, .Lcpi_end4-__arm_cp.2_0
__arm_cp.2_1:
	.long	GPIO_Pin
.Lcpi_end5:
	.size	__arm_cp.2_1, .Lcpi_end5-__arm_cp.2_1
.Lfunc_end2:
	.size	MyGPIO_Conf2Input, .Lfunc_end2-MyGPIO_Conf2Input
	.cfi_endproc
	.cantunwind
	.fnend
                                        @ -- End function
	.hidden	MyGPIO_ReadPin          @ -- Begin function MyGPIO_ReadPin
	.globl	MyGPIO_ReadPin
	.p2align	2
	.type	MyGPIO_ReadPin,%function
	.code	16                      @ @MyGPIO_ReadPin
	.thumb_func
MyGPIO_ReadPin:
.Lfunc_begin3:
	.loc	3 102 0 is_stmt 1       @ ../MYx/Src/MyMCU_GPIO.c:102:0
	.fnstart
	.cfi_startproc
@ %bb.0:
	.save	{r4, lr}
	push	{r4, lr}
	.cfi_def_cfa_offset 8
	.cfi_offset lr, -4
	.cfi_offset r4, -8
	.pad	#8
	sub	sp, #8
	.cfi_def_cfa_offset 16
	mov	r2, r1
	mov	r3, r0
	add	r4, sp, #4
	strb	r0, [r4]
	mov	r0, sp
	strb	r1, [r0]
.Ltmp6:
	.loc	3 109 9 prologue_end    @ ../MYx/Src/MyMCU_GPIO.c:109:9
	ldrb	r1, [r4]
	lsls	r1, r1, #6
	ldrb	r0, [r0]
	lsls	r0, r0, #2
	adds	r0, r1, r0
	ldr	r1, __arm_cp.3_0
	ldr	r0, [r0, r1]
	.loc	3 109 2 is_stmt 0       @ ../MYx/Src/MyMCU_GPIO.c:109:2
	uxtb	r0, r0
	add	sp, #8
	pop	{r4, pc}
.Ltmp7:
	.p2align	2
@ %bb.1:
	.loc	3 0 2                   @ ../MYx/Src/MyMCU_GPIO.c:0:2
__arm_cp.3_0:
	.long	1073760256              @ 0x40004800
.Lcpi_end6:
	.size	__arm_cp.3_0, .Lcpi_end6-__arm_cp.3_0
.Lfunc_end3:
	.size	MyGPIO_ReadPin, .Lfunc_end3-MyGPIO_ReadPin
	.cfi_endproc
	.cantunwind
	.fnend
                                        @ -- End function
	.hidden	MyGPIO_WritePin         @ -- Begin function MyGPIO_WritePin
	.globl	MyGPIO_WritePin
	.p2align	2
	.type	MyGPIO_WritePin,%function
	.code	16                      @ @MyGPIO_WritePin
	.thumb_func
MyGPIO_WritePin:
.Lfunc_begin4:
	.loc	3 115 0 is_stmt 1       @ ../MYx/Src/MyMCU_GPIO.c:115:0
	.fnstart
	.cfi_startproc
@ %bb.0:
	.save	{r4, r5, r6, lr}
	push	{r4, r5, r6, lr}
	.cfi_def_cfa_offset 16
	.cfi_offset lr, -4
	.cfi_offset r6, -8
	.cfi_offset r5, -12
	.cfi_offset r4, -16
	.pad	#12
	sub	sp, #12
	.cfi_def_cfa_offset 28
	mov	r3, r2
	mov	r4, r1
	mov	r5, r0
	add	r6, sp, #8
	strb	r0, [r6]
	add	r0, sp, #4
	strb	r1, [r0]
	mov	r0, sp
	strb	r2, [r0]
.Ltmp8:
	.loc	3 122 6 prologue_end    @ ../MYx/Src/MyMCU_GPIO.c:122:6
	ldrb	r0, [r0]
.Ltmp9:
	.loc	3 122 6 is_stmt 0       @ ../MYx/Src/MyMCU_GPIO.c:122:6
	cmp	r0, #1
	bne	.LBB4_2
	b	.LBB4_1
.LBB4_1:
	.loc	3 0 6                   @ ../MYx/Src/MyMCU_GPIO.c:0:6
	add	r0, sp, #8
.Ltmp10:
	.loc	3 123 3 is_stmt 1       @ ../MYx/Src/MyMCU_GPIO.c:123:3
	ldrb	r0, [r0]
	lsls	r0, r0, #6
	add	r1, sp, #4
	ldrb	r1, [r1]
	lsls	r1, r1, #2
	adds	r0, r0, r1
	ldr	r1, __arm_cp.4_0
	movs	r2, #1
	str	r2, [r0, r1]
	b	.LBB4_3
.LBB4_2:
	.loc	3 0 3 is_stmt 0         @ ../MYx/Src/MyMCU_GPIO.c:0:3
	add	r0, sp, #8
	.loc	3 125 3 is_stmt 1       @ ../MYx/Src/MyMCU_GPIO.c:125:3
	ldrb	r0, [r0]
	lsls	r0, r0, #6
	add	r1, sp, #4
	ldrb	r1, [r1]
	lsls	r1, r1, #2
	adds	r0, r0, r1
	ldr	r1, __arm_cp.4_0
	movs	r2, #0
	str	r2, [r0, r1]
	b	.LBB4_3
.Ltmp11:
.LBB4_3:
	.loc	3 128 1                 @ ../MYx/Src/MyMCU_GPIO.c:128:1
	add	sp, #12
	pop	{r4, r5, r6, pc}
.Ltmp12:
	.p2align	2
@ %bb.4:
	.loc	3 0 1 is_stmt 0         @ ../MYx/Src/MyMCU_GPIO.c:0:1
__arm_cp.4_0:
	.long	1073760256              @ 0x40004800
.Lcpi_end7:
	.size	__arm_cp.4_0, .Lcpi_end7-__arm_cp.4_0
.Lfunc_end4:
	.size	MyGPIO_WritePin, .Lfunc_end4-MyGPIO_WritePin
	.cfi_endproc
	.cantunwind
	.fnend
                                        @ -- End function
	.hidden	MyGPIO_CLI_WritePin     @ -- Begin function MyGPIO_CLI_WritePin
	.globl	MyGPIO_CLI_WritePin
	.p2align	1
	.type	MyGPIO_CLI_WritePin,%function
	.code	16                      @ @MyGPIO_CLI_WritePin
	.thumb_func
MyGPIO_CLI_WritePin:
.Lfunc_begin5:
	.loc	3 132 0 is_stmt 1       @ ../MYx/Src/MyMCU_GPIO.c:132:0
	.fnstart
	.cfi_startproc
@ %bb.0:
	.save	{r7, lr}
	push	{r7, lr}
	.cfi_def_cfa_offset 8
	.cfi_offset lr, -4
	.cfi_offset r7, -8
	.pad	#24
	sub	sp, #24
	.cfi_def_cfa_offset 32
	movs	r0, #0
.Ltmp13:
	.loc	3 133 42 prologue_end   @ ../MYx/Src/MyMCU_GPIO.c:133:42
	bl	MyCLI_UnsignedCommandArgument
	add	r1, sp, #20
	.loc	3 133 18 is_stmt 0      @ ../MYx/Src/MyMCU_GPIO.c:133:18
	strb	r0, [r1]
	movs	r0, #1
	.loc	3 134 39 is_stmt 1      @ ../MYx/Src/MyMCU_GPIO.c:134:39
	str	r1, [sp, #8]            @ 4-byte Spill
	bl	MyCLI_UnsignedCommandArgument
	add	r1, sp, #16
	.loc	3 134 17 is_stmt 0      @ ../MYx/Src/MyMCU_GPIO.c:134:17
	strb	r0, [r1]
	movs	r0, #2
	.loc	3 135 39 is_stmt 1      @ ../MYx/Src/MyMCU_GPIO.c:135:39
	str	r1, [sp, #4]            @ 4-byte Spill
	bl	MyCLI_UnsignedCommandArgument
	add	r1, sp, #12
	.loc	3 135 16 is_stmt 0      @ ../MYx/Src/MyMCU_GPIO.c:135:16
	strb	r0, [r1]
	.loc	3 137 25 is_stmt 1      @ ../MYx/Src/MyMCU_GPIO.c:137:25
	ldrb	r0, [r1]
	.loc	3 137 12 is_stmt 0      @ ../MYx/Src/MyMCU_GPIO.c:137:12
	str	r1, [sp]                @ 4-byte Spill
	bl	int2str
	.loc	3 137 2                 @ ../MYx/Src/MyMCU_GPIO.c:137:2
	bl	My_printf
	.loc	3 139 18 is_stmt 1      @ ../MYx/Src/MyMCU_GPIO.c:139:18
	ldr	r0, [sp, #8]            @ 4-byte Reload
	ldrb	r0, [r0]
	.loc	3 139 23 is_stmt 0      @ ../MYx/Src/MyMCU_GPIO.c:139:23
	ldr	r1, [sp, #4]            @ 4-byte Reload
	ldrb	r1, [r1]
	.loc	3 139 27                @ ../MYx/Src/MyMCU_GPIO.c:139:27
	ldr	r2, [sp]                @ 4-byte Reload
	ldrb	r2, [r2]
	.loc	3 139 2                 @ ../MYx/Src/MyMCU_GPIO.c:139:2
	bl	MyGPIO_WritePin
	.loc	3 140 1 is_stmt 1       @ ../MYx/Src/MyMCU_GPIO.c:140:1
	add	sp, #24
	pop	{r7, pc}
.Ltmp14:
.Lfunc_end5:
	.size	MyGPIO_CLI_WritePin, .Lfunc_end5-MyGPIO_CLI_WritePin
	.cfi_endproc
	.cantunwind
	.fnend
                                        @ -- End function
	.hidden	MyGPIO_CLI_ReadPin      @ -- Begin function MyGPIO_CLI_ReadPin
	.globl	MyGPIO_CLI_ReadPin
	.p2align	1
	.type	MyGPIO_CLI_ReadPin,%function
	.code	16                      @ @MyGPIO_CLI_ReadPin
	.thumb_func
MyGPIO_CLI_ReadPin:
.Lfunc_begin6:
	.loc	3 143 0                 @ ../MYx/Src/MyMCU_GPIO.c:143:0
	.fnstart
	.cfi_startproc
@ %bb.0:
	.save	{r7, lr}
	push	{r7, lr}
	.cfi_def_cfa_offset 8
	.cfi_offset lr, -4
	.cfi_offset r7, -8
	.pad	#16
	sub	sp, #16
	.cfi_def_cfa_offset 24
	movs	r0, #0
.Ltmp15:
	.loc	3 145 42 prologue_end   @ ../MYx/Src/MyMCU_GPIO.c:145:42
	bl	MyCLI_UnsignedCommandArgument
	add	r1, sp, #8
	.loc	3 145 18 is_stmt 0      @ ../MYx/Src/MyMCU_GPIO.c:145:18
	strb	r0, [r1]
	movs	r0, #1
	.loc	3 146 39 is_stmt 1      @ ../MYx/Src/MyMCU_GPIO.c:146:39
	str	r1, [sp]                @ 4-byte Spill
	bl	MyCLI_UnsignedCommandArgument
	add	r1, sp, #4
	.loc	3 146 17 is_stmt 0      @ ../MYx/Src/MyMCU_GPIO.c:146:17
	strb	r0, [r1]
	.loc	3 148 26 is_stmt 1      @ ../MYx/Src/MyMCU_GPIO.c:148:26
	ldr	r0, [sp]                @ 4-byte Reload
	ldrb	r0, [r0]
	.loc	3 148 31 is_stmt 0      @ ../MYx/Src/MyMCU_GPIO.c:148:31
	ldrb	r1, [r1]
	.loc	3 148 11                @ ../MYx/Src/MyMCU_GPIO.c:148:11
	bl	MyGPIO_ReadPin
	.loc	3 148 9                 @ ../MYx/Src/MyMCU_GPIO.c:148:9
	str	r0, [sp, #12]
	.loc	3 150 20 is_stmt 1      @ ../MYx/Src/MyMCU_GPIO.c:150:20
	ldr	r0, [sp, #12]
	.loc	3 150 12 is_stmt 0      @ ../MYx/Src/MyMCU_GPIO.c:150:12
	bl	int2str
	.loc	3 150 2                 @ ../MYx/Src/MyMCU_GPIO.c:150:2
	bl	My_printf
	.loc	3 152 1 is_stmt 1       @ ../MYx/Src/MyMCU_GPIO.c:152:1
	add	sp, #16
	pop	{r7, pc}
.Ltmp16:
.Lfunc_end6:
	.size	MyGPIO_CLI_ReadPin, .Lfunc_end6-MyGPIO_CLI_ReadPin
	.cfi_endproc
	.cantunwind
	.fnend
                                        @ -- End function
	.hidden	MyGPIO_CLI_Set2InputMode @ -- Begin function MyGPIO_CLI_Set2InputMode
	.globl	MyGPIO_CLI_Set2InputMode
	.p2align	1
	.type	MyGPIO_CLI_Set2InputMode,%function
	.code	16                      @ @MyGPIO_CLI_Set2InputMode
	.thumb_func
MyGPIO_CLI_Set2InputMode:
.Lfunc_begin7:
	.loc	3 155 0                 @ ../MYx/Src/MyMCU_GPIO.c:155:0
	.fnstart
	.cfi_startproc
@ %bb.0:
	.save	{r7, lr}
	push	{r7, lr}
	.cfi_def_cfa_offset 8
	.cfi_offset lr, -4
	.cfi_offset r7, -8
	.pad	#16
	sub	sp, #16
	.cfi_def_cfa_offset 24
	movs	r0, #0
.Ltmp17:
	.loc	3 156 42 prologue_end   @ ../MYx/Src/MyMCU_GPIO.c:156:42
	bl	MyCLI_UnsignedCommandArgument
	add	r1, sp, #12
	.loc	3 156 18 is_stmt 0      @ ../MYx/Src/MyMCU_GPIO.c:156:18
	strb	r0, [r1]
	movs	r0, #1
	.loc	3 157 39 is_stmt 1      @ ../MYx/Src/MyMCU_GPIO.c:157:39
	str	r1, [sp, #4]            @ 4-byte Spill
	bl	MyCLI_UnsignedCommandArgument
	add	r1, sp, #8
	.loc	3 157 17 is_stmt 0      @ ../MYx/Src/MyMCU_GPIO.c:157:17
	strb	r0, [r1]
	.loc	3 159 20 is_stmt 1      @ ../MYx/Src/MyMCU_GPIO.c:159:20
	ldr	r0, [sp, #4]            @ 4-byte Reload
	ldrb	r0, [r0]
	.loc	3 159 25 is_stmt 0      @ ../MYx/Src/MyMCU_GPIO.c:159:25
	ldrb	r1, [r1]
	.loc	3 159 2                 @ ../MYx/Src/MyMCU_GPIO.c:159:2
	bl	MyGPIO_Conf2Input
	.loc	3 160 1 is_stmt 1       @ ../MYx/Src/MyMCU_GPIO.c:160:1
	add	sp, #16
	pop	{r7, pc}
.Ltmp18:
.Lfunc_end7:
	.size	MyGPIO_CLI_Set2InputMode, .Lfunc_end7-MyGPIO_CLI_Set2InputMode
	.cfi_endproc
	.cantunwind
	.fnend
                                        @ -- End function
	.hidden	MyGPIO_CLI_Set2OutputMode @ -- Begin function MyGPIO_CLI_Set2OutputMode
	.globl	MyGPIO_CLI_Set2OutputMode
	.p2align	1
	.type	MyGPIO_CLI_Set2OutputMode,%function
	.code	16                      @ @MyGPIO_CLI_Set2OutputMode
	.thumb_func
MyGPIO_CLI_Set2OutputMode:
.Lfunc_begin8:
	.loc	3 163 0                 @ ../MYx/Src/MyMCU_GPIO.c:163:0
	.fnstart
	.cfi_startproc
@ %bb.0:
	.save	{r7, lr}
	push	{r7, lr}
	.cfi_def_cfa_offset 8
	.cfi_offset lr, -4
	.cfi_offset r7, -8
	.pad	#16
	sub	sp, #16
	.cfi_def_cfa_offset 24
	movs	r0, #0
.Ltmp19:
	.loc	3 164 42 prologue_end   @ ../MYx/Src/MyMCU_GPIO.c:164:42
	bl	MyCLI_UnsignedCommandArgument
	add	r1, sp, #12
	.loc	3 164 18 is_stmt 0      @ ../MYx/Src/MyMCU_GPIO.c:164:18
	strb	r0, [r1]
	movs	r0, #1
	.loc	3 165 39 is_stmt 1      @ ../MYx/Src/MyMCU_GPIO.c:165:39
	str	r1, [sp, #4]            @ 4-byte Spill
	bl	MyCLI_UnsignedCommandArgument
	add	r1, sp, #8
	.loc	3 165 17 is_stmt 0      @ ../MYx/Src/MyMCU_GPIO.c:165:17
	strb	r0, [r1]
	.loc	3 167 21 is_stmt 1      @ ../MYx/Src/MyMCU_GPIO.c:167:21
	ldr	r0, [sp, #4]            @ 4-byte Reload
	ldrb	r0, [r0]
	.loc	3 167 26 is_stmt 0      @ ../MYx/Src/MyMCU_GPIO.c:167:26
	ldrb	r1, [r1]
	.loc	3 167 2                 @ ../MYx/Src/MyMCU_GPIO.c:167:2
	bl	MyGPIO_Conf2Output
	.loc	3 168 1 is_stmt 1       @ ../MYx/Src/MyMCU_GPIO.c:168:1
	add	sp, #16
	pop	{r7, pc}
.Ltmp20:
.Lfunc_end8:
	.size	MyGPIO_CLI_Set2OutputMode, .Lfunc_end8-MyGPIO_CLI_Set2OutputMode
	.cfi_endproc
	.cantunwind
	.fnend
                                        @ -- End function
	.hidden	GPIO_Port               @ @GPIO_Port
	.type	GPIO_Port,%object
	.section	.data.GPIO_Port,"aw",%progbits
	.globl	GPIO_Port
	.p2align	2
GPIO_Port:
.LGPIO_Port$local:
	.long	1073758208
	.long	1073758272
	.long	1073758336
	.long	1073758400
	.size	GPIO_Port, 16

	.hidden	GPIO_Pin                @ @GPIO_Pin
	.type	GPIO_Pin,%object
	.section	.data.GPIO_Pin,"aw",%progbits
	.globl	GPIO_Pin
	.p2align	1
GPIO_Pin:
.LGPIO_Pin$local:
	.short	1                       @ 0x1
	.short	2                       @ 0x2
	.short	4                       @ 0x4
	.short	8                       @ 0x8
	.short	16                      @ 0x10
	.short	32                      @ 0x20
	.short	64                      @ 0x40
	.short	128                     @ 0x80
	.short	256                     @ 0x100
	.short	512                     @ 0x200
	.short	1024                    @ 0x400
	.short	2048                    @ 0x800
	.short	4096                    @ 0x1000
	.short	8192                    @ 0x2000
	.short	16384                   @ 0x4000
	.short	32768                   @ 0x8000
	.short	0                       @ 0x0
	.size	GPIO_Pin, 34

	.section	.debug_str,"MS",%progbits,1
.Linfo_string0:
	.asciz	"Component: ARM Compiler 6.14 Tool: armclang [5db06c00]" @ string offset=0
.Linfo_string1:
	.asciz	"../MYx/Src\\MyMCU_GPIO.c" @ string offset=55
.Linfo_string2:
	.asciz	"C:\\Work\\Keil WorkSpace\\Furbo\\Keil" @ string offset=79
.Linfo_string3:
	.asciz	"GPIO_Port"             @ string offset=113
.Linfo_string4:
	.asciz	"MODE"                  @ string offset=123
.Linfo_string5:
	.asciz	"unsigned int"          @ string offset=128
.Linfo_string6:
	.asciz	"uint32_t"              @ string offset=141
.Linfo_string7:
	.asciz	"DINOFF"                @ string offset=150
.Linfo_string8:
	.asciz	"DOUT"                  @ string offset=157
.Linfo_string9:
	.asciz	"DATMSK"                @ string offset=162
.Linfo_string10:
	.asciz	"PIN"                   @ string offset=169
.Linfo_string11:
	.asciz	"DBEN"                  @ string offset=173
.Linfo_string12:
	.asciz	"INTTYPE"               @ string offset=178
.Linfo_string13:
	.asciz	"INTEN"                 @ string offset=186
.Linfo_string14:
	.asciz	"INTSRC"                @ string offset=192
.Linfo_string15:
	.asciz	"SMTEN"                 @ string offset=199
.Linfo_string16:
	.asciz	"SLEWCTL"               @ string offset=205
.Linfo_string17:
	.asciz	"RESERVE0"              @ string offset=213
.Linfo_string18:
	.asciz	"__ARRAY_SIZE_TYPE__"   @ string offset=222
.Linfo_string19:
	.asciz	"PUSEL"                 @ string offset=242
.Linfo_string20:
	.asciz	"GPIO_T"                @ string offset=248
.Linfo_string21:
	.asciz	"GPIO_Pin"              @ string offset=255
.Linfo_string22:
	.asciz	"unsigned short"        @ string offset=264
.Linfo_string23:
	.asciz	"uint16_t"              @ string offset=279
.Linfo_string24:
	.asciz	"unsigned char"         @ string offset=288
.Linfo_string25:
	.asciz	"GPIO_PA"               @ string offset=302
.Linfo_string26:
	.asciz	"GPIO_PB"               @ string offset=310
.Linfo_string27:
	.asciz	"GPIO_PC"               @ string offset=318
.Linfo_string28:
	.asciz	"GPIO_PD"               @ string offset=326
.Linfo_string29:
	.asciz	"GPIO_Num_Port"         @ string offset=334
.Linfo_string30:
	.asciz	"GPIO_Pin0"             @ string offset=348
.Linfo_string31:
	.asciz	"GPIO_Pin1"             @ string offset=358
.Linfo_string32:
	.asciz	"GPIO_Pin2"             @ string offset=368
.Linfo_string33:
	.asciz	"GPIO_Pin3"             @ string offset=378
.Linfo_string34:
	.asciz	"GPIO_Pin4"             @ string offset=388
.Linfo_string35:
	.asciz	"GPIO_Pin5"             @ string offset=398
.Linfo_string36:
	.asciz	"GPIO_Pin6"             @ string offset=408
.Linfo_string37:
	.asciz	"GPIO_Pin7"             @ string offset=418
.Linfo_string38:
	.asciz	"GPIO_Pin8"             @ string offset=428
.Linfo_string39:
	.asciz	"GPIO_Pin9"             @ string offset=438
.Linfo_string40:
	.asciz	"GPIO_Pin10"            @ string offset=448
.Linfo_string41:
	.asciz	"GPIO_Pin11"            @ string offset=459
.Linfo_string42:
	.asciz	"GPIO_Pin12"            @ string offset=470
.Linfo_string43:
	.asciz	"GPIO_Pin13"            @ string offset=481
.Linfo_string44:
	.asciz	"GPIO_Pin14"            @ string offset=492
.Linfo_string45:
	.asciz	"GPIO_Pin15"            @ string offset=503
.Linfo_string46:
	.asciz	"GPIO_PinALL"           @ string offset=514
.Linfo_string47:
	.asciz	"GPIO_Num_Pin"          @ string offset=526
.Linfo_string48:
	.asciz	"GPIOPIN_RESET"         @ string offset=539
.Linfo_string49:
	.asciz	"GPIOPIN_SET"           @ string offset=553
.Linfo_string50:
	.asciz	"GPIO_Port_Index"       @ string offset=565
.Linfo_string51:
	.asciz	"GPIO_Pin_Index"        @ string offset=581
.Linfo_string52:
	.asciz	"GPIOPin_State"         @ string offset=596
.Linfo_string53:
	.asciz	"int"                   @ string offset=610
.Linfo_string54:
	.asciz	"MyGPIO_Init"           @ string offset=614
.Linfo_string55:
	.asciz	"MyGPIO_Conf2Output"    @ string offset=626
.Linfo_string56:
	.asciz	"MyGPIO_Conf2Input"     @ string offset=645
.Linfo_string57:
	.asciz	"MyGPIO_ReadPin"        @ string offset=663
.Linfo_string58:
	.asciz	"MyGPIO_WritePin"       @ string offset=678
.Linfo_string59:
	.asciz	"MyGPIO_CLI_WritePin"   @ string offset=694
.Linfo_string60:
	.asciz	"MyGPIO_CLI_ReadPin"    @ string offset=714
.Linfo_string61:
	.asciz	"MyGPIO_CLI_Set2InputMode" @ string offset=733
.Linfo_string62:
	.asciz	"MyGPIO_CLI_Set2OutputMode" @ string offset=758
.Linfo_string63:
	.asciz	"Port"                  @ string offset=784
.Linfo_string64:
	.asciz	"Pin"                   @ string offset=789
.Linfo_string65:
	.asciz	"State"                 @ string offset=793
.Linfo_string66:
	.asciz	"result"                @ string offset=799
	.section	.debug_abbrev,"",%progbits
	.byte	1                       @ Abbreviation Code
	.byte	17                      @ DW_TAG_compile_unit
	.byte	1                       @ DW_CHILDREN_yes
	.byte	37                      @ DW_AT_producer
	.byte	14                      @ DW_FORM_strp
	.byte	19                      @ DW_AT_language
	.byte	5                       @ DW_FORM_data2
	.byte	3                       @ DW_AT_name
	.byte	14                      @ DW_FORM_strp
	.byte	16                      @ DW_AT_stmt_list
	.byte	6                       @ DW_FORM_data4
	.byte	27                      @ DW_AT_comp_dir
	.byte	14                      @ DW_FORM_strp
	.byte	17                      @ DW_AT_low_pc
	.byte	1                       @ DW_FORM_addr
	.byte	18                      @ DW_AT_high_pc
	.byte	1                       @ DW_FORM_addr
	.byte	0                       @ EOM(1)
	.byte	0                       @ EOM(2)
	.byte	2                       @ Abbreviation Code
	.byte	52                      @ DW_TAG_variable
	.byte	0                       @ DW_CHILDREN_no
	.byte	3                       @ DW_AT_name
	.byte	14                      @ DW_FORM_strp
	.byte	73                      @ DW_AT_type
	.byte	19                      @ DW_FORM_ref4
	.byte	63                      @ DW_AT_external
	.byte	12                      @ DW_FORM_flag
	.byte	58                      @ DW_AT_decl_file
	.byte	11                      @ DW_FORM_data1
	.byte	59                      @ DW_AT_decl_line
	.byte	11                      @ DW_FORM_data1
	.byte	2                       @ DW_AT_location
	.byte	10                      @ DW_FORM_block1
	.byte	0                       @ EOM(1)
	.byte	0                       @ EOM(2)
	.byte	3                       @ Abbreviation Code
	.byte	1                       @ DW_TAG_array_type
	.byte	1                       @ DW_CHILDREN_yes
	.byte	73                      @ DW_AT_type
	.byte	19                      @ DW_FORM_ref4
	.byte	0                       @ EOM(1)
	.byte	0                       @ EOM(2)
	.byte	4                       @ Abbreviation Code
	.byte	33                      @ DW_TAG_subrange_type
	.byte	0                       @ DW_CHILDREN_no
	.byte	73                      @ DW_AT_type
	.byte	19                      @ DW_FORM_ref4
	.byte	55                      @ DW_AT_count
	.byte	11                      @ DW_FORM_data1
	.byte	0                       @ EOM(1)
	.byte	0                       @ EOM(2)
	.byte	5                       @ Abbreviation Code
	.byte	15                      @ DW_TAG_pointer_type
	.byte	0                       @ DW_CHILDREN_no
	.byte	73                      @ DW_AT_type
	.byte	19                      @ DW_FORM_ref4
	.byte	0                       @ EOM(1)
	.byte	0                       @ EOM(2)
	.byte	6                       @ Abbreviation Code
	.byte	22                      @ DW_TAG_typedef
	.byte	0                       @ DW_CHILDREN_no
	.byte	73                      @ DW_AT_type
	.byte	19                      @ DW_FORM_ref4
	.byte	3                       @ DW_AT_name
	.byte	14                      @ DW_FORM_strp
	.byte	58                      @ DW_AT_decl_file
	.byte	11                      @ DW_FORM_data1
	.byte	59                      @ DW_AT_decl_line
	.byte	11                      @ DW_FORM_data1
	.byte	0                       @ EOM(1)
	.byte	0                       @ EOM(2)
	.byte	7                       @ Abbreviation Code
	.byte	19                      @ DW_TAG_structure_type
	.byte	1                       @ DW_CHILDREN_yes
	.byte	11                      @ DW_AT_byte_size
	.byte	11                      @ DW_FORM_data1
	.byte	58                      @ DW_AT_decl_file
	.byte	11                      @ DW_FORM_data1
	.byte	59                      @ DW_AT_decl_line
	.byte	11                      @ DW_FORM_data1
	.byte	0                       @ EOM(1)
	.byte	0                       @ EOM(2)
	.byte	8                       @ Abbreviation Code
	.byte	13                      @ DW_TAG_member
	.byte	0                       @ DW_CHILDREN_no
	.byte	3                       @ DW_AT_name
	.byte	14                      @ DW_FORM_strp
	.byte	73                      @ DW_AT_type
	.byte	19                      @ DW_FORM_ref4
	.byte	58                      @ DW_AT_decl_file
	.byte	11                      @ DW_FORM_data1
	.byte	59                      @ DW_AT_decl_line
	.byte	11                      @ DW_FORM_data1
	.byte	56                      @ DW_AT_data_member_location
	.byte	11                      @ DW_FORM_data1
	.byte	0                       @ EOM(1)
	.byte	0                       @ EOM(2)
	.byte	9                       @ Abbreviation Code
	.byte	53                      @ DW_TAG_volatile_type
	.byte	0                       @ DW_CHILDREN_no
	.byte	73                      @ DW_AT_type
	.byte	19                      @ DW_FORM_ref4
	.byte	0                       @ EOM(1)
	.byte	0                       @ EOM(2)
	.byte	10                      @ Abbreviation Code
	.byte	36                      @ DW_TAG_base_type
	.byte	0                       @ DW_CHILDREN_no
	.byte	3                       @ DW_AT_name
	.byte	14                      @ DW_FORM_strp
	.byte	62                      @ DW_AT_encoding
	.byte	11                      @ DW_FORM_data1
	.byte	11                      @ DW_AT_byte_size
	.byte	11                      @ DW_FORM_data1
	.byte	0                       @ EOM(1)
	.byte	0                       @ EOM(2)
	.byte	11                      @ Abbreviation Code
	.byte	38                      @ DW_TAG_const_type
	.byte	0                       @ DW_CHILDREN_no
	.byte	73                      @ DW_AT_type
	.byte	19                      @ DW_FORM_ref4
	.byte	0                       @ EOM(1)
	.byte	0                       @ EOM(2)
	.byte	12                      @ Abbreviation Code
	.byte	36                      @ DW_TAG_base_type
	.byte	0                       @ DW_CHILDREN_no
	.byte	3                       @ DW_AT_name
	.byte	14                      @ DW_FORM_strp
	.byte	11                      @ DW_AT_byte_size
	.byte	11                      @ DW_FORM_data1
	.byte	62                      @ DW_AT_encoding
	.byte	11                      @ DW_FORM_data1
	.byte	0                       @ EOM(1)
	.byte	0                       @ EOM(2)
	.byte	13                      @ Abbreviation Code
	.byte	4                       @ DW_TAG_enumeration_type
	.byte	1                       @ DW_CHILDREN_yes
	.byte	73                      @ DW_AT_type
	.byte	19                      @ DW_FORM_ref4
	.byte	11                      @ DW_AT_byte_size
	.byte	11                      @ DW_FORM_data1
	.byte	58                      @ DW_AT_decl_file
	.byte	11                      @ DW_FORM_data1
	.byte	59                      @ DW_AT_decl_line
	.byte	11                      @ DW_FORM_data1
	.byte	0                       @ EOM(1)
	.byte	0                       @ EOM(2)
	.byte	14                      @ Abbreviation Code
	.byte	40                      @ DW_TAG_enumerator
	.byte	0                       @ DW_CHILDREN_no
	.byte	3                       @ DW_AT_name
	.byte	14                      @ DW_FORM_strp
	.byte	28                      @ DW_AT_const_value
	.byte	15                      @ DW_FORM_udata
	.byte	0                       @ EOM(1)
	.byte	0                       @ EOM(2)
	.byte	15                      @ Abbreviation Code
	.byte	46                      @ DW_TAG_subprogram
	.byte	0                       @ DW_CHILDREN_no
	.byte	17                      @ DW_AT_low_pc
	.byte	1                       @ DW_FORM_addr
	.byte	18                      @ DW_AT_high_pc
	.byte	1                       @ DW_FORM_addr
	.byte	64                      @ DW_AT_frame_base
	.byte	10                      @ DW_FORM_block1
	.byte	3                       @ DW_AT_name
	.byte	14                      @ DW_FORM_strp
	.byte	58                      @ DW_AT_decl_file
	.byte	11                      @ DW_FORM_data1
	.byte	59                      @ DW_AT_decl_line
	.byte	11                      @ DW_FORM_data1
	.byte	63                      @ DW_AT_external
	.byte	12                      @ DW_FORM_flag
	.byte	0                       @ EOM(1)
	.byte	0                       @ EOM(2)
	.byte	16                      @ Abbreviation Code
	.byte	46                      @ DW_TAG_subprogram
	.byte	1                       @ DW_CHILDREN_yes
	.byte	17                      @ DW_AT_low_pc
	.byte	1                       @ DW_FORM_addr
	.byte	18                      @ DW_AT_high_pc
	.byte	1                       @ DW_FORM_addr
	.byte	64                      @ DW_AT_frame_base
	.byte	10                      @ DW_FORM_block1
	.byte	3                       @ DW_AT_name
	.byte	14                      @ DW_FORM_strp
	.byte	58                      @ DW_AT_decl_file
	.byte	11                      @ DW_FORM_data1
	.byte	59                      @ DW_AT_decl_line
	.byte	11                      @ DW_FORM_data1
	.byte	39                      @ DW_AT_prototyped
	.byte	12                      @ DW_FORM_flag
	.byte	63                      @ DW_AT_external
	.byte	12                      @ DW_FORM_flag
	.byte	0                       @ EOM(1)
	.byte	0                       @ EOM(2)
	.byte	17                      @ Abbreviation Code
	.byte	5                       @ DW_TAG_formal_parameter
	.byte	0                       @ DW_CHILDREN_no
	.byte	2                       @ DW_AT_location
	.byte	10                      @ DW_FORM_block1
	.byte	3                       @ DW_AT_name
	.byte	14                      @ DW_FORM_strp
	.byte	58                      @ DW_AT_decl_file
	.byte	11                      @ DW_FORM_data1
	.byte	59                      @ DW_AT_decl_line
	.byte	11                      @ DW_FORM_data1
	.byte	73                      @ DW_AT_type
	.byte	19                      @ DW_FORM_ref4
	.byte	0                       @ EOM(1)
	.byte	0                       @ EOM(2)
	.byte	18                      @ Abbreviation Code
	.byte	46                      @ DW_TAG_subprogram
	.byte	1                       @ DW_CHILDREN_yes
	.byte	17                      @ DW_AT_low_pc
	.byte	1                       @ DW_FORM_addr
	.byte	18                      @ DW_AT_high_pc
	.byte	1                       @ DW_FORM_addr
	.byte	64                      @ DW_AT_frame_base
	.byte	10                      @ DW_FORM_block1
	.byte	3                       @ DW_AT_name
	.byte	14                      @ DW_FORM_strp
	.byte	58                      @ DW_AT_decl_file
	.byte	11                      @ DW_FORM_data1
	.byte	59                      @ DW_AT_decl_line
	.byte	11                      @ DW_FORM_data1
	.byte	39                      @ DW_AT_prototyped
	.byte	12                      @ DW_FORM_flag
	.byte	73                      @ DW_AT_type
	.byte	19                      @ DW_FORM_ref4
	.byte	63                      @ DW_AT_external
	.byte	12                      @ DW_FORM_flag
	.byte	0                       @ EOM(1)
	.byte	0                       @ EOM(2)
	.byte	19                      @ Abbreviation Code
	.byte	46                      @ DW_TAG_subprogram
	.byte	1                       @ DW_CHILDREN_yes
	.byte	17                      @ DW_AT_low_pc
	.byte	1                       @ DW_FORM_addr
	.byte	18                      @ DW_AT_high_pc
	.byte	1                       @ DW_FORM_addr
	.byte	64                      @ DW_AT_frame_base
	.byte	10                      @ DW_FORM_block1
	.byte	3                       @ DW_AT_name
	.byte	14                      @ DW_FORM_strp
	.byte	58                      @ DW_AT_decl_file
	.byte	11                      @ DW_FORM_data1
	.byte	59                      @ DW_AT_decl_line
	.byte	11                      @ DW_FORM_data1
	.byte	63                      @ DW_AT_external
	.byte	12                      @ DW_FORM_flag
	.byte	0                       @ EOM(1)
	.byte	0                       @ EOM(2)
	.byte	20                      @ Abbreviation Code
	.byte	52                      @ DW_TAG_variable
	.byte	0                       @ DW_CHILDREN_no
	.byte	2                       @ DW_AT_location
	.byte	10                      @ DW_FORM_block1
	.byte	3                       @ DW_AT_name
	.byte	14                      @ DW_FORM_strp
	.byte	58                      @ DW_AT_decl_file
	.byte	11                      @ DW_FORM_data1
	.byte	59                      @ DW_AT_decl_line
	.byte	11                      @ DW_FORM_data1
	.byte	73                      @ DW_AT_type
	.byte	19                      @ DW_FORM_ref4
	.byte	0                       @ EOM(1)
	.byte	0                       @ EOM(2)
	.byte	0                       @ EOM(3)
	.section	.debug_info,"",%progbits
.Lcu_begin0:
	.long	.Ldebug_info_end0-.Ldebug_info_start0 @ Length of Unit
.Ldebug_info_start0:
	.short	3                       @ DWARF version number
	.long	.debug_abbrev           @ Offset Into Abbrev. Section
	.byte	4                       @ Address Size (in bytes)
	.byte	1                       @ Abbrev [1] 0xb:0x3eb DW_TAG_compile_unit
	.long	.Linfo_string0          @ DW_AT_producer
	.short	1                       @ DW_AT_language
	.long	.Linfo_string1          @ DW_AT_name
	.long	.Lline_table_start0     @ DW_AT_stmt_list
	.long	.Linfo_string2          @ DW_AT_comp_dir
	.long	.Lfunc_begin0           @ DW_AT_low_pc
	.long	.Lfunc_end8             @ DW_AT_high_pc
	.byte	2                       @ Abbrev [2] 0x26:0x12 DW_TAG_variable
	.long	.Linfo_string3          @ DW_AT_name
	.long	56                      @ DW_AT_type
	.byte	1                       @ DW_AT_external
	.byte	3                       @ DW_AT_decl_file
	.byte	18                      @ DW_AT_decl_line
	.byte	5                       @ DW_AT_location
	.byte	3
	.long	GPIO_Port
	.byte	3                       @ Abbrev [3] 0x38:0xc DW_TAG_array_type
	.long	68                      @ DW_AT_type
	.byte	4                       @ Abbrev [4] 0x3d:0x6 DW_TAG_subrange_type
	.long	285                     @ DW_AT_type
	.byte	4                       @ DW_AT_count
	.byte	0                       @ End Of Children Mark
	.byte	5                       @ Abbrev [5] 0x44:0x5 DW_TAG_pointer_type
	.long	73                      @ DW_AT_type
	.byte	6                       @ Abbrev [6] 0x49:0xb DW_TAG_typedef
	.long	84                      @ DW_AT_type
	.long	.Linfo_string20         @ DW_AT_name
	.byte	2                       @ DW_AT_decl_file
	.byte	223                     @ DW_AT_decl_line
	.byte	7                       @ Abbrev [7] 0x54:0xa1 DW_TAG_structure_type
	.byte	52                      @ DW_AT_byte_size
	.byte	2                       @ DW_AT_decl_file
	.byte	27                      @ DW_AT_decl_line
	.byte	8                       @ Abbrev [8] 0x58:0xc DW_TAG_member
	.long	.Linfo_string4          @ DW_AT_name
	.long	245                     @ DW_AT_type
	.byte	2                       @ DW_AT_decl_file
	.byte	208                     @ DW_AT_decl_line
	.byte	0                       @ DW_AT_data_member_location
	.byte	8                       @ Abbrev [8] 0x64:0xc DW_TAG_member
	.long	.Linfo_string7          @ DW_AT_name
	.long	245                     @ DW_AT_type
	.byte	2                       @ DW_AT_decl_file
	.byte	209                     @ DW_AT_decl_line
	.byte	4                       @ DW_AT_data_member_location
	.byte	8                       @ Abbrev [8] 0x70:0xc DW_TAG_member
	.long	.Linfo_string8          @ DW_AT_name
	.long	245                     @ DW_AT_type
	.byte	2                       @ DW_AT_decl_file
	.byte	210                     @ DW_AT_decl_line
	.byte	8                       @ DW_AT_data_member_location
	.byte	8                       @ Abbrev [8] 0x7c:0xc DW_TAG_member
	.long	.Linfo_string9          @ DW_AT_name
	.long	245                     @ DW_AT_type
	.byte	2                       @ DW_AT_decl_file
	.byte	211                     @ DW_AT_decl_line
	.byte	12                      @ DW_AT_data_member_location
	.byte	8                       @ Abbrev [8] 0x88:0xc DW_TAG_member
	.long	.Linfo_string10         @ DW_AT_name
	.long	268                     @ DW_AT_type
	.byte	2                       @ DW_AT_decl_file
	.byte	212                     @ DW_AT_decl_line
	.byte	16                      @ DW_AT_data_member_location
	.byte	8                       @ Abbrev [8] 0x94:0xc DW_TAG_member
	.long	.Linfo_string11         @ DW_AT_name
	.long	245                     @ DW_AT_type
	.byte	2                       @ DW_AT_decl_file
	.byte	213                     @ DW_AT_decl_line
	.byte	20                      @ DW_AT_data_member_location
	.byte	8                       @ Abbrev [8] 0xa0:0xc DW_TAG_member
	.long	.Linfo_string12         @ DW_AT_name
	.long	245                     @ DW_AT_type
	.byte	2                       @ DW_AT_decl_file
	.byte	214                     @ DW_AT_decl_line
	.byte	24                      @ DW_AT_data_member_location
	.byte	8                       @ Abbrev [8] 0xac:0xc DW_TAG_member
	.long	.Linfo_string13         @ DW_AT_name
	.long	245                     @ DW_AT_type
	.byte	2                       @ DW_AT_decl_file
	.byte	215                     @ DW_AT_decl_line
	.byte	28                      @ DW_AT_data_member_location
	.byte	8                       @ Abbrev [8] 0xb8:0xc DW_TAG_member
	.long	.Linfo_string14         @ DW_AT_name
	.long	245                     @ DW_AT_type
	.byte	2                       @ DW_AT_decl_file
	.byte	216                     @ DW_AT_decl_line
	.byte	32                      @ DW_AT_data_member_location
	.byte	8                       @ Abbrev [8] 0xc4:0xc DW_TAG_member
	.long	.Linfo_string15         @ DW_AT_name
	.long	245                     @ DW_AT_type
	.byte	2                       @ DW_AT_decl_file
	.byte	217                     @ DW_AT_decl_line
	.byte	36                      @ DW_AT_data_member_location
	.byte	8                       @ Abbrev [8] 0xd0:0xc DW_TAG_member
	.long	.Linfo_string16         @ DW_AT_name
	.long	245                     @ DW_AT_type
	.byte	2                       @ DW_AT_decl_file
	.byte	218                     @ DW_AT_decl_line
	.byte	40                      @ DW_AT_data_member_location
	.byte	8                       @ Abbrev [8] 0xdc:0xc DW_TAG_member
	.long	.Linfo_string17         @ DW_AT_name
	.long	273                     @ DW_AT_type
	.byte	2                       @ DW_AT_decl_file
	.byte	220                     @ DW_AT_decl_line
	.byte	44                      @ DW_AT_data_member_location
	.byte	8                       @ Abbrev [8] 0xe8:0xc DW_TAG_member
	.long	.Linfo_string19         @ DW_AT_name
	.long	245                     @ DW_AT_type
	.byte	2                       @ DW_AT_decl_file
	.byte	222                     @ DW_AT_decl_line
	.byte	48                      @ DW_AT_data_member_location
	.byte	0                       @ End Of Children Mark
	.byte	9                       @ Abbrev [9] 0xf5:0x5 DW_TAG_volatile_type
	.long	250                     @ DW_AT_type
	.byte	6                       @ Abbrev [6] 0xfa:0xb DW_TAG_typedef
	.long	261                     @ DW_AT_type
	.long	.Linfo_string6          @ DW_AT_name
	.byte	1                       @ DW_AT_decl_file
	.byte	64                      @ DW_AT_decl_line
	.byte	10                      @ Abbrev [10] 0x105:0x7 DW_TAG_base_type
	.long	.Linfo_string5          @ DW_AT_name
	.byte	7                       @ DW_AT_encoding
	.byte	4                       @ DW_AT_byte_size
	.byte	11                      @ Abbrev [11] 0x10c:0x5 DW_TAG_const_type
	.long	245                     @ DW_AT_type
	.byte	3                       @ Abbrev [3] 0x111:0xc DW_TAG_array_type
	.long	268                     @ DW_AT_type
	.byte	4                       @ Abbrev [4] 0x116:0x6 DW_TAG_subrange_type
	.long	285                     @ DW_AT_type
	.byte	1                       @ DW_AT_count
	.byte	0                       @ End Of Children Mark
	.byte	12                      @ Abbrev [12] 0x11d:0x7 DW_TAG_base_type
	.long	.Linfo_string18         @ DW_AT_name
	.byte	8                       @ DW_AT_byte_size
	.byte	7                       @ DW_AT_encoding
	.byte	2                       @ Abbrev [2] 0x124:0x12 DW_TAG_variable
	.long	.Linfo_string21         @ DW_AT_name
	.long	310                     @ DW_AT_type
	.byte	1                       @ DW_AT_external
	.byte	3                       @ DW_AT_decl_file
	.byte	19                      @ DW_AT_decl_line
	.byte	5                       @ DW_AT_location
	.byte	3
	.long	GPIO_Pin
	.byte	3                       @ Abbrev [3] 0x136:0xc DW_TAG_array_type
	.long	322                     @ DW_AT_type
	.byte	4                       @ Abbrev [4] 0x13b:0x6 DW_TAG_subrange_type
	.long	285                     @ DW_AT_type
	.byte	17                      @ DW_AT_count
	.byte	0                       @ End Of Children Mark
	.byte	6                       @ Abbrev [6] 0x142:0xb DW_TAG_typedef
	.long	333                     @ DW_AT_type
	.long	.Linfo_string23         @ DW_AT_name
	.byte	1                       @ DW_AT_decl_file
	.byte	63                      @ DW_AT_decl_line
	.byte	10                      @ Abbrev [10] 0x14d:0x7 DW_TAG_base_type
	.long	.Linfo_string22         @ DW_AT_name
	.byte	7                       @ DW_AT_encoding
	.byte	2                       @ DW_AT_byte_size
	.byte	13                      @ Abbrev [13] 0x154:0x27 DW_TAG_enumeration_type
	.long	379                     @ DW_AT_type
	.byte	1                       @ DW_AT_byte_size
	.byte	4                       @ DW_AT_decl_file
	.byte	13                      @ DW_AT_decl_line
	.byte	14                      @ Abbrev [14] 0x15c:0x6 DW_TAG_enumerator
	.long	.Linfo_string25         @ DW_AT_name
	.byte	0                       @ DW_AT_const_value
	.byte	14                      @ Abbrev [14] 0x162:0x6 DW_TAG_enumerator
	.long	.Linfo_string26         @ DW_AT_name
	.byte	1                       @ DW_AT_const_value
	.byte	14                      @ Abbrev [14] 0x168:0x6 DW_TAG_enumerator
	.long	.Linfo_string27         @ DW_AT_name
	.byte	2                       @ DW_AT_const_value
	.byte	14                      @ Abbrev [14] 0x16e:0x6 DW_TAG_enumerator
	.long	.Linfo_string28         @ DW_AT_name
	.byte	3                       @ DW_AT_const_value
	.byte	14                      @ Abbrev [14] 0x174:0x6 DW_TAG_enumerator
	.long	.Linfo_string29         @ DW_AT_name
	.byte	4                       @ DW_AT_const_value
	.byte	0                       @ End Of Children Mark
	.byte	10                      @ Abbrev [10] 0x17b:0x7 DW_TAG_base_type
	.long	.Linfo_string24         @ DW_AT_name
	.byte	8                       @ DW_AT_encoding
	.byte	1                       @ DW_AT_byte_size
	.byte	13                      @ Abbrev [13] 0x182:0x75 DW_TAG_enumeration_type
	.long	379                     @ DW_AT_type
	.byte	1                       @ DW_AT_byte_size
	.byte	4                       @ DW_AT_decl_file
	.byte	22                      @ DW_AT_decl_line
	.byte	14                      @ Abbrev [14] 0x18a:0x6 DW_TAG_enumerator
	.long	.Linfo_string30         @ DW_AT_name
	.byte	0                       @ DW_AT_const_value
	.byte	14                      @ Abbrev [14] 0x190:0x6 DW_TAG_enumerator
	.long	.Linfo_string31         @ DW_AT_name
	.byte	1                       @ DW_AT_const_value
	.byte	14                      @ Abbrev [14] 0x196:0x6 DW_TAG_enumerator
	.long	.Linfo_string32         @ DW_AT_name
	.byte	2                       @ DW_AT_const_value
	.byte	14                      @ Abbrev [14] 0x19c:0x6 DW_TAG_enumerator
	.long	.Linfo_string33         @ DW_AT_name
	.byte	3                       @ DW_AT_const_value
	.byte	14                      @ Abbrev [14] 0x1a2:0x6 DW_TAG_enumerator
	.long	.Linfo_string34         @ DW_AT_name
	.byte	4                       @ DW_AT_const_value
	.byte	14                      @ Abbrev [14] 0x1a8:0x6 DW_TAG_enumerator
	.long	.Linfo_string35         @ DW_AT_name
	.byte	5                       @ DW_AT_const_value
	.byte	14                      @ Abbrev [14] 0x1ae:0x6 DW_TAG_enumerator
	.long	.Linfo_string36         @ DW_AT_name
	.byte	6                       @ DW_AT_const_value
	.byte	14                      @ Abbrev [14] 0x1b4:0x6 DW_TAG_enumerator
	.long	.Linfo_string37         @ DW_AT_name
	.byte	7                       @ DW_AT_const_value
	.byte	14                      @ Abbrev [14] 0x1ba:0x6 DW_TAG_enumerator
	.long	.Linfo_string38         @ DW_AT_name
	.byte	8                       @ DW_AT_const_value
	.byte	14                      @ Abbrev [14] 0x1c0:0x6 DW_TAG_enumerator
	.long	.Linfo_string39         @ DW_AT_name
	.byte	9                       @ DW_AT_const_value
	.byte	14                      @ Abbrev [14] 0x1c6:0x6 DW_TAG_enumerator
	.long	.Linfo_string40         @ DW_AT_name
	.byte	10                      @ DW_AT_const_value
	.byte	14                      @ Abbrev [14] 0x1cc:0x6 DW_TAG_enumerator
	.long	.Linfo_string41         @ DW_AT_name
	.byte	11                      @ DW_AT_const_value
	.byte	14                      @ Abbrev [14] 0x1d2:0x6 DW_TAG_enumerator
	.long	.Linfo_string42         @ DW_AT_name
	.byte	12                      @ DW_AT_const_value
	.byte	14                      @ Abbrev [14] 0x1d8:0x6 DW_TAG_enumerator
	.long	.Linfo_string43         @ DW_AT_name
	.byte	13                      @ DW_AT_const_value
	.byte	14                      @ Abbrev [14] 0x1de:0x6 DW_TAG_enumerator
	.long	.Linfo_string44         @ DW_AT_name
	.byte	14                      @ DW_AT_const_value
	.byte	14                      @ Abbrev [14] 0x1e4:0x6 DW_TAG_enumerator
	.long	.Linfo_string45         @ DW_AT_name
	.byte	15                      @ DW_AT_const_value
	.byte	14                      @ Abbrev [14] 0x1ea:0x6 DW_TAG_enumerator
	.long	.Linfo_string46         @ DW_AT_name
	.byte	16                      @ DW_AT_const_value
	.byte	14                      @ Abbrev [14] 0x1f0:0x6 DW_TAG_enumerator
	.long	.Linfo_string47         @ DW_AT_name
	.byte	17                      @ DW_AT_const_value
	.byte	0                       @ End Of Children Mark
	.byte	13                      @ Abbrev [13] 0x1f7:0x15 DW_TAG_enumeration_type
	.long	379                     @ DW_AT_type
	.byte	1                       @ DW_AT_byte_size
	.byte	4                       @ DW_AT_decl_file
	.byte	45                      @ DW_AT_decl_line
	.byte	14                      @ Abbrev [14] 0x1ff:0x6 DW_TAG_enumerator
	.long	.Linfo_string48         @ DW_AT_name
	.byte	0                       @ DW_AT_const_value
	.byte	14                      @ Abbrev [14] 0x205:0x6 DW_TAG_enumerator
	.long	.Linfo_string49         @ DW_AT_name
	.byte	1                       @ DW_AT_const_value
	.byte	0                       @ End Of Children Mark
	.byte	5                       @ Abbrev [5] 0x20c:0x5 DW_TAG_pointer_type
	.long	245                     @ DW_AT_type
	.byte	6                       @ Abbrev [6] 0x211:0xb DW_TAG_typedef
	.long	340                     @ DW_AT_type
	.long	.Linfo_string50         @ DW_AT_name
	.byte	4                       @ DW_AT_decl_file
	.byte	20                      @ DW_AT_decl_line
	.byte	6                       @ Abbrev [6] 0x21c:0xb DW_TAG_typedef
	.long	386                     @ DW_AT_type
	.long	.Linfo_string51         @ DW_AT_name
	.byte	4                       @ DW_AT_decl_file
	.byte	43                      @ DW_AT_decl_line
	.byte	6                       @ Abbrev [6] 0x227:0xb DW_TAG_typedef
	.long	503                     @ DW_AT_type
	.long	.Linfo_string52         @ DW_AT_name
	.byte	4                       @ DW_AT_decl_file
	.byte	49                      @ DW_AT_decl_line
	.byte	10                      @ Abbrev [10] 0x232:0x7 DW_TAG_base_type
	.long	.Linfo_string53         @ DW_AT_name
	.byte	5                       @ DW_AT_encoding
	.byte	4                       @ DW_AT_byte_size
	.byte	15                      @ Abbrev [15] 0x239:0x12 DW_TAG_subprogram
	.long	.Lfunc_begin0           @ DW_AT_low_pc
	.long	.Lfunc_end0             @ DW_AT_high_pc
	.byte	1                       @ DW_AT_frame_base
	.byte	93
	.long	.Linfo_string54         @ DW_AT_name
	.byte	3                       @ DW_AT_decl_file
	.byte	24                      @ DW_AT_decl_line
	.byte	1                       @ DW_AT_external
	.byte	16                      @ Abbrev [16] 0x24b:0x30 DW_TAG_subprogram
	.long	.Lfunc_begin1           @ DW_AT_low_pc
	.long	.Lfunc_end1             @ DW_AT_high_pc
	.byte	1                       @ DW_AT_frame_base
	.byte	93
	.long	.Linfo_string55         @ DW_AT_name
	.byte	3                       @ DW_AT_decl_file
	.byte	62                      @ DW_AT_decl_line
	.byte	1                       @ DW_AT_prototyped
	.byte	1                       @ DW_AT_external
	.byte	17                      @ Abbrev [17] 0x25e:0xe DW_TAG_formal_parameter
	.byte	2                       @ DW_AT_location
	.byte	145
	.byte	20
	.long	.Linfo_string63         @ DW_AT_name
	.byte	3                       @ DW_AT_decl_file
	.byte	62                      @ DW_AT_decl_line
	.long	529                     @ DW_AT_type
	.byte	17                      @ Abbrev [17] 0x26c:0xe DW_TAG_formal_parameter
	.byte	2                       @ DW_AT_location
	.byte	145
	.byte	16
	.long	.Linfo_string64         @ DW_AT_name
	.byte	3                       @ DW_AT_decl_file
	.byte	62                      @ DW_AT_decl_line
	.long	540                     @ DW_AT_type
	.byte	0                       @ End Of Children Mark
	.byte	16                      @ Abbrev [16] 0x27b:0x30 DW_TAG_subprogram
	.long	.Lfunc_begin2           @ DW_AT_low_pc
	.long	.Lfunc_end2             @ DW_AT_high_pc
	.byte	1                       @ DW_AT_frame_base
	.byte	93
	.long	.Linfo_string56         @ DW_AT_name
	.byte	3                       @ DW_AT_decl_file
	.byte	80                      @ DW_AT_decl_line
	.byte	1                       @ DW_AT_prototyped
	.byte	1                       @ DW_AT_external
	.byte	17                      @ Abbrev [17] 0x28e:0xe DW_TAG_formal_parameter
	.byte	2                       @ DW_AT_location
	.byte	145
	.byte	20
	.long	.Linfo_string63         @ DW_AT_name
	.byte	3                       @ DW_AT_decl_file
	.byte	80                      @ DW_AT_decl_line
	.long	529                     @ DW_AT_type
	.byte	17                      @ Abbrev [17] 0x29c:0xe DW_TAG_formal_parameter
	.byte	2                       @ DW_AT_location
	.byte	145
	.byte	16
	.long	.Linfo_string64         @ DW_AT_name
	.byte	3                       @ DW_AT_decl_file
	.byte	80                      @ DW_AT_decl_line
	.long	540                     @ DW_AT_type
	.byte	0                       @ End Of Children Mark
	.byte	18                      @ Abbrev [18] 0x2ab:0x34 DW_TAG_subprogram
	.long	.Lfunc_begin3           @ DW_AT_low_pc
	.long	.Lfunc_end3             @ DW_AT_high_pc
	.byte	1                       @ DW_AT_frame_base
	.byte	93
	.long	.Linfo_string57         @ DW_AT_name
	.byte	3                       @ DW_AT_decl_file
	.byte	101                     @ DW_AT_decl_line
	.byte	1                       @ DW_AT_prototyped
	.long	551                     @ DW_AT_type
	.byte	1                       @ DW_AT_external
	.byte	17                      @ Abbrev [17] 0x2c2:0xe DW_TAG_formal_parameter
	.byte	2                       @ DW_AT_location
	.byte	145
	.byte	4
	.long	.Linfo_string63         @ DW_AT_name
	.byte	3                       @ DW_AT_decl_file
	.byte	101                     @ DW_AT_decl_line
	.long	529                     @ DW_AT_type
	.byte	17                      @ Abbrev [17] 0x2d0:0xe DW_TAG_formal_parameter
	.byte	2                       @ DW_AT_location
	.byte	145
	.byte	0
	.long	.Linfo_string64         @ DW_AT_name
	.byte	3                       @ DW_AT_decl_file
	.byte	101                     @ DW_AT_decl_line
	.long	540                     @ DW_AT_type
	.byte	0                       @ End Of Children Mark
	.byte	16                      @ Abbrev [16] 0x2df:0x3e DW_TAG_subprogram
	.long	.Lfunc_begin4           @ DW_AT_low_pc
	.long	.Lfunc_end4             @ DW_AT_high_pc
	.byte	1                       @ DW_AT_frame_base
	.byte	93
	.long	.Linfo_string58         @ DW_AT_name
	.byte	3                       @ DW_AT_decl_file
	.byte	114                     @ DW_AT_decl_line
	.byte	1                       @ DW_AT_prototyped
	.byte	1                       @ DW_AT_external
	.byte	17                      @ Abbrev [17] 0x2f2:0xe DW_TAG_formal_parameter
	.byte	2                       @ DW_AT_location
	.byte	145
	.byte	8
	.long	.Linfo_string63         @ DW_AT_name
	.byte	3                       @ DW_AT_decl_file
	.byte	114                     @ DW_AT_decl_line
	.long	529                     @ DW_AT_type
	.byte	17                      @ Abbrev [17] 0x300:0xe DW_TAG_formal_parameter
	.byte	2                       @ DW_AT_location
	.byte	145
	.byte	4
	.long	.Linfo_string64         @ DW_AT_name
	.byte	3                       @ DW_AT_decl_file
	.byte	114                     @ DW_AT_decl_line
	.long	540                     @ DW_AT_type
	.byte	17                      @ Abbrev [17] 0x30e:0xe DW_TAG_formal_parameter
	.byte	2                       @ DW_AT_location
	.byte	145
	.byte	0
	.long	.Linfo_string65         @ DW_AT_name
	.byte	3                       @ DW_AT_decl_file
	.byte	114                     @ DW_AT_decl_line
	.long	551                     @ DW_AT_type
	.byte	0                       @ End Of Children Mark
	.byte	19                      @ Abbrev [19] 0x31d:0x3d DW_TAG_subprogram
	.long	.Lfunc_begin5           @ DW_AT_low_pc
	.long	.Lfunc_end5             @ DW_AT_high_pc
	.byte	1                       @ DW_AT_frame_base
	.byte	93
	.long	.Linfo_string59         @ DW_AT_name
	.byte	3                       @ DW_AT_decl_file
	.byte	131                     @ DW_AT_decl_line
	.byte	1                       @ DW_AT_external
	.byte	20                      @ Abbrev [20] 0x32f:0xe DW_TAG_variable
	.byte	2                       @ DW_AT_location
	.byte	145
	.byte	20
	.long	.Linfo_string63         @ DW_AT_name
	.byte	3                       @ DW_AT_decl_file
	.byte	133                     @ DW_AT_decl_line
	.long	529                     @ DW_AT_type
	.byte	20                      @ Abbrev [20] 0x33d:0xe DW_TAG_variable
	.byte	2                       @ DW_AT_location
	.byte	145
	.byte	16
	.long	.Linfo_string64         @ DW_AT_name
	.byte	3                       @ DW_AT_decl_file
	.byte	134                     @ DW_AT_decl_line
	.long	540                     @ DW_AT_type
	.byte	20                      @ Abbrev [20] 0x34b:0xe DW_TAG_variable
	.byte	2                       @ DW_AT_location
	.byte	145
	.byte	12
	.long	.Linfo_string65         @ DW_AT_name
	.byte	3                       @ DW_AT_decl_file
	.byte	135                     @ DW_AT_decl_line
	.long	551                     @ DW_AT_type
	.byte	0                       @ End Of Children Mark
	.byte	19                      @ Abbrev [19] 0x35a:0x3d DW_TAG_subprogram
	.long	.Lfunc_begin6           @ DW_AT_low_pc
	.long	.Lfunc_end6             @ DW_AT_high_pc
	.byte	1                       @ DW_AT_frame_base
	.byte	93
	.long	.Linfo_string60         @ DW_AT_name
	.byte	3                       @ DW_AT_decl_file
	.byte	142                     @ DW_AT_decl_line
	.byte	1                       @ DW_AT_external
	.byte	20                      @ Abbrev [20] 0x36c:0xe DW_TAG_variable
	.byte	2                       @ DW_AT_location
	.byte	145
	.byte	12
	.long	.Linfo_string66         @ DW_AT_name
	.byte	3                       @ DW_AT_decl_file
	.byte	144                     @ DW_AT_decl_line
	.long	562                     @ DW_AT_type
	.byte	20                      @ Abbrev [20] 0x37a:0xe DW_TAG_variable
	.byte	2                       @ DW_AT_location
	.byte	145
	.byte	8
	.long	.Linfo_string63         @ DW_AT_name
	.byte	3                       @ DW_AT_decl_file
	.byte	145                     @ DW_AT_decl_line
	.long	529                     @ DW_AT_type
	.byte	20                      @ Abbrev [20] 0x388:0xe DW_TAG_variable
	.byte	2                       @ DW_AT_location
	.byte	145
	.byte	4
	.long	.Linfo_string64         @ DW_AT_name
	.byte	3                       @ DW_AT_decl_file
	.byte	146                     @ DW_AT_decl_line
	.long	540                     @ DW_AT_type
	.byte	0                       @ End Of Children Mark
	.byte	19                      @ Abbrev [19] 0x397:0x2f DW_TAG_subprogram
	.long	.Lfunc_begin7           @ DW_AT_low_pc
	.long	.Lfunc_end7             @ DW_AT_high_pc
	.byte	1                       @ DW_AT_frame_base
	.byte	93
	.long	.Linfo_string61         @ DW_AT_name
	.byte	3                       @ DW_AT_decl_file
	.byte	154                     @ DW_AT_decl_line
	.byte	1                       @ DW_AT_external
	.byte	20                      @ Abbrev [20] 0x3a9:0xe DW_TAG_variable
	.byte	2                       @ DW_AT_location
	.byte	145
	.byte	12
	.long	.Linfo_string63         @ DW_AT_name
	.byte	3                       @ DW_AT_decl_file
	.byte	156                     @ DW_AT_decl_line
	.long	529                     @ DW_AT_type
	.byte	20                      @ Abbrev [20] 0x3b7:0xe DW_TAG_variable
	.byte	2                       @ DW_AT_location
	.byte	145
	.byte	8
	.long	.Linfo_string64         @ DW_AT_name
	.byte	3                       @ DW_AT_decl_file
	.byte	157                     @ DW_AT_decl_line
	.long	540                     @ DW_AT_type
	.byte	0                       @ End Of Children Mark
	.byte	19                      @ Abbrev [19] 0x3c6:0x2f DW_TAG_subprogram
	.long	.Lfunc_begin8           @ DW_AT_low_pc
	.long	.Lfunc_end8             @ DW_AT_high_pc
	.byte	1                       @ DW_AT_frame_base
	.byte	93
	.long	.Linfo_string62         @ DW_AT_name
	.byte	3                       @ DW_AT_decl_file
	.byte	162                     @ DW_AT_decl_line
	.byte	1                       @ DW_AT_external
	.byte	20                      @ Abbrev [20] 0x3d8:0xe DW_TAG_variable
	.byte	2                       @ DW_AT_location
	.byte	145
	.byte	12
	.long	.Linfo_string63         @ DW_AT_name
	.byte	3                       @ DW_AT_decl_file
	.byte	164                     @ DW_AT_decl_line
	.long	529                     @ DW_AT_type
	.byte	20                      @ Abbrev [20] 0x3e6:0xe DW_TAG_variable
	.byte	2                       @ DW_AT_location
	.byte	145
	.byte	8
	.long	.Linfo_string64         @ DW_AT_name
	.byte	3                       @ DW_AT_decl_file
	.byte	165                     @ DW_AT_decl_line
	.long	540                     @ DW_AT_type
	.byte	0                       @ End Of Children Mark
	.byte	0                       @ End Of Children Mark
.Ldebug_info_end0:
	.ident	"Component: ARM Compiler 6.14 Tool: armclang [5db06c00]"
	.section	".note.GNU-stack","",%progbits
	.eabi_attribute	30, 6	@ Tag_ABI_optimization_goals
	.ARM_attribute	16, 1	@ Tag_AV_eba
	.section	.debug_line,"",%progbits
.Lline_table_start0:
