	.text
	.syntax unified
	.eabi_attribute	67, "2.09"	@ Tag_conformance
	.cpu	cortex-m23
	.eabi_attribute	6, 16	@ Tag_CPU_arch
	.eabi_attribute	7, 77	@ Tag_CPU_arch_profile
	.eabi_attribute	8, 0	@ Tag_ARM_ISA_use
	.eabi_attribute	9, 3	@ Tag_THUMB_ISA_use
	.eabi_attribute	34, 0	@ Tag_CPU_unaligned_access
	.eabi_attribute	17, 1	@ Tag_ABI_PCS_GOT_use
	.eabi_attribute	20, 2	@ Tag_ABI_FP_denormal
	.eabi_attribute	21, 0	@ Tag_ABI_FP_exceptions
	.eabi_attribute	23, 1	@ Tag_ABI_FP_number_model
	.eabi_attribute	24, 1	@ Tag_ABI_align_needed
	.eabi_attribute	25, 1	@ Tag_ABI_align_preserved
	.eabi_attribute	38, 1	@ Tag_ABI_FP_16bit_format
	.eabi_attribute	18, 2	@ Tag_ABI_PCS_wchar_t
	.eabi_attribute	26, 1	@ Tag_ABI_enum_size
	.eabi_attribute	14, 0	@ Tag_ABI_PCS_R9_use
	.file	"retarget.c"
	.file	1 "C:\\" "Keil_v5\\ARM\\ARMCLANG\\Bin\\..\\include\\stdio.h"
	.file	2 "C:\\Work\\Keil WorkSpace\\Furbo\\Keil" "../../Library/Nuvoton/M251_252_Series/StdDriver/src/retarget.c"
	.file	3 "C:\\" "Keil_v5\\ARM\\ARMCLANG\\Bin\\..\\include\\stdint.h"
	.file	4 "C:\\Work\\Keil WorkSpace\\Furbo\\Keil" "../../Library/Nuvoton/M251_252_Series/Device/Nuvoton/M251/Include/M251.h"
	.file	5 "C:\\Work\\Keil WorkSpace\\Furbo\\Keil" "../../Library/Nuvoton/M251_252_Series/Device/Nuvoton/M251/Include/uart_reg.h"
	.hidden	SH_Return               @ -- Begin function SH_Return
	.globl	SH_Return
	.p2align	1
	.type	SH_Return,%function
	.code	16                      @ @SH_Return
	.thumb_func
SH_Return:
.Lfunc_begin0:
	.loc	2 168 0                 @ ../../Library/Nuvoton/M251_252_Series/StdDriver/src/retarget.c:168:0
	.fnstart
	.cfi_sections .debug_frame
	.cfi_startproc
@ %bb.0:
	.pad	#12
	sub	sp, #12
	.cfi_def_cfa_offset 12
	str	r0, [sp, #8]
	str	r1, [sp, #4]
	str	r2, [sp]
	movs	r0, #0
.Ltmp0:
	.loc	2 169 5 prologue_end    @ ../../Library/Nuvoton/M251_252_Series/StdDriver/src/retarget.c:169:5
	add	sp, #12
	bx	lr
.Ltmp1:
.Lfunc_end0:
	.size	SH_Return, .Lfunc_end0-SH_Return
	.cfi_endproc
	.cantunwind
	.fnend
                                        @ -- End function
	.hidden	ProcessHardFault        @ -- Begin function ProcessHardFault
	.weak	ProcessHardFault
	.p2align	2
	.type	ProcessHardFault,%function
	.code	16                      @ @ProcessHardFault
	.thumb_func
ProcessHardFault:
.Lfunc_begin1:
	.loc	2 182 0                 @ ../../Library/Nuvoton/M251_252_Series/StdDriver/src/retarget.c:182:0
	.fnstart
	.cfi_startproc
@ %bb.0:
	.save	{r7, lr}
	push	{r7, lr}
	.cfi_def_cfa_offset 8
	.cfi_offset lr, -4
	.cfi_offset r7, -8
	.pad	#32
	sub	sp, #32
	.cfi_def_cfa_offset 40
	str	r0, [sp, #24]
	str	r1, [sp, #20]
	str	r2, [sp, #16]
	add	r0, sp, #24
.Ltmp2:
	.loc	2 197 13 prologue_end   @ ../../Library/Nuvoton/M251_252_Series/StdDriver/src/retarget.c:197:13
	ldrb	r0, [r0]
	lsls	r0, r0, #29
	cmp	r0, #0
	bpl	.LBB1_2
	b	.LBB1_1
.LBB1_1:
.Ltmp3:
	.loc	2 199 30                @ ../../Library/Nuvoton/M251_252_Series/StdDriver/src/retarget.c:199:30
	ldr	r0, [sp, #16]
	.loc	2 199 16 is_stmt 0      @ ../../Library/Nuvoton/M251_252_Series/StdDriver/src/retarget.c:199:16
	str	r0, [sp, #12]
	.loc	2 200 9 is_stmt 1       @ ../../Library/Nuvoton/M251_252_Series/StdDriver/src/retarget.c:200:9
	b	.LBB1_3
.Ltmp4:
.LBB1_2:
	.loc	2 203 30                @ ../../Library/Nuvoton/M251_252_Series/StdDriver/src/retarget.c:203:30
	ldr	r0, [sp, #20]
	.loc	2 203 16 is_stmt 0      @ ../../Library/Nuvoton/M251_252_Series/StdDriver/src/retarget.c:203:16
	str	r0, [sp, #12]
	b	.LBB1_3
.Ltmp5:
.LBB1_3:
	.loc	2 220 12 is_stmt 1      @ ../../Library/Nuvoton/M251_252_Series/StdDriver/src/retarget.c:220:12
	ldr	r0, [sp, #12]
	ldr	r0, [r0, #24]
	ldrh	r0, [r0]
	.loc	2 220 10 is_stmt 0      @ ../../Library/Nuvoton/M251_252_Series/StdDriver/src/retarget.c:220:10
	str	r0, [sp, #8]
.Ltmp6:
	.loc	2 222 9 is_stmt 1       @ ../../Library/Nuvoton/M251_252_Series/StdDriver/src/retarget.c:222:9
	ldr	r0, [sp, #8]
	ldr	r1, __arm_cp.1_0
.Ltmp7:
	.loc	2 222 9 is_stmt 0       @ ../../Library/Nuvoton/M251_252_Series/StdDriver/src/retarget.c:222:9
	cmp	r0, r1
	bne	.LBB1_5
	b	.LBB1_4
.LBB1_4:
.Ltmp8:
	.loc	2 228 24 is_stmt 1      @ ../../Library/Nuvoton/M251_252_Series/StdDriver/src/retarget.c:228:24
	ldr	r0, __arm_cp.1_2
	movs	r1, #0
	str	r1, [r0]
	.loc	2 229 9                 @ ../../Library/Nuvoton/M251_252_Series/StdDriver/src/retarget.c:229:9
	ldr	r0, [sp, #12]
	.loc	2 229 15 is_stmt 0      @ ../../Library/Nuvoton/M251_252_Series/StdDriver/src/retarget.c:229:15
	ldr	r1, [r0, #24]
	adds	r1, r1, #2
	str	r1, [r0, #24]
	.loc	2 230 16 is_stmt 1      @ ../../Library/Nuvoton/M251_252_Series/StdDriver/src/retarget.c:230:16
	ldr	r0, [sp, #24]
	.loc	2 230 9 is_stmt 0       @ ../../Library/Nuvoton/M251_252_Series/StdDriver/src/retarget.c:230:9
	str	r0, [sp, #28]
	b	.LBB1_9
.Ltmp9:
.LBB1_5:
	.loc	2 233 5 is_stmt 1       @ ../../Library/Nuvoton/M251_252_Series/StdDriver/src/retarget.c:233:5
	ldr	r0, __arm_cp.1_1
	bl	printf
	.loc	2 234 15                @ ../../Library/Nuvoton/M251_252_Series/StdDriver/src/retarget.c:234:15
	ldr	r1, [sp, #12]
	.loc	2 234 5 is_stmt 0       @ ../../Library/Nuvoton/M251_252_Series/StdDriver/src/retarget.c:234:5
	str	r0, [sp, #4]            @ 4-byte Spill
	mov	r0, r1
	bl	DumpStack
	.loc	2 237 5 is_stmt 1       @ ../../Library/Nuvoton/M251_252_Series/StdDriver/src/retarget.c:237:5
	b	.LBB1_6
.LBB1_6:                                @ =>This Inner Loop Header: Depth=1
	.loc	2 237 18 is_stmt 0      @ ../../Library/Nuvoton/M251_252_Series/StdDriver/src/retarget.c:237:18
	ldr	r0, [sp, #12]
	.loc	2 237 17                @ ../../Library/Nuvoton/M251_252_Series/StdDriver/src/retarget.c:237:17
	ldr	r0, [r0]
	movs	r1, #1
	.loc	2 237 15                @ ../../Library/Nuvoton/M251_252_Series/StdDriver/src/retarget.c:237:15
	orrs	r0, r1
	.loc	2 237 5                 @ ../../Library/Nuvoton/M251_252_Series/StdDriver/src/retarget.c:237:5
	cmp	r0, #0
	beq	.LBB1_8
	b	.LBB1_7
.LBB1_7:                                @   in Loop: Header=BB1_6 Depth=1
	b	.LBB1_6
.LBB1_8:
	.loc	2 239 12 is_stmt 1      @ ../../Library/Nuvoton/M251_252_Series/StdDriver/src/retarget.c:239:12
	ldr	r0, [sp, #24]
	.loc	2 239 5 is_stmt 0       @ ../../Library/Nuvoton/M251_252_Series/StdDriver/src/retarget.c:239:5
	str	r0, [sp, #28]
	b	.LBB1_9
.LBB1_9:
	.loc	2 240 1 is_stmt 1       @ ../../Library/Nuvoton/M251_252_Series/StdDriver/src/retarget.c:240:1
	ldr	r0, [sp, #28]
	add	sp, #32
	pop	{r7, pc}
.Ltmp10:
	.p2align	2
@ %bb.10:
	.loc	2 0 1 is_stmt 0         @ ../../Library/Nuvoton/M251_252_Series/StdDriver/src/retarget.c:0:1
__arm_cp.1_0:
	.long	48811                   @ 0xbeab
.Lcpi_end0:
	.size	__arm_cp.1_0, .Lcpi_end0-__arm_cp.1_0
__arm_cp.1_1:
	.long	.L.str
.Lcpi_end1:
	.size	__arm_cp.1_1, .Lcpi_end1-__arm_cp.1_1
__arm_cp.1_2:
	.long	g_ICE_Conneced
.Lcpi_end2:
	.size	__arm_cp.1_2, .Lcpi_end2-__arm_cp.1_2
.Lfunc_end1:
	.size	ProcessHardFault, .Lfunc_end1-ProcessHardFault
	.cfi_endproc
	.cantunwind
	.fnend
                                        @ -- End function
	.p2align	1               @ -- Begin function DumpStack
	.type	DumpStack,%function
	.code	16                      @ @DumpStack
	.thumb_func
DumpStack:
.Lfunc_begin2:
	.loc	2 95 0 is_stmt 1        @ ../../Library/Nuvoton/M251_252_Series/StdDriver/src/retarget.c:95:0
	.fnstart
	.cfi_startproc
@ %bb.0:
	.pad	#4
	sub	sp, #4
	.cfi_def_cfa_offset 4
	str	r0, [sp]
.Ltmp11:
	.loc	2 106 1 prologue_end    @ ../../Library/Nuvoton/M251_252_Series/StdDriver/src/retarget.c:106:1
	add	sp, #4
	bx	lr
.Ltmp12:
.Lfunc_end2:
	.size	DumpStack, .Lfunc_end2-DumpStack
	.cfi_endproc
	.cantunwind
	.fnend
                                        @ -- End function
	.hidden	SendChar_ToUART         @ -- Begin function SendChar_ToUART
	.globl	SendChar_ToUART
	.p2align	2
	.type	SendChar_ToUART,%function
	.code	16                      @ @SendChar_ToUART
	.thumb_func
SendChar_ToUART:
.Lfunc_begin3:
	.loc	2 254 0                 @ ../../Library/Nuvoton/M251_252_Series/StdDriver/src/retarget.c:254:0
	.fnstart
	.cfi_startproc
@ %bb.0:
	.pad	#4
	sub	sp, #4
	.cfi_def_cfa_offset 4
	str	r0, [sp]
.Ltmp13:
	.loc	2 255 5 prologue_end    @ ../../Library/Nuvoton/M251_252_Series/StdDriver/src/retarget.c:255:5
	b	.LBB3_1
.LBB3_1:                                @ =>This Inner Loop Header: Depth=1
	.loc	2 0 5 is_stmt 0         @ ../../Library/Nuvoton/M251_252_Series/StdDriver/src/retarget.c:0:5
	ldr	r0, __arm_cp.3_0
	.loc	2 255 24                @ ../../Library/Nuvoton/M251_252_Series/StdDriver/src/retarget.c:255:24
	ldr	r0, [r0]
	.loc	2 255 5                 @ ../../Library/Nuvoton/M251_252_Series/StdDriver/src/retarget.c:255:5
	lsls	r0, r0, #8
	cmp	r0, #0
	bpl	.LBB3_3
	b	.LBB3_2
.LBB3_2:                                @   in Loop: Header=BB3_1 Depth=1
	b	.LBB3_1
.LBB3_3:
	.loc	2 0 5                   @ ../../Library/Nuvoton/M251_252_Series/StdDriver/src/retarget.c:0:5
	mov	r0, sp
.Ltmp14:
	.loc	2 257 15 is_stmt 1      @ ../../Library/Nuvoton/M251_252_Series/StdDriver/src/retarget.c:257:15
	ldrb	r0, [r0]
.Ltmp15:
	.loc	2 257 9 is_stmt 0       @ ../../Library/Nuvoton/M251_252_Series/StdDriver/src/retarget.c:257:9
	cmp	r0, #10
	bne	.LBB3_8
	b	.LBB3_4
.LBB3_4:
	.loc	2 0 9                   @ ../../Library/Nuvoton/M251_252_Series/StdDriver/src/retarget.c:0:9
	ldr	r0, __arm_cp.3_1
	movs	r1, #13
.Ltmp16:
	.loc	2 259 19 is_stmt 1      @ ../../Library/Nuvoton/M251_252_Series/StdDriver/src/retarget.c:259:19
	str	r1, [r0]
	.loc	2 260 9                 @ ../../Library/Nuvoton/M251_252_Series/StdDriver/src/retarget.c:260:9
	b	.LBB3_5
.LBB3_5:                                @ =>This Inner Loop Header: Depth=1
	.loc	2 0 9 is_stmt 0         @ ../../Library/Nuvoton/M251_252_Series/StdDriver/src/retarget.c:0:9
	ldr	r0, __arm_cp.3_0
	.loc	2 260 28                @ ../../Library/Nuvoton/M251_252_Series/StdDriver/src/retarget.c:260:28
	ldr	r0, [r0]
	.loc	2 260 9                 @ ../../Library/Nuvoton/M251_252_Series/StdDriver/src/retarget.c:260:9
	lsls	r0, r0, #8
	cmp	r0, #0
	bpl	.LBB3_7
	b	.LBB3_6
.LBB3_6:                                @   in Loop: Header=BB3_5 Depth=1
	b	.LBB3_5
.LBB3_7:
	.loc	2 262 5 is_stmt 1       @ ../../Library/Nuvoton/M251_252_Series/StdDriver/src/retarget.c:262:5
	b	.LBB3_8
.Ltmp17:
.LBB3_8:
	.loc	2 264 30                @ ../../Library/Nuvoton/M251_252_Series/StdDriver/src/retarget.c:264:30
	ldr	r0, [sp]
	ldr	r1, __arm_cp.3_1
	.loc	2 264 18 is_stmt 0      @ ../../Library/Nuvoton/M251_252_Series/StdDriver/src/retarget.c:264:18
	str	r0, [r1]
	.loc	2 265 1 is_stmt 1       @ ../../Library/Nuvoton/M251_252_Series/StdDriver/src/retarget.c:265:1
	add	sp, #4
	bx	lr
.Ltmp18:
	.p2align	2
@ %bb.9:
	.loc	2 0 1 is_stmt 0         @ ../../Library/Nuvoton/M251_252_Series/StdDriver/src/retarget.c:0:1
__arm_cp.3_0:
	.long	1074200600              @ 0x40070018
.Lcpi_end3:
	.size	__arm_cp.3_0, .Lcpi_end3-__arm_cp.3_0
__arm_cp.3_1:
	.long	1074200576              @ 0x40070000
.Lcpi_end4:
	.size	__arm_cp.3_1, .Lcpi_end4-__arm_cp.3_1
.Lfunc_end3:
	.size	SendChar_ToUART, .Lfunc_end3-SendChar_ToUART
	.cfi_endproc
	.cantunwind
	.fnend
                                        @ -- End function
	.hidden	SendChar                @ -- Begin function SendChar
	.weak	SendChar
	.p2align	1
	.type	SendChar,%function
	.code	16                      @ @SendChar
	.thumb_func
SendChar:
.Lfunc_begin4:
	.loc	2 342 0 is_stmt 1       @ ../../Library/Nuvoton/M251_252_Series/StdDriver/src/retarget.c:342:0
	.fnstart
	.cfi_startproc
@ %bb.0:
	.save	{r7, lr}
	push	{r7, lr}
	.cfi_def_cfa_offset 8
	.cfi_offset lr, -4
	.cfi_offset r7, -8
	.pad	#8
	sub	sp, #8
	.cfi_def_cfa_offset 16
	str	r0, [sp, #4]
.Ltmp19:
	.loc	2 374 21 prologue_end   @ ../../Library/Nuvoton/M251_252_Series/StdDriver/src/retarget.c:374:21
	ldr	r0, [sp, #4]
	.loc	2 374 5 is_stmt 0       @ ../../Library/Nuvoton/M251_252_Series/StdDriver/src/retarget.c:374:5
	bl	SendChar_ToUART
	.loc	2 376 1 is_stmt 1       @ ../../Library/Nuvoton/M251_252_Series/StdDriver/src/retarget.c:376:1
	add	sp, #8
	pop	{r7, pc}
.Ltmp20:
.Lfunc_end4:
	.size	SendChar, .Lfunc_end4-SendChar
	.cfi_endproc
	.cantunwind
	.fnend
                                        @ -- End function
	.hidden	GetChar                 @ -- Begin function GetChar
	.globl	GetChar
	.p2align	2
	.type	GetChar,%function
	.code	16                      @ @GetChar
	.thumb_func
GetChar:
.Lfunc_begin5:
	.loc	2 389 0                 @ ../../Library/Nuvoton/M251_252_Series/StdDriver/src/retarget.c:389:0
	.fnstart
	.cfi_startproc
@ %bb.0:
	.loc	2 441 5 prologue_end    @ ../../Library/Nuvoton/M251_252_Series/StdDriver/src/retarget.c:441:5
	b	.LBB5_1
.LBB5_1:                                @ =>This Inner Loop Header: Depth=1
	.loc	2 0 5 is_stmt 0         @ ../../Library/Nuvoton/M251_252_Series/StdDriver/src/retarget.c:0:5
	ldr	r0, __arm_cp.5_0
.Ltmp21:
	.loc	2 443 26 is_stmt 1      @ ../../Library/Nuvoton/M251_252_Series/StdDriver/src/retarget.c:443:26
	ldr	r0, [r0]
.Ltmp22:
	.loc	2 443 13 is_stmt 0      @ ../../Library/Nuvoton/M251_252_Series/StdDriver/src/retarget.c:443:13
	lsls	r0, r0, #17
	cmp	r0, #0
	bmi	.LBB5_3
	b	.LBB5_2
.LBB5_2:
	.loc	2 0 13                  @ ../../Library/Nuvoton/M251_252_Series/StdDriver/src/retarget.c:0:13
	ldr	r0, __arm_cp.5_1
.Ltmp23:
	.loc	2 445 39 is_stmt 1      @ ../../Library/Nuvoton/M251_252_Series/StdDriver/src/retarget.c:445:39
	ldr	r0, [r0]
	.loc	2 445 13 is_stmt 0      @ ../../Library/Nuvoton/M251_252_Series/StdDriver/src/retarget.c:445:13
	uxtb	r0, r0
	bx	lr
.Ltmp24:
.LBB5_3:                                @   in Loop: Header=BB5_1 Depth=1
	.loc	2 441 5 is_stmt 1       @ ../../Library/Nuvoton/M251_252_Series/StdDriver/src/retarget.c:441:5
	b	.LBB5_1
.Ltmp25:
	.p2align	2
@ %bb.4:
	.loc	2 0 5 is_stmt 0         @ ../../Library/Nuvoton/M251_252_Series/StdDriver/src/retarget.c:0:5
__arm_cp.5_0:
	.long	1074200600              @ 0x40070018
.Lcpi_end5:
	.size	__arm_cp.5_0, .Lcpi_end5-__arm_cp.5_0
__arm_cp.5_1:
	.long	1074200576              @ 0x40070000
.Lcpi_end6:
	.size	__arm_cp.5_1, .Lcpi_end6-__arm_cp.5_1
.Lfunc_end5:
	.size	GetChar, .Lfunc_end5-GetChar
	.cfi_endproc
	.cantunwind
	.fnend
                                        @ -- End function
	.hidden	kbhit                   @ -- Begin function kbhit
	.globl	kbhit
	.p2align	2
	.type	kbhit,%function
	.code	16                      @ @kbhit
	.thumb_func
kbhit:
.Lfunc_begin6:
	.loc	2 464 0 is_stmt 1       @ ../../Library/Nuvoton/M251_252_Series/StdDriver/src/retarget.c:464:0
	.fnstart
	.cfi_startproc
@ %bb.0:
	ldr	r0, __arm_cp.6_0
.Ltmp26:
	.loc	2 465 27 prologue_end   @ ../../Library/Nuvoton/M251_252_Series/StdDriver/src/retarget.c:465:27
	ldr	r0, [r0]
	movw	r1, #16384
	.loc	2 465 35 is_stmt 0      @ ../../Library/Nuvoton/M251_252_Series/StdDriver/src/retarget.c:465:35
	ands	r0, r1
	.loc	2 465 63                @ ../../Library/Nuvoton/M251_252_Series/StdDriver/src/retarget.c:465:63
	lsrs	r0, r0, #14
	.loc	2 465 5                 @ ../../Library/Nuvoton/M251_252_Series/StdDriver/src/retarget.c:465:5
	bx	lr
.Ltmp27:
	.p2align	2
@ %bb.1:
	.loc	2 0 5                   @ ../../Library/Nuvoton/M251_252_Series/StdDriver/src/retarget.c:0:5
__arm_cp.6_0:
	.long	1074200600              @ 0x40070018
.Lcpi_end7:
	.size	__arm_cp.6_0, .Lcpi_end7-__arm_cp.6_0
.Lfunc_end6:
	.size	kbhit, .Lfunc_end6-kbhit
	.cfi_endproc
	.cantunwind
	.fnend
                                        @ -- End function
	.hidden	IsDebugFifoEmpty        @ -- Begin function IsDebugFifoEmpty
	.globl	IsDebugFifoEmpty
	.p2align	2
	.type	IsDebugFifoEmpty,%function
	.code	16                      @ @IsDebugFifoEmpty
	.thumb_func
IsDebugFifoEmpty:
.Lfunc_begin7:
	.loc	2 480 0 is_stmt 1       @ ../../Library/Nuvoton/M251_252_Series/StdDriver/src/retarget.c:480:0
	.fnstart
	.cfi_startproc
@ %bb.0:
	ldr	r0, __arm_cp.7_0
.Ltmp28:
	.loc	2 481 26 prologue_end   @ ../../Library/Nuvoton/M251_252_Series/StdDriver/src/retarget.c:481:26
	ldr	r0, [r0]
	movs	r1, #1
	lsls	r1, r1, #28
	.loc	2 481 34 is_stmt 0      @ ../../Library/Nuvoton/M251_252_Series/StdDriver/src/retarget.c:481:34
	ands	r0, r1
	.loc	2 481 63                @ ../../Library/Nuvoton/M251_252_Series/StdDriver/src/retarget.c:481:63
	lsrs	r0, r0, #28
	.loc	2 481 5                 @ ../../Library/Nuvoton/M251_252_Series/StdDriver/src/retarget.c:481:5
	bx	lr
.Ltmp29:
	.p2align	2
@ %bb.1:
	.loc	2 0 5                   @ ../../Library/Nuvoton/M251_252_Series/StdDriver/src/retarget.c:0:5
__arm_cp.7_0:
	.long	1074200600              @ 0x40070018
.Lcpi_end8:
	.size	__arm_cp.7_0, .Lcpi_end8-__arm_cp.7_0
.Lfunc_end7:
	.size	IsDebugFifoEmpty, .Lfunc_end7-IsDebugFifoEmpty
	.cfi_endproc
	.cantunwind
	.fnend
                                        @ -- End function
	.hidden	_ttywrch                @ -- Begin function _ttywrch
	.globl	_ttywrch
	.p2align	1
	.type	_ttywrch,%function
	.code	16                      @ @_ttywrch
	.thumb_func
_ttywrch:
.Lfunc_begin8:
	.loc	2 495 0 is_stmt 1       @ ../../Library/Nuvoton/M251_252_Series/StdDriver/src/retarget.c:495:0
	.fnstart
	.cfi_startproc
@ %bb.0:
	.save	{r7, lr}
	push	{r7, lr}
	.cfi_def_cfa_offset 8
	.cfi_offset lr, -4
	.cfi_offset r7, -8
	.pad	#8
	sub	sp, #8
	.cfi_def_cfa_offset 16
	str	r0, [sp, #4]
.Ltmp30:
	.loc	2 496 14 prologue_end   @ ../../Library/Nuvoton/M251_252_Series/StdDriver/src/retarget.c:496:14
	ldr	r0, [sp, #4]
	.loc	2 496 5 is_stmt 0       @ ../../Library/Nuvoton/M251_252_Series/StdDriver/src/retarget.c:496:5
	bl	SendChar
	.loc	2 497 5 is_stmt 1       @ ../../Library/Nuvoton/M251_252_Series/StdDriver/src/retarget.c:497:5
	add	sp, #8
	pop	{r7, pc}
.Ltmp31:
.Lfunc_end8:
	.size	_ttywrch, .Lfunc_end8-_ttywrch
	.cfi_endproc
	.cantunwind
	.fnend
                                        @ -- End function
	.hidden	fputc                   @ -- Begin function fputc
	.globl	fputc
	.p2align	1
	.type	fputc,%function
	.code	16                      @ @fputc
	.thumb_func
fputc:
.Lfunc_begin9:
	.loc	2 519 0                 @ ../../Library/Nuvoton/M251_252_Series/StdDriver/src/retarget.c:519:0
	.fnstart
	.cfi_startproc
@ %bb.0:
	.save	{r7, lr}
	push	{r7, lr}
	.cfi_def_cfa_offset 8
	.cfi_offset lr, -4
	.cfi_offset r7, -8
	.pad	#8
	sub	sp, #8
	.cfi_def_cfa_offset 16
	str	r0, [sp, #4]
	str	r1, [sp]
.Ltmp32:
	.loc	2 520 14 prologue_end   @ ../../Library/Nuvoton/M251_252_Series/StdDriver/src/retarget.c:520:14
	ldr	r0, [sp, #4]
	.loc	2 520 5 is_stmt 0       @ ../../Library/Nuvoton/M251_252_Series/StdDriver/src/retarget.c:520:5
	bl	SendChar
	.loc	2 521 12 is_stmt 1      @ ../../Library/Nuvoton/M251_252_Series/StdDriver/src/retarget.c:521:12
	ldr	r0, [sp, #4]
	.loc	2 521 5 is_stmt 0       @ ../../Library/Nuvoton/M251_252_Series/StdDriver/src/retarget.c:521:5
	add	sp, #8
	pop	{r7, pc}
.Ltmp33:
.Lfunc_end9:
	.size	fputc, .Lfunc_end9-fputc
	.cfi_endproc
	.cantunwind
	.fnend
                                        @ -- End function
	.hidden	fgetc                   @ -- Begin function fgetc
	.globl	fgetc
	.p2align	1
	.type	fgetc,%function
	.code	16                      @ @fgetc
	.thumb_func
fgetc:
.Lfunc_begin10:
	.loc	2 574 0 is_stmt 1       @ ../../Library/Nuvoton/M251_252_Series/StdDriver/src/retarget.c:574:0
	.fnstart
	.cfi_startproc
@ %bb.0:
	.save	{r7, lr}
	push	{r7, lr}
	.cfi_def_cfa_offset 8
	.cfi_offset lr, -4
	.cfi_offset r7, -8
	.pad	#8
	sub	sp, #8
	.cfi_def_cfa_offset 16
	str	r0, [sp, #4]
.Ltmp34:
	.loc	2 575 18 prologue_end   @ ../../Library/Nuvoton/M251_252_Series/StdDriver/src/retarget.c:575:18
	bl	GetChar
	.loc	2 575 5 is_stmt 0       @ ../../Library/Nuvoton/M251_252_Series/StdDriver/src/retarget.c:575:5
	add	sp, #8
	pop	{r7, pc}
.Ltmp35:
.Lfunc_end10:
	.size	fgetc, .Lfunc_end10-fgetc
	.cfi_endproc
	.cantunwind
	.fnend
                                        @ -- End function
	.hidden	ferror                  @ -- Begin function ferror
	.globl	ferror
	.p2align	1
	.type	ferror,%function
	.code	16                      @ @ferror
	.thumb_func
ferror:
.Lfunc_begin11:
	.loc	2 594 0 is_stmt 1       @ ../../Library/Nuvoton/M251_252_Series/StdDriver/src/retarget.c:594:0
	.fnstart
	.cfi_startproc
@ %bb.0:
	.pad	#4
	sub	sp, #4
	.cfi_def_cfa_offset 4
	str	r0, [sp]
	movs	r0, #0
	mvns	r0, r0
.Ltmp36:
	.loc	2 595 5 prologue_end    @ ../../Library/Nuvoton/M251_252_Series/StdDriver/src/retarget.c:595:5
	add	sp, #4
	bx	lr
.Ltmp37:
.Lfunc_end11:
	.size	ferror, .Lfunc_end11-ferror
	.cfi_endproc
	.cantunwind
	.fnend
                                        @ -- End function
	.type	g_ICE_Conneced,%object  @ @g_ICE_Conneced
	.section	.data.g_ICE_Conneced,"aw",%progbits
	.p2align	2
g_ICE_Conneced:
	.long	1                       @ 0x1
	.size	g_ICE_Conneced, 4

	.type	.L.str,%object          @ @.str
	.section	.rodata.str1.1,"aMS",%progbits,1
.L.str:
	.asciz	"  HardFault!\n\n"
	.size	.L.str, 15

	.hidden	__stdout                @ @__stdout
	.type	__stdout,%object
	.section	.bss.__stdout,"aw",%nobits
	.globl	__stdout
	.p2align	2
__stdout:
.L__stdout$local:
	.zero	84
	.size	__stdout, 84

	.hidden	__stdin                 @ @__stdin
	.type	__stdin,%object
	.section	.bss.__stdin,"aw",%nobits
	.globl	__stdin
	.p2align	2
__stdin:
.L__stdin$local:
	.zero	84
	.size	__stdin, 84

	.section	.debug_str,"MS",%progbits,1
.Linfo_string0:
	.asciz	"Component: ARM Compiler 6.14 Tool: armclang [5db06c00]" @ string offset=0
.Linfo_string1:
	.asciz	"../../Library/Nuvoton/M251_252_Series/StdDriver/src\\retarget.c" @ string offset=55
.Linfo_string2:
	.asciz	"C:\\Work\\Keil WorkSpace\\Furbo\\Keil" @ string offset=118
.Linfo_string3:
	.asciz	"__stdout"              @ string offset=152
.Linfo_string4:
	.asciz	"__FILE_opaque"         @ string offset=161
.Linfo_string5:
	.asciz	"__FILE_alignment"      @ string offset=175
.Linfo_string6:
	.asciz	"long int"              @ string offset=192
.Linfo_string7:
	.asciz	"__FILE_size"           @ string offset=201
.Linfo_string8:
	.asciz	"char"                  @ string offset=213
.Linfo_string9:
	.asciz	"__ARRAY_SIZE_TYPE__"   @ string offset=218
.Linfo_string10:
	.asciz	"__FILE"                @ string offset=238
.Linfo_string11:
	.asciz	"FILE"                  @ string offset=245
.Linfo_string12:
	.asciz	"__stdin"               @ string offset=250
.Linfo_string13:
	.asciz	"g_ICE_Conneced"        @ string offset=258
.Linfo_string14:
	.asciz	"int"                   @ string offset=273
.Linfo_string15:
	.asciz	"int32_t"               @ string offset=277
.Linfo_string16:
	.asciz	"unsigned int"          @ string offset=285
.Linfo_string17:
	.asciz	"uint32_t"              @ string offset=298
.Linfo_string18:
	.asciz	"unsigned short"        @ string offset=307
.Linfo_string19:
	.asciz	"vu16"                  @ string offset=322
.Linfo_string20:
	.asciz	"DAT"                   @ string offset=327
.Linfo_string21:
	.asciz	"INTEN"                 @ string offset=331
.Linfo_string22:
	.asciz	"FIFO"                  @ string offset=337
.Linfo_string23:
	.asciz	"LINE"                  @ string offset=342
.Linfo_string24:
	.asciz	"MODEM"                 @ string offset=347
.Linfo_string25:
	.asciz	"MODEMSTS"              @ string offset=353
.Linfo_string26:
	.asciz	"FIFOSTS"               @ string offset=362
.Linfo_string27:
	.asciz	"INTSTS"                @ string offset=370
.Linfo_string28:
	.asciz	"TOUT"                  @ string offset=377
.Linfo_string29:
	.asciz	"BAUD"                  @ string offset=382
.Linfo_string30:
	.asciz	"IRDA"                  @ string offset=387
.Linfo_string31:
	.asciz	"ALTCTL"                @ string offset=392
.Linfo_string32:
	.asciz	"FUNCSEL"               @ string offset=399
.Linfo_string33:
	.asciz	"LINCTL"                @ string offset=407
.Linfo_string34:
	.asciz	"LINSTS"                @ string offset=414
.Linfo_string35:
	.asciz	"BRCOMP"                @ string offset=421
.Linfo_string36:
	.asciz	"WKCTL"                 @ string offset=428
.Linfo_string37:
	.asciz	"WKSTS"                 @ string offset=434
.Linfo_string38:
	.asciz	"DWKCOMP"               @ string offset=440
.Linfo_string39:
	.asciz	"UART_T"                @ string offset=448
.Linfo_string40:
	.asciz	"SH_Return"             @ string offset=455
.Linfo_string41:
	.asciz	"ProcessHardFault"      @ string offset=465
.Linfo_string42:
	.asciz	"DumpStack"             @ string offset=482
.Linfo_string43:
	.asciz	"SendChar_ToUART"       @ string offset=492
.Linfo_string44:
	.asciz	"SendChar"              @ string offset=508
.Linfo_string45:
	.asciz	"GetChar"               @ string offset=517
.Linfo_string46:
	.asciz	"kbhit"                 @ string offset=525
.Linfo_string47:
	.asciz	"IsDebugFifoEmpty"      @ string offset=531
.Linfo_string48:
	.asciz	"_ttywrch"              @ string offset=548
.Linfo_string49:
	.asciz	"fputc"                 @ string offset=557
.Linfo_string50:
	.asciz	"fgetc"                 @ string offset=563
.Linfo_string51:
	.asciz	"ferror"                @ string offset=569
.Linfo_string52:
	.asciz	"n32In_R0"              @ string offset=576
.Linfo_string53:
	.asciz	"n32In_R1"              @ string offset=585
.Linfo_string54:
	.asciz	"pn32Out_R0"            @ string offset=594
.Linfo_string55:
	.asciz	"lr"                    @ string offset=605
.Linfo_string56:
	.asciz	"msp"                   @ string offset=608
.Linfo_string57:
	.asciz	"psp"                   @ string offset=612
.Linfo_string58:
	.asciz	"sp"                    @ string offset=616
.Linfo_string59:
	.asciz	"inst"                  @ string offset=619
.Linfo_string60:
	.asciz	"stack"                 @ string offset=624
.Linfo_string61:
	.asciz	"ch"                    @ string offset=630
.Linfo_string62:
	.asciz	"stream"                @ string offset=633
	.section	.debug_abbrev,"",%progbits
	.byte	1                       @ Abbreviation Code
	.byte	17                      @ DW_TAG_compile_unit
	.byte	1                       @ DW_CHILDREN_yes
	.byte	37                      @ DW_AT_producer
	.byte	14                      @ DW_FORM_strp
	.byte	19                      @ DW_AT_language
	.byte	5                       @ DW_FORM_data2
	.byte	3                       @ DW_AT_name
	.byte	14                      @ DW_FORM_strp
	.byte	16                      @ DW_AT_stmt_list
	.byte	6                       @ DW_FORM_data4
	.byte	27                      @ DW_AT_comp_dir
	.byte	14                      @ DW_FORM_strp
	.byte	17                      @ DW_AT_low_pc
	.byte	1                       @ DW_FORM_addr
	.byte	18                      @ DW_AT_high_pc
	.byte	1                       @ DW_FORM_addr
	.byte	0                       @ EOM(1)
	.byte	0                       @ EOM(2)
	.byte	2                       @ Abbreviation Code
	.byte	52                      @ DW_TAG_variable
	.byte	0                       @ DW_CHILDREN_no
	.byte	3                       @ DW_AT_name
	.byte	14                      @ DW_FORM_strp
	.byte	73                      @ DW_AT_type
	.byte	19                      @ DW_FORM_ref4
	.byte	63                      @ DW_AT_external
	.byte	12                      @ DW_FORM_flag
	.byte	58                      @ DW_AT_decl_file
	.byte	11                      @ DW_FORM_data1
	.byte	59                      @ DW_AT_decl_line
	.byte	11                      @ DW_FORM_data1
	.byte	2                       @ DW_AT_location
	.byte	10                      @ DW_FORM_block1
	.byte	0                       @ EOM(1)
	.byte	0                       @ EOM(2)
	.byte	3                       @ Abbreviation Code
	.byte	22                      @ DW_TAG_typedef
	.byte	0                       @ DW_CHILDREN_no
	.byte	73                      @ DW_AT_type
	.byte	19                      @ DW_FORM_ref4
	.byte	3                       @ DW_AT_name
	.byte	14                      @ DW_FORM_strp
	.byte	58                      @ DW_AT_decl_file
	.byte	11                      @ DW_FORM_data1
	.byte	59                      @ DW_AT_decl_line
	.byte	11                      @ DW_FORM_data1
	.byte	0                       @ EOM(1)
	.byte	0                       @ EOM(2)
	.byte	4                       @ Abbreviation Code
	.byte	19                      @ DW_TAG_structure_type
	.byte	1                       @ DW_CHILDREN_yes
	.byte	3                       @ DW_AT_name
	.byte	14                      @ DW_FORM_strp
	.byte	11                      @ DW_AT_byte_size
	.byte	11                      @ DW_FORM_data1
	.byte	58                      @ DW_AT_decl_file
	.byte	11                      @ DW_FORM_data1
	.byte	59                      @ DW_AT_decl_line
	.byte	11                      @ DW_FORM_data1
	.byte	0                       @ EOM(1)
	.byte	0                       @ EOM(2)
	.byte	5                       @ Abbreviation Code
	.byte	13                      @ DW_TAG_member
	.byte	0                       @ DW_CHILDREN_no
	.byte	3                       @ DW_AT_name
	.byte	14                      @ DW_FORM_strp
	.byte	73                      @ DW_AT_type
	.byte	19                      @ DW_FORM_ref4
	.byte	58                      @ DW_AT_decl_file
	.byte	11                      @ DW_FORM_data1
	.byte	59                      @ DW_AT_decl_line
	.byte	11                      @ DW_FORM_data1
	.byte	56                      @ DW_AT_data_member_location
	.byte	11                      @ DW_FORM_data1
	.byte	0                       @ EOM(1)
	.byte	0                       @ EOM(2)
	.byte	6                       @ Abbreviation Code
	.byte	23                      @ DW_TAG_union_type
	.byte	1                       @ DW_CHILDREN_yes
	.byte	11                      @ DW_AT_byte_size
	.byte	11                      @ DW_FORM_data1
	.byte	58                      @ DW_AT_decl_file
	.byte	11                      @ DW_FORM_data1
	.byte	59                      @ DW_AT_decl_line
	.byte	11                      @ DW_FORM_data1
	.byte	0                       @ EOM(1)
	.byte	0                       @ EOM(2)
	.byte	7                       @ Abbreviation Code
	.byte	36                      @ DW_TAG_base_type
	.byte	0                       @ DW_CHILDREN_no
	.byte	3                       @ DW_AT_name
	.byte	14                      @ DW_FORM_strp
	.byte	62                      @ DW_AT_encoding
	.byte	11                      @ DW_FORM_data1
	.byte	11                      @ DW_AT_byte_size
	.byte	11                      @ DW_FORM_data1
	.byte	0                       @ EOM(1)
	.byte	0                       @ EOM(2)
	.byte	8                       @ Abbreviation Code
	.byte	1                       @ DW_TAG_array_type
	.byte	1                       @ DW_CHILDREN_yes
	.byte	73                      @ DW_AT_type
	.byte	19                      @ DW_FORM_ref4
	.byte	0                       @ EOM(1)
	.byte	0                       @ EOM(2)
	.byte	9                       @ Abbreviation Code
	.byte	33                      @ DW_TAG_subrange_type
	.byte	0                       @ DW_CHILDREN_no
	.byte	73                      @ DW_AT_type
	.byte	19                      @ DW_FORM_ref4
	.byte	55                      @ DW_AT_count
	.byte	11                      @ DW_FORM_data1
	.byte	0                       @ EOM(1)
	.byte	0                       @ EOM(2)
	.byte	10                      @ Abbreviation Code
	.byte	36                      @ DW_TAG_base_type
	.byte	0                       @ DW_CHILDREN_no
	.byte	3                       @ DW_AT_name
	.byte	14                      @ DW_FORM_strp
	.byte	11                      @ DW_AT_byte_size
	.byte	11                      @ DW_FORM_data1
	.byte	62                      @ DW_AT_encoding
	.byte	11                      @ DW_FORM_data1
	.byte	0                       @ EOM(1)
	.byte	0                       @ EOM(2)
	.byte	11                      @ Abbreviation Code
	.byte	52                      @ DW_TAG_variable
	.byte	0                       @ DW_CHILDREN_no
	.byte	3                       @ DW_AT_name
	.byte	14                      @ DW_FORM_strp
	.byte	73                      @ DW_AT_type
	.byte	19                      @ DW_FORM_ref4
	.byte	58                      @ DW_AT_decl_file
	.byte	11                      @ DW_FORM_data1
	.byte	59                      @ DW_AT_decl_line
	.byte	11                      @ DW_FORM_data1
	.byte	2                       @ DW_AT_location
	.byte	10                      @ DW_FORM_block1
	.byte	0                       @ EOM(1)
	.byte	0                       @ EOM(2)
	.byte	12                      @ Abbreviation Code
	.byte	53                      @ DW_TAG_volatile_type
	.byte	0                       @ DW_CHILDREN_no
	.byte	73                      @ DW_AT_type
	.byte	19                      @ DW_FORM_ref4
	.byte	0                       @ EOM(1)
	.byte	0                       @ EOM(2)
	.byte	13                      @ Abbreviation Code
	.byte	15                      @ DW_TAG_pointer_type
	.byte	0                       @ DW_CHILDREN_no
	.byte	73                      @ DW_AT_type
	.byte	19                      @ DW_FORM_ref4
	.byte	0                       @ EOM(1)
	.byte	0                       @ EOM(2)
	.byte	14                      @ Abbreviation Code
	.byte	22                      @ DW_TAG_typedef
	.byte	0                       @ DW_CHILDREN_no
	.byte	73                      @ DW_AT_type
	.byte	19                      @ DW_FORM_ref4
	.byte	3                       @ DW_AT_name
	.byte	14                      @ DW_FORM_strp
	.byte	58                      @ DW_AT_decl_file
	.byte	11                      @ DW_FORM_data1
	.byte	59                      @ DW_AT_decl_line
	.byte	5                       @ DW_FORM_data2
	.byte	0                       @ EOM(1)
	.byte	0                       @ EOM(2)
	.byte	15                      @ Abbreviation Code
	.byte	19                      @ DW_TAG_structure_type
	.byte	1                       @ DW_CHILDREN_yes
	.byte	11                      @ DW_AT_byte_size
	.byte	11                      @ DW_FORM_data1
	.byte	58                      @ DW_AT_decl_file
	.byte	11                      @ DW_FORM_data1
	.byte	59                      @ DW_AT_decl_line
	.byte	11                      @ DW_FORM_data1
	.byte	0                       @ EOM(1)
	.byte	0                       @ EOM(2)
	.byte	16                      @ Abbreviation Code
	.byte	13                      @ DW_TAG_member
	.byte	0                       @ DW_CHILDREN_no
	.byte	3                       @ DW_AT_name
	.byte	14                      @ DW_FORM_strp
	.byte	73                      @ DW_AT_type
	.byte	19                      @ DW_FORM_ref4
	.byte	58                      @ DW_AT_decl_file
	.byte	11                      @ DW_FORM_data1
	.byte	59                      @ DW_AT_decl_line
	.byte	5                       @ DW_FORM_data2
	.byte	56                      @ DW_AT_data_member_location
	.byte	11                      @ DW_FORM_data1
	.byte	0                       @ EOM(1)
	.byte	0                       @ EOM(2)
	.byte	17                      @ Abbreviation Code
	.byte	46                      @ DW_TAG_subprogram
	.byte	1                       @ DW_CHILDREN_yes
	.byte	17                      @ DW_AT_low_pc
	.byte	1                       @ DW_FORM_addr
	.byte	18                      @ DW_AT_high_pc
	.byte	1                       @ DW_FORM_addr
	.byte	64                      @ DW_AT_frame_base
	.byte	10                      @ DW_FORM_block1
	.byte	3                       @ DW_AT_name
	.byte	14                      @ DW_FORM_strp
	.byte	58                      @ DW_AT_decl_file
	.byte	11                      @ DW_FORM_data1
	.byte	59                      @ DW_AT_decl_line
	.byte	11                      @ DW_FORM_data1
	.byte	39                      @ DW_AT_prototyped
	.byte	12                      @ DW_FORM_flag
	.byte	73                      @ DW_AT_type
	.byte	19                      @ DW_FORM_ref4
	.byte	63                      @ DW_AT_external
	.byte	12                      @ DW_FORM_flag
	.byte	0                       @ EOM(1)
	.byte	0                       @ EOM(2)
	.byte	18                      @ Abbreviation Code
	.byte	5                       @ DW_TAG_formal_parameter
	.byte	0                       @ DW_CHILDREN_no
	.byte	2                       @ DW_AT_location
	.byte	10                      @ DW_FORM_block1
	.byte	3                       @ DW_AT_name
	.byte	14                      @ DW_FORM_strp
	.byte	58                      @ DW_AT_decl_file
	.byte	11                      @ DW_FORM_data1
	.byte	59                      @ DW_AT_decl_line
	.byte	11                      @ DW_FORM_data1
	.byte	73                      @ DW_AT_type
	.byte	19                      @ DW_FORM_ref4
	.byte	0                       @ EOM(1)
	.byte	0                       @ EOM(2)
	.byte	19                      @ Abbreviation Code
	.byte	52                      @ DW_TAG_variable
	.byte	0                       @ DW_CHILDREN_no
	.byte	2                       @ DW_AT_location
	.byte	10                      @ DW_FORM_block1
	.byte	3                       @ DW_AT_name
	.byte	14                      @ DW_FORM_strp
	.byte	58                      @ DW_AT_decl_file
	.byte	11                      @ DW_FORM_data1
	.byte	59                      @ DW_AT_decl_line
	.byte	11                      @ DW_FORM_data1
	.byte	73                      @ DW_AT_type
	.byte	19                      @ DW_FORM_ref4
	.byte	0                       @ EOM(1)
	.byte	0                       @ EOM(2)
	.byte	20                      @ Abbreviation Code
	.byte	46                      @ DW_TAG_subprogram
	.byte	1                       @ DW_CHILDREN_yes
	.byte	17                      @ DW_AT_low_pc
	.byte	1                       @ DW_FORM_addr
	.byte	18                      @ DW_AT_high_pc
	.byte	1                       @ DW_FORM_addr
	.byte	64                      @ DW_AT_frame_base
	.byte	10                      @ DW_FORM_block1
	.byte	3                       @ DW_AT_name
	.byte	14                      @ DW_FORM_strp
	.byte	58                      @ DW_AT_decl_file
	.byte	11                      @ DW_FORM_data1
	.byte	59                      @ DW_AT_decl_line
	.byte	11                      @ DW_FORM_data1
	.byte	39                      @ DW_AT_prototyped
	.byte	12                      @ DW_FORM_flag
	.byte	0                       @ EOM(1)
	.byte	0                       @ EOM(2)
	.byte	21                      @ Abbreviation Code
	.byte	46                      @ DW_TAG_subprogram
	.byte	1                       @ DW_CHILDREN_yes
	.byte	17                      @ DW_AT_low_pc
	.byte	1                       @ DW_FORM_addr
	.byte	18                      @ DW_AT_high_pc
	.byte	1                       @ DW_FORM_addr
	.byte	64                      @ DW_AT_frame_base
	.byte	10                      @ DW_FORM_block1
	.byte	3                       @ DW_AT_name
	.byte	14                      @ DW_FORM_strp
	.byte	58                      @ DW_AT_decl_file
	.byte	11                      @ DW_FORM_data1
	.byte	59                      @ DW_AT_decl_line
	.byte	11                      @ DW_FORM_data1
	.byte	39                      @ DW_AT_prototyped
	.byte	12                      @ DW_FORM_flag
	.byte	63                      @ DW_AT_external
	.byte	12                      @ DW_FORM_flag
	.byte	0                       @ EOM(1)
	.byte	0                       @ EOM(2)
	.byte	22                      @ Abbreviation Code
	.byte	46                      @ DW_TAG_subprogram
	.byte	1                       @ DW_CHILDREN_yes
	.byte	17                      @ DW_AT_low_pc
	.byte	1                       @ DW_FORM_addr
	.byte	18                      @ DW_AT_high_pc
	.byte	1                       @ DW_FORM_addr
	.byte	64                      @ DW_AT_frame_base
	.byte	10                      @ DW_FORM_block1
	.byte	3                       @ DW_AT_name
	.byte	14                      @ DW_FORM_strp
	.byte	58                      @ DW_AT_decl_file
	.byte	11                      @ DW_FORM_data1
	.byte	59                      @ DW_AT_decl_line
	.byte	5                       @ DW_FORM_data2
	.byte	39                      @ DW_AT_prototyped
	.byte	12                      @ DW_FORM_flag
	.byte	63                      @ DW_AT_external
	.byte	12                      @ DW_FORM_flag
	.byte	0                       @ EOM(1)
	.byte	0                       @ EOM(2)
	.byte	23                      @ Abbreviation Code
	.byte	5                       @ DW_TAG_formal_parameter
	.byte	0                       @ DW_CHILDREN_no
	.byte	2                       @ DW_AT_location
	.byte	10                      @ DW_FORM_block1
	.byte	3                       @ DW_AT_name
	.byte	14                      @ DW_FORM_strp
	.byte	58                      @ DW_AT_decl_file
	.byte	11                      @ DW_FORM_data1
	.byte	59                      @ DW_AT_decl_line
	.byte	5                       @ DW_FORM_data2
	.byte	73                      @ DW_AT_type
	.byte	19                      @ DW_FORM_ref4
	.byte	0                       @ EOM(1)
	.byte	0                       @ EOM(2)
	.byte	24                      @ Abbreviation Code
	.byte	46                      @ DW_TAG_subprogram
	.byte	0                       @ DW_CHILDREN_no
	.byte	17                      @ DW_AT_low_pc
	.byte	1                       @ DW_FORM_addr
	.byte	18                      @ DW_AT_high_pc
	.byte	1                       @ DW_FORM_addr
	.byte	64                      @ DW_AT_frame_base
	.byte	10                      @ DW_FORM_block1
	.byte	3                       @ DW_AT_name
	.byte	14                      @ DW_FORM_strp
	.byte	58                      @ DW_AT_decl_file
	.byte	11                      @ DW_FORM_data1
	.byte	59                      @ DW_AT_decl_line
	.byte	5                       @ DW_FORM_data2
	.byte	39                      @ DW_AT_prototyped
	.byte	12                      @ DW_FORM_flag
	.byte	73                      @ DW_AT_type
	.byte	19                      @ DW_FORM_ref4
	.byte	63                      @ DW_AT_external
	.byte	12                      @ DW_FORM_flag
	.byte	0                       @ EOM(1)
	.byte	0                       @ EOM(2)
	.byte	25                      @ Abbreviation Code
	.byte	46                      @ DW_TAG_subprogram
	.byte	1                       @ DW_CHILDREN_yes
	.byte	17                      @ DW_AT_low_pc
	.byte	1                       @ DW_FORM_addr
	.byte	18                      @ DW_AT_high_pc
	.byte	1                       @ DW_FORM_addr
	.byte	64                      @ DW_AT_frame_base
	.byte	10                      @ DW_FORM_block1
	.byte	3                       @ DW_AT_name
	.byte	14                      @ DW_FORM_strp
	.byte	58                      @ DW_AT_decl_file
	.byte	11                      @ DW_FORM_data1
	.byte	59                      @ DW_AT_decl_line
	.byte	5                       @ DW_FORM_data2
	.byte	39                      @ DW_AT_prototyped
	.byte	12                      @ DW_FORM_flag
	.byte	73                      @ DW_AT_type
	.byte	19                      @ DW_FORM_ref4
	.byte	63                      @ DW_AT_external
	.byte	12                      @ DW_FORM_flag
	.byte	0                       @ EOM(1)
	.byte	0                       @ EOM(2)
	.byte	0                       @ EOM(3)
	.section	.debug_info,"",%progbits
.Lcu_begin0:
	.long	.Ldebug_info_end0-.Ldebug_info_start0 @ Length of Unit
.Ldebug_info_start0:
	.short	3                       @ DWARF version number
	.long	.debug_abbrev           @ Offset Into Abbrev. Section
	.byte	4                       @ Address Size (in bytes)
	.byte	1                       @ Abbrev [1] 0xb:0x410 DW_TAG_compile_unit
	.long	.Linfo_string0          @ DW_AT_producer
	.short	1                       @ DW_AT_language
	.long	.Linfo_string1          @ DW_AT_name
	.long	.Lline_table_start0     @ DW_AT_stmt_list
	.long	.Linfo_string2          @ DW_AT_comp_dir
	.long	.Lfunc_begin0           @ DW_AT_low_pc
	.long	.Lfunc_end11            @ DW_AT_high_pc
	.byte	2                       @ Abbrev [2] 0x26:0x12 DW_TAG_variable
	.long	.Linfo_string3          @ DW_AT_name
	.long	56                      @ DW_AT_type
	.byte	1                       @ DW_AT_external
	.byte	2                       @ DW_AT_decl_file
	.byte	48                      @ DW_AT_decl_line
	.byte	5                       @ DW_AT_location
	.byte	3
	.long	__stdout
	.byte	3                       @ Abbrev [3] 0x38:0xb DW_TAG_typedef
	.long	67                      @ DW_AT_type
	.long	.Linfo_string11         @ DW_AT_name
	.byte	1                       @ DW_AT_decl_file
	.byte	108                     @ DW_AT_decl_line
	.byte	4                       @ Abbrev [4] 0x43:0x32 DW_TAG_structure_type
	.long	.Linfo_string10         @ DW_AT_name
	.byte	84                      @ DW_AT_byte_size
	.byte	1                       @ DW_AT_decl_file
	.byte	119                     @ DW_AT_decl_line
	.byte	5                       @ Abbrev [5] 0x4b:0xc DW_TAG_member
	.long	.Linfo_string4          @ DW_AT_name
	.long	87                      @ DW_AT_type
	.byte	1                       @ DW_AT_decl_file
	.byte	127                     @ DW_AT_decl_line
	.byte	0                       @ DW_AT_data_member_location
	.byte	6                       @ Abbrev [6] 0x57:0x1d DW_TAG_union_type
	.byte	84                      @ DW_AT_byte_size
	.byte	1                       @ DW_AT_decl_file
	.byte	120                     @ DW_AT_decl_line
	.byte	5                       @ Abbrev [5] 0x5b:0xc DW_TAG_member
	.long	.Linfo_string5          @ DW_AT_name
	.long	117                     @ DW_AT_type
	.byte	1                       @ DW_AT_decl_file
	.byte	121                     @ DW_AT_decl_line
	.byte	0                       @ DW_AT_data_member_location
	.byte	5                       @ Abbrev [5] 0x67:0xc DW_TAG_member
	.long	.Linfo_string7          @ DW_AT_name
	.long	124                     @ DW_AT_type
	.byte	1                       @ DW_AT_decl_file
	.byte	125                     @ DW_AT_decl_line
	.byte	0                       @ DW_AT_data_member_location
	.byte	0                       @ End Of Children Mark
	.byte	0                       @ End Of Children Mark
	.byte	7                       @ Abbrev [7] 0x75:0x7 DW_TAG_base_type
	.long	.Linfo_string6          @ DW_AT_name
	.byte	5                       @ DW_AT_encoding
	.byte	4                       @ DW_AT_byte_size
	.byte	8                       @ Abbrev [8] 0x7c:0xc DW_TAG_array_type
	.long	136                     @ DW_AT_type
	.byte	9                       @ Abbrev [9] 0x81:0x6 DW_TAG_subrange_type
	.long	143                     @ DW_AT_type
	.byte	84                      @ DW_AT_count
	.byte	0                       @ End Of Children Mark
	.byte	7                       @ Abbrev [7] 0x88:0x7 DW_TAG_base_type
	.long	.Linfo_string8          @ DW_AT_name
	.byte	8                       @ DW_AT_encoding
	.byte	1                       @ DW_AT_byte_size
	.byte	10                      @ Abbrev [10] 0x8f:0x7 DW_TAG_base_type
	.long	.Linfo_string9          @ DW_AT_name
	.byte	8                       @ DW_AT_byte_size
	.byte	7                       @ DW_AT_encoding
	.byte	2                       @ Abbrev [2] 0x96:0x12 DW_TAG_variable
	.long	.Linfo_string12         @ DW_AT_name
	.long	56                      @ DW_AT_type
	.byte	1                       @ DW_AT_external
	.byte	2                       @ DW_AT_decl_file
	.byte	49                      @ DW_AT_decl_line
	.byte	5                       @ DW_AT_location
	.byte	3
	.long	__stdin
	.byte	11                      @ Abbrev [11] 0xa8:0x11 DW_TAG_variable
	.long	.Linfo_string13         @ DW_AT_name
	.long	185                     @ DW_AT_type
	.byte	2                       @ DW_AT_decl_file
	.byte	84                      @ DW_AT_decl_line
	.byte	5                       @ DW_AT_location
	.byte	3
	.long	g_ICE_Conneced
	.byte	12                      @ Abbrev [12] 0xb9:0x5 DW_TAG_volatile_type
	.long	190                     @ DW_AT_type
	.byte	3                       @ Abbrev [3] 0xbe:0xb DW_TAG_typedef
	.long	201                     @ DW_AT_type
	.long	.Linfo_string15         @ DW_AT_name
	.byte	3                       @ DW_AT_decl_file
	.byte	58                      @ DW_AT_decl_line
	.byte	7                       @ Abbrev [7] 0xc9:0x7 DW_TAG_base_type
	.long	.Linfo_string14         @ DW_AT_name
	.byte	5                       @ DW_AT_encoding
	.byte	4                       @ DW_AT_byte_size
	.byte	13                      @ Abbrev [13] 0xd0:0x5 DW_TAG_pointer_type
	.long	213                     @ DW_AT_type
	.byte	3                       @ Abbrev [3] 0xd5:0xb DW_TAG_typedef
	.long	224                     @ DW_AT_type
	.long	.Linfo_string17         @ DW_AT_name
	.byte	3                       @ DW_AT_decl_file
	.byte	64                      @ DW_AT_decl_line
	.byte	7                       @ Abbrev [7] 0xe0:0x7 DW_TAG_base_type
	.long	.Linfo_string16         @ DW_AT_name
	.byte	7                       @ DW_AT_encoding
	.byte	4                       @ DW_AT_byte_size
	.byte	13                      @ Abbrev [13] 0xe7:0x5 DW_TAG_pointer_type
	.long	236                     @ DW_AT_type
	.byte	14                      @ Abbrev [14] 0xec:0xc DW_TAG_typedef
	.long	248                     @ DW_AT_type
	.long	.Linfo_string19         @ DW_AT_name
	.byte	4                       @ DW_AT_decl_file
	.short	412                     @ DW_AT_decl_line
	.byte	12                      @ Abbrev [12] 0xf8:0x5 DW_TAG_volatile_type
	.long	253                     @ DW_AT_type
	.byte	7                       @ Abbrev [7] 0xfd:0x7 DW_TAG_base_type
	.long	.Linfo_string18         @ DW_AT_name
	.byte	7                       @ DW_AT_encoding
	.byte	2                       @ DW_AT_byte_size
	.byte	13                      @ Abbrev [13] 0x104:0x5 DW_TAG_pointer_type
	.long	265                     @ DW_AT_type
	.byte	14                      @ Abbrev [14] 0x109:0xc DW_TAG_typedef
	.long	277                     @ DW_AT_type
	.long	.Linfo_string39         @ DW_AT_name
	.byte	5                       @ DW_AT_decl_file
	.short	867                     @ DW_AT_decl_line
	.byte	15                      @ Abbrev [15] 0x115:0xfc DW_TAG_structure_type
	.byte	76                      @ DW_AT_byte_size
	.byte	5                       @ DW_AT_decl_file
	.byte	27                      @ DW_AT_decl_line
	.byte	16                      @ Abbrev [16] 0x119:0xd DW_TAG_member
	.long	.Linfo_string20         @ DW_AT_name
	.long	529                     @ DW_AT_type
	.byte	5                       @ DW_AT_decl_file
	.short	847                     @ DW_AT_decl_line
	.byte	0                       @ DW_AT_data_member_location
	.byte	16                      @ Abbrev [16] 0x126:0xd DW_TAG_member
	.long	.Linfo_string21         @ DW_AT_name
	.long	529                     @ DW_AT_type
	.byte	5                       @ DW_AT_decl_file
	.short	848                     @ DW_AT_decl_line
	.byte	4                       @ DW_AT_data_member_location
	.byte	16                      @ Abbrev [16] 0x133:0xd DW_TAG_member
	.long	.Linfo_string22         @ DW_AT_name
	.long	529                     @ DW_AT_type
	.byte	5                       @ DW_AT_decl_file
	.short	849                     @ DW_AT_decl_line
	.byte	8                       @ DW_AT_data_member_location
	.byte	16                      @ Abbrev [16] 0x140:0xd DW_TAG_member
	.long	.Linfo_string23         @ DW_AT_name
	.long	529                     @ DW_AT_type
	.byte	5                       @ DW_AT_decl_file
	.short	850                     @ DW_AT_decl_line
	.byte	12                      @ DW_AT_data_member_location
	.byte	16                      @ Abbrev [16] 0x14d:0xd DW_TAG_member
	.long	.Linfo_string24         @ DW_AT_name
	.long	529                     @ DW_AT_type
	.byte	5                       @ DW_AT_decl_file
	.short	851                     @ DW_AT_decl_line
	.byte	16                      @ DW_AT_data_member_location
	.byte	16                      @ Abbrev [16] 0x15a:0xd DW_TAG_member
	.long	.Linfo_string25         @ DW_AT_name
	.long	529                     @ DW_AT_type
	.byte	5                       @ DW_AT_decl_file
	.short	852                     @ DW_AT_decl_line
	.byte	20                      @ DW_AT_data_member_location
	.byte	16                      @ Abbrev [16] 0x167:0xd DW_TAG_member
	.long	.Linfo_string26         @ DW_AT_name
	.long	529                     @ DW_AT_type
	.byte	5                       @ DW_AT_decl_file
	.short	853                     @ DW_AT_decl_line
	.byte	24                      @ DW_AT_data_member_location
	.byte	16                      @ Abbrev [16] 0x174:0xd DW_TAG_member
	.long	.Linfo_string27         @ DW_AT_name
	.long	529                     @ DW_AT_type
	.byte	5                       @ DW_AT_decl_file
	.short	854                     @ DW_AT_decl_line
	.byte	28                      @ DW_AT_data_member_location
	.byte	16                      @ Abbrev [16] 0x181:0xd DW_TAG_member
	.long	.Linfo_string28         @ DW_AT_name
	.long	529                     @ DW_AT_type
	.byte	5                       @ DW_AT_decl_file
	.short	855                     @ DW_AT_decl_line
	.byte	32                      @ DW_AT_data_member_location
	.byte	16                      @ Abbrev [16] 0x18e:0xd DW_TAG_member
	.long	.Linfo_string29         @ DW_AT_name
	.long	529                     @ DW_AT_type
	.byte	5                       @ DW_AT_decl_file
	.short	856                     @ DW_AT_decl_line
	.byte	36                      @ DW_AT_data_member_location
	.byte	16                      @ Abbrev [16] 0x19b:0xd DW_TAG_member
	.long	.Linfo_string30         @ DW_AT_name
	.long	529                     @ DW_AT_type
	.byte	5                       @ DW_AT_decl_file
	.short	857                     @ DW_AT_decl_line
	.byte	40                      @ DW_AT_data_member_location
	.byte	16                      @ Abbrev [16] 0x1a8:0xd DW_TAG_member
	.long	.Linfo_string31         @ DW_AT_name
	.long	529                     @ DW_AT_type
	.byte	5                       @ DW_AT_decl_file
	.short	858                     @ DW_AT_decl_line
	.byte	44                      @ DW_AT_data_member_location
	.byte	16                      @ Abbrev [16] 0x1b5:0xd DW_TAG_member
	.long	.Linfo_string32         @ DW_AT_name
	.long	529                     @ DW_AT_type
	.byte	5                       @ DW_AT_decl_file
	.short	859                     @ DW_AT_decl_line
	.byte	48                      @ DW_AT_data_member_location
	.byte	16                      @ Abbrev [16] 0x1c2:0xd DW_TAG_member
	.long	.Linfo_string33         @ DW_AT_name
	.long	529                     @ DW_AT_type
	.byte	5                       @ DW_AT_decl_file
	.short	860                     @ DW_AT_decl_line
	.byte	52                      @ DW_AT_data_member_location
	.byte	16                      @ Abbrev [16] 0x1cf:0xd DW_TAG_member
	.long	.Linfo_string34         @ DW_AT_name
	.long	529                     @ DW_AT_type
	.byte	5                       @ DW_AT_decl_file
	.short	861                     @ DW_AT_decl_line
	.byte	56                      @ DW_AT_data_member_location
	.byte	16                      @ Abbrev [16] 0x1dc:0xd DW_TAG_member
	.long	.Linfo_string35         @ DW_AT_name
	.long	529                     @ DW_AT_type
	.byte	5                       @ DW_AT_decl_file
	.short	862                     @ DW_AT_decl_line
	.byte	60                      @ DW_AT_data_member_location
	.byte	16                      @ Abbrev [16] 0x1e9:0xd DW_TAG_member
	.long	.Linfo_string36         @ DW_AT_name
	.long	529                     @ DW_AT_type
	.byte	5                       @ DW_AT_decl_file
	.short	863                     @ DW_AT_decl_line
	.byte	64                      @ DW_AT_data_member_location
	.byte	16                      @ Abbrev [16] 0x1f6:0xd DW_TAG_member
	.long	.Linfo_string37         @ DW_AT_name
	.long	529                     @ DW_AT_type
	.byte	5                       @ DW_AT_decl_file
	.short	864                     @ DW_AT_decl_line
	.byte	68                      @ DW_AT_data_member_location
	.byte	16                      @ Abbrev [16] 0x203:0xd DW_TAG_member
	.long	.Linfo_string38         @ DW_AT_name
	.long	529                     @ DW_AT_type
	.byte	5                       @ DW_AT_decl_file
	.short	865                     @ DW_AT_decl_line
	.byte	72                      @ DW_AT_data_member_location
	.byte	0                       @ End Of Children Mark
	.byte	12                      @ Abbrev [12] 0x211:0x5 DW_TAG_volatile_type
	.long	213                     @ DW_AT_type
	.byte	17                      @ Abbrev [17] 0x216:0x42 DW_TAG_subprogram
	.long	.Lfunc_begin0           @ DW_AT_low_pc
	.long	.Lfunc_end0             @ DW_AT_high_pc
	.byte	1                       @ DW_AT_frame_base
	.byte	93
	.long	.Linfo_string40         @ DW_AT_name
	.byte	2                       @ DW_AT_decl_file
	.byte	167                     @ DW_AT_decl_line
	.byte	1                       @ DW_AT_prototyped
	.long	190                     @ DW_AT_type
	.byte	1                       @ DW_AT_external
	.byte	18                      @ Abbrev [18] 0x22d:0xe DW_TAG_formal_parameter
	.byte	2                       @ DW_AT_location
	.byte	145
	.byte	8
	.long	.Linfo_string52         @ DW_AT_name
	.byte	2                       @ DW_AT_decl_file
	.byte	167                     @ DW_AT_decl_line
	.long	190                     @ DW_AT_type
	.byte	18                      @ Abbrev [18] 0x23b:0xe DW_TAG_formal_parameter
	.byte	2                       @ DW_AT_location
	.byte	145
	.byte	4
	.long	.Linfo_string53         @ DW_AT_name
	.byte	2                       @ DW_AT_decl_file
	.byte	167                     @ DW_AT_decl_line
	.long	190                     @ DW_AT_type
	.byte	18                      @ Abbrev [18] 0x249:0xe DW_TAG_formal_parameter
	.byte	2                       @ DW_AT_location
	.byte	145
	.byte	0
	.long	.Linfo_string54         @ DW_AT_name
	.byte	2                       @ DW_AT_decl_file
	.byte	167                     @ DW_AT_decl_line
	.long	1040                    @ DW_AT_type
	.byte	0                       @ End Of Children Mark
	.byte	17                      @ Abbrev [17] 0x258:0x5e DW_TAG_subprogram
	.long	.Lfunc_begin1           @ DW_AT_low_pc
	.long	.Lfunc_end1             @ DW_AT_high_pc
	.byte	1                       @ DW_AT_frame_base
	.byte	93
	.long	.Linfo_string41         @ DW_AT_name
	.byte	2                       @ DW_AT_decl_file
	.byte	181                     @ DW_AT_decl_line
	.byte	1                       @ DW_AT_prototyped
	.long	213                     @ DW_AT_type
	.byte	1                       @ DW_AT_external
	.byte	18                      @ Abbrev [18] 0x26f:0xe DW_TAG_formal_parameter
	.byte	2                       @ DW_AT_location
	.byte	145
	.byte	24
	.long	.Linfo_string55         @ DW_AT_name
	.byte	2                       @ DW_AT_decl_file
	.byte	181                     @ DW_AT_decl_line
	.long	213                     @ DW_AT_type
	.byte	18                      @ Abbrev [18] 0x27d:0xe DW_TAG_formal_parameter
	.byte	2                       @ DW_AT_location
	.byte	145
	.byte	20
	.long	.Linfo_string56         @ DW_AT_name
	.byte	2                       @ DW_AT_decl_file
	.byte	181                     @ DW_AT_decl_line
	.long	213                     @ DW_AT_type
	.byte	18                      @ Abbrev [18] 0x28b:0xe DW_TAG_formal_parameter
	.byte	2                       @ DW_AT_location
	.byte	145
	.byte	16
	.long	.Linfo_string57         @ DW_AT_name
	.byte	2                       @ DW_AT_decl_file
	.byte	181                     @ DW_AT_decl_line
	.long	213                     @ DW_AT_type
	.byte	19                      @ Abbrev [19] 0x299:0xe DW_TAG_variable
	.byte	2                       @ DW_AT_location
	.byte	145
	.byte	12
	.long	.Linfo_string58         @ DW_AT_name
	.byte	2                       @ DW_AT_decl_file
	.byte	183                     @ DW_AT_decl_line
	.long	208                     @ DW_AT_type
	.byte	19                      @ Abbrev [19] 0x2a7:0xe DW_TAG_variable
	.byte	2                       @ DW_AT_location
	.byte	145
	.byte	8
	.long	.Linfo_string59         @ DW_AT_name
	.byte	2                       @ DW_AT_decl_file
	.byte	184                     @ DW_AT_decl_line
	.long	213                     @ DW_AT_type
	.byte	0                       @ End Of Children Mark
	.byte	20                      @ Abbrev [20] 0x2b6:0x21 DW_TAG_subprogram
	.long	.Lfunc_begin2           @ DW_AT_low_pc
	.long	.Lfunc_end2             @ DW_AT_high_pc
	.byte	1                       @ DW_AT_frame_base
	.byte	93
	.long	.Linfo_string42         @ DW_AT_name
	.byte	2                       @ DW_AT_decl_file
	.byte	94                      @ DW_AT_decl_line
	.byte	1                       @ DW_AT_prototyped
	.byte	18                      @ Abbrev [18] 0x2c8:0xe DW_TAG_formal_parameter
	.byte	2                       @ DW_AT_location
	.byte	145
	.byte	0
	.long	.Linfo_string60         @ DW_AT_name
	.byte	2                       @ DW_AT_decl_file
	.byte	94                      @ DW_AT_decl_line
	.long	208                     @ DW_AT_type
	.byte	0                       @ End Of Children Mark
	.byte	21                      @ Abbrev [21] 0x2d7:0x22 DW_TAG_subprogram
	.long	.Lfunc_begin3           @ DW_AT_low_pc
	.long	.Lfunc_end3             @ DW_AT_high_pc
	.byte	1                       @ DW_AT_frame_base
	.byte	93
	.long	.Linfo_string43         @ DW_AT_name
	.byte	2                       @ DW_AT_decl_file
	.byte	253                     @ DW_AT_decl_line
	.byte	1                       @ DW_AT_prototyped
	.byte	1                       @ DW_AT_external
	.byte	18                      @ Abbrev [18] 0x2ea:0xe DW_TAG_formal_parameter
	.byte	2                       @ DW_AT_location
	.byte	145
	.byte	0
	.long	.Linfo_string61         @ DW_AT_name
	.byte	2                       @ DW_AT_decl_file
	.byte	253                     @ DW_AT_decl_line
	.long	201                     @ DW_AT_type
	.byte	0                       @ End Of Children Mark
	.byte	22                      @ Abbrev [22] 0x2f9:0x24 DW_TAG_subprogram
	.long	.Lfunc_begin4           @ DW_AT_low_pc
	.long	.Lfunc_end4             @ DW_AT_high_pc
	.byte	1                       @ DW_AT_frame_base
	.byte	93
	.long	.Linfo_string44         @ DW_AT_name
	.byte	2                       @ DW_AT_decl_file
	.short	341                     @ DW_AT_decl_line
	.byte	1                       @ DW_AT_prototyped
	.byte	1                       @ DW_AT_external
	.byte	23                      @ Abbrev [23] 0x30d:0xf DW_TAG_formal_parameter
	.byte	2                       @ DW_AT_location
	.byte	145
	.byte	4
	.long	.Linfo_string61         @ DW_AT_name
	.byte	2                       @ DW_AT_decl_file
	.short	341                     @ DW_AT_decl_line
	.long	201                     @ DW_AT_type
	.byte	0                       @ End Of Children Mark
	.byte	24                      @ Abbrev [24] 0x31d:0x18 DW_TAG_subprogram
	.long	.Lfunc_begin5           @ DW_AT_low_pc
	.long	.Lfunc_end5             @ DW_AT_high_pc
	.byte	1                       @ DW_AT_frame_base
	.byte	93
	.long	.Linfo_string45         @ DW_AT_name
	.byte	2                       @ DW_AT_decl_file
	.short	388                     @ DW_AT_decl_line
	.byte	1                       @ DW_AT_prototyped
	.long	136                     @ DW_AT_type
	.byte	1                       @ DW_AT_external
	.byte	24                      @ Abbrev [24] 0x335:0x18 DW_TAG_subprogram
	.long	.Lfunc_begin6           @ DW_AT_low_pc
	.long	.Lfunc_end6             @ DW_AT_high_pc
	.byte	1                       @ DW_AT_frame_base
	.byte	93
	.long	.Linfo_string46         @ DW_AT_name
	.byte	2                       @ DW_AT_decl_file
	.short	463                     @ DW_AT_decl_line
	.byte	1                       @ DW_AT_prototyped
	.long	201                     @ DW_AT_type
	.byte	1                       @ DW_AT_external
	.byte	24                      @ Abbrev [24] 0x34d:0x18 DW_TAG_subprogram
	.long	.Lfunc_begin7           @ DW_AT_low_pc
	.long	.Lfunc_end7             @ DW_AT_high_pc
	.byte	1                       @ DW_AT_frame_base
	.byte	93
	.long	.Linfo_string47         @ DW_AT_name
	.byte	2                       @ DW_AT_decl_file
	.short	479                     @ DW_AT_decl_line
	.byte	1                       @ DW_AT_prototyped
	.long	201                     @ DW_AT_type
	.byte	1                       @ DW_AT_external
	.byte	22                      @ Abbrev [22] 0x365:0x24 DW_TAG_subprogram
	.long	.Lfunc_begin8           @ DW_AT_low_pc
	.long	.Lfunc_end8             @ DW_AT_high_pc
	.byte	1                       @ DW_AT_frame_base
	.byte	93
	.long	.Linfo_string48         @ DW_AT_name
	.byte	2                       @ DW_AT_decl_file
	.short	494                     @ DW_AT_decl_line
	.byte	1                       @ DW_AT_prototyped
	.byte	1                       @ DW_AT_external
	.byte	23                      @ Abbrev [23] 0x379:0xf DW_TAG_formal_parameter
	.byte	2                       @ DW_AT_location
	.byte	145
	.byte	4
	.long	.Linfo_string61         @ DW_AT_name
	.byte	2                       @ DW_AT_decl_file
	.short	494                     @ DW_AT_decl_line
	.long	201                     @ DW_AT_type
	.byte	0                       @ End Of Children Mark
	.byte	25                      @ Abbrev [25] 0x389:0x37 DW_TAG_subprogram
	.long	.Lfunc_begin9           @ DW_AT_low_pc
	.long	.Lfunc_end9             @ DW_AT_high_pc
	.byte	1                       @ DW_AT_frame_base
	.byte	93
	.long	.Linfo_string49         @ DW_AT_name
	.byte	2                       @ DW_AT_decl_file
	.short	518                     @ DW_AT_decl_line
	.byte	1                       @ DW_AT_prototyped
	.long	201                     @ DW_AT_type
	.byte	1                       @ DW_AT_external
	.byte	23                      @ Abbrev [23] 0x3a1:0xf DW_TAG_formal_parameter
	.byte	2                       @ DW_AT_location
	.byte	145
	.byte	4
	.long	.Linfo_string61         @ DW_AT_name
	.byte	2                       @ DW_AT_decl_file
	.short	518                     @ DW_AT_decl_line
	.long	201                     @ DW_AT_type
	.byte	23                      @ Abbrev [23] 0x3b0:0xf DW_TAG_formal_parameter
	.byte	2                       @ DW_AT_location
	.byte	145
	.byte	0
	.long	.Linfo_string62         @ DW_AT_name
	.byte	2                       @ DW_AT_decl_file
	.short	518                     @ DW_AT_decl_line
	.long	1045                    @ DW_AT_type
	.byte	0                       @ End Of Children Mark
	.byte	25                      @ Abbrev [25] 0x3c0:0x28 DW_TAG_subprogram
	.long	.Lfunc_begin10          @ DW_AT_low_pc
	.long	.Lfunc_end10            @ DW_AT_high_pc
	.byte	1                       @ DW_AT_frame_base
	.byte	93
	.long	.Linfo_string50         @ DW_AT_name
	.byte	2                       @ DW_AT_decl_file
	.short	573                     @ DW_AT_decl_line
	.byte	1                       @ DW_AT_prototyped
	.long	201                     @ DW_AT_type
	.byte	1                       @ DW_AT_external
	.byte	23                      @ Abbrev [23] 0x3d8:0xf DW_TAG_formal_parameter
	.byte	2                       @ DW_AT_location
	.byte	145
	.byte	4
	.long	.Linfo_string62         @ DW_AT_name
	.byte	2                       @ DW_AT_decl_file
	.short	573                     @ DW_AT_decl_line
	.long	1045                    @ DW_AT_type
	.byte	0                       @ End Of Children Mark
	.byte	25                      @ Abbrev [25] 0x3e8:0x28 DW_TAG_subprogram
	.long	.Lfunc_begin11          @ DW_AT_low_pc
	.long	.Lfunc_end11            @ DW_AT_high_pc
	.byte	1                       @ DW_AT_frame_base
	.byte	93
	.long	.Linfo_string51         @ DW_AT_name
	.byte	2                       @ DW_AT_decl_file
	.short	593                     @ DW_AT_decl_line
	.byte	1                       @ DW_AT_prototyped
	.long	201                     @ DW_AT_type
	.byte	1                       @ DW_AT_external
	.byte	23                      @ Abbrev [23] 0x400:0xf DW_TAG_formal_parameter
	.byte	2                       @ DW_AT_location
	.byte	145
	.byte	0
	.long	.Linfo_string62         @ DW_AT_name
	.byte	2                       @ DW_AT_decl_file
	.short	593                     @ DW_AT_decl_line
	.long	1045                    @ DW_AT_type
	.byte	0                       @ End Of Children Mark
	.byte	13                      @ Abbrev [13] 0x410:0x5 DW_TAG_pointer_type
	.long	190                     @ DW_AT_type
	.byte	13                      @ Abbrev [13] 0x415:0x5 DW_TAG_pointer_type
	.long	56                      @ DW_AT_type
	.byte	0                       @ End Of Children Mark
.Ldebug_info_end0:
	.ident	"Component: ARM Compiler 6.14 Tool: armclang [5db06c00]"
	.section	".note.GNU-stack","",%progbits
	.eabi_attribute	30, 6	@ Tag_ABI_optimization_goals
	.ARM_attribute	16, 1	@ Tag_AV_eba
	.section	.debug_line,"",%progbits
.Lline_table_start0:
